 n

 Timestamp is 5242ba63 (Wed Sep 25 18:26:43 2013)

 Preferred load address is 00400000

 Start         Length     Name                   Class
 0001:00000000 0005d5aeH .text                   CODE
 0001:0005d5ae 00000f39H .text$AFX_AUX           CODE
 0001:0005e4e7 00000bb4H .text$AFX_CMNCTL        CODE
 0001:0005f09b 000007deH .text$AFX_COL1          CODE
 0001:0005f879 000004c7H .text$AFX_COL2          CODE
 0001:0005fd40 00006303H .text$AFX_CORE1         CODE
 0001:00066043 0000169eH .text$AFX_CORE2         CODE
 0001:000676e1 000008edH .text$AFX_CORE3         CODE
 0001:00067fce 00000e0cH .text$AFX_CORE4         CODE
 0001:00068dda 00000000H .text$AFX_INET          CODE
 0001:00068dda 00001b4aH .text$AFX_INIT          CODE
 0001:0006a924 00000000H .text$AFX_OLE1          CODE
 0001:0006a924 00000000H .text$AFX_OLE5          CODE
 0001:0006a924 00000000H .text$AFX_PRNT          CODE
 0001:0006a924 0000015eH .text$AFX_TERM          CODE
 0001:0006aa90 0000406eH .text$x                 CODE
 0002:00000000 000006d8H .idata$5                DATA
 0002:000006e0 00008e9eH .rdata                  DATA
 0002:00009580 00001564H .rdata$r                DATA
 0002:0000aae8 00005ac8H .xdata$x                DATA
 0002:000105b0 00000104H .idata$2                DATA
 0002:000106b4 00000014H .idata$3                DATA
 0002:000106c8 000006d8H .idata$4                DATA
 0002:00010da0 00001bd8H .idata$6                DATA
 0002:00012978 00000000H .edata                  DATA
 0003:00000000 00000004H .CRT$XCA                DATA
 0003:00000004 0000002cH .CRT$XCC                DATA
 0003:00000030 00000018H .CRT$XCL                DATA
 0003:00000048 00000070H .CRT$XCU                DATA
 0003:000000b8 00000004H .CRT$XCZ                DATA
 0003:000000bc 00000004H .CRT$XIA                DATA
 0003:000000c0 0000000cH .CRT$XIC                DATA
 0003:000000cc 00000004H .CRT$XIY                DATA
 0003:000000d0 00000004H .CRT$XIZ                DATA
 0003:000000d4 00000004H .CRT$XPA                DATA
 0003:000000d8 00000008H .CRT$XPX                DATA
 0003:000000e0 00000004H .CRT$XPZ                DATA
 0003:000000e4 00000004H .CRT$XTA                DATA
 0003:000000e8 00000004H .CRT$XTB                DATA
 0003:000000ec 00000004H .CRT$XTZ                DATA
 0003:000000f0 0000e23cH .data                   DATA
 0003:0000e330 0001c41aH .bss                    DATA
 0004:00000000 00000bc4H .rsrc$01                DATA
 0004:00000bd0 00004b38H .rsrc$02                DATA

  Address         Publics by Value              Rva+Base     Lib:Object

 0001:00000000       _odbcdb_GetProcAddress     00401000 f   n.obj
 0001:00000000       _com_LoadLibrary           00401000 f   n.obj
 0001:00000000       _ocx_LoadLibrary           00401000 f   n.obj
 0001:00000000       _com_GetProcAddress        00401000 f   n.obj
 0001:00000000       _cominf_LoadLibrary        00401000 f   n.obj
 0001:00000000       _ocx_GetProcAddress        00401000 f   n.obj
 0001:00000000       _mp3_GetProcAddress        00401000 f   n.obj
 0001:00000000       _cominf_GetProcAddress     00401000 f   n.obj
 0001:00000000       _mp3_LoadLibrary           00401000 f   n.obj
 0001:00000000       _odbcdb_LoadLibrary        00401000 f   n.obj
 0001:00000002       _cominf_FreeLibrary        00401002 f   n.obj
 0001:00000002       _odbcdb_FreeLibrary        00401002 f   n.obj
 0001:00000002       _mp3_FreeLibrary           00401002 f   n.obj
 0001:00000002       _com_FreeLibrary           00401002 f   n.obj
 0001:00000002       _ocx_FreeLibrary           00401002 f   n.obj
 0001:00001518       _EStartup                  00402518 f   n.obj
 0001:000015a0       ?RunBitOper@@YAXHPAUMDATA_INF@@H0@Z 004025a0 f   krnln_static:Libfn.obj
 0001:000015f0       _krnln_fnBAnd              004025f0 f   krnln_static:Libfn.obj
 0001:00001610       _krnln_fnBOr               00402610 f   krnln_static:Libfn.obj
 0001:00001630       _krnln_fnGetHWnd           00402630 f   krnln_static:Libfn.obj
 0001:00001660       _krnln_fnLen               00402660 f   krnln_static:Libfn.obj
 0001:00001680       ??_GCFreqMem@@UAEPAXI@Z    00402680 f i krnln_static:Libfn.obj
 0001:00001680       ??_ECFreqMem@@UAEPAXI@Z    00402680 f i krnln_static:Libfn.obj
 0001:000016b0       ??_ECMyDWordArray@@UAEPAXI@Z 004026b0 f i krnln_static:Libfn.obj
 0001:000016b0       ??_GCMyDWordArray@@UAEPAXI@Z 004026b0 f i krnln_static:Libfn.obj
 0001:000016d0       ??1CFreqMem@@UAE@XZ        004026d0 f i krnln_static:Libfn.obj
 0001:000016d0       ??1CMyDWordArray@@UAE@XZ   004026d0 f i krnln_static:Libfn.obj
 0001:000016e0       _krnln_fnLeft              004026e0 f   krnln_static:Libfn.obj
 0001:00001720       _krnln_fnRight             00402720 f   krnln_static:Libfn.obj
 0001:00001770       ?SearchText@@YAXPAUMDATA_INF@@H0H@Z 00402770 f   krnln_static:Libfn.obj
 0001:000018d0       _krnln_fnInStr             004028d0 f   krnln_static:Libfn.obj
 0001:000018f0       _krnln_fnInStrRev          004028f0 f   krnln_static:Libfn.obj
 0001:00001910       _krnln_fnRpSubText         00402910 f   krnln_static:Libfn.obj
 0001:00001b00       _krnln_fnSplit             00402b00 f   krnln_static:Libfn.obj
 0001:00001c90       ?NumToStr@@YAXPAUMDATA_INF@@PAD@Z 00402c90 f   krnln_static:Libfn.obj
 0001:00001d40       _krnln_fnCurDir            00402d40 f   krnln_static:Libfn.obj
 0001:00001d80       _krnln_fnMkDir             00402d80 f   krnln_static:Libfn.obj
 0001:00001da0       _krnln_fnGetAttr           00402da0 f   krnln_static:Libfn.obj
 0001:00001dd0       _krnln_fnWriteFile         00402dd0 f   krnln_static:Libfn.obj
 0001:00001eb0       iext_??1AFX_EXCEPTION_LINK@@QAE@XZ 00402eb0 f i krnln_static:Libfn.obj
 0001:00001eb0       edroptarget_??1AFX_EXCEPTION_LINK@@QAE@XZ 00402eb0 f i krnln_static:Libfn.obj
 0001:00001eb0       ??1AFX_EXCEPTION_LINK@@QAE@XZ 00402eb0 f i krnln_static:Libfn.obj
 0001:00001ec0       _krnln_fnMsgBox            00402ec0 f   krnln_static:Libfn.obj
 0001:00001ff0       ?GetCursorDataPtr@CWinUnitIDManger@@QAEPAEPAE@Z 00402ff0 f i krnln_static:Libfn.obj
 0001:00002020       ?RunPopupMenu@@YAXPAUMDATA_INF@@H0H@Z 00403020 f   krnln_static:Libfn.obj
 0001:00002280       _krnln_fnPopupMenu         00403280 f   krnln_static:Libfn.obj
 0001:000022a0       _krnln_fnOpenDlg           004032a0 f   krnln_static:Libfn.obj
 0001:000022c0       ??_ECGdiObject@@UAEPAXI@Z  004032c0 f i krnln_static:Libfn.obj
 0001:000022c0       ??_GCGdiObject@@UAEPAXI@Z  004032c0 f i krnln_static:Libfn.obj
 0001:000022e0       ??1CGdiObject@@UAE@XZ      004032e0 f i krnln_static:Libfn.obj
 0001:00002320       ??1CBrush@@UAE@XZ          00403320 f i krnln_static:Libfn.obj
 0001:00002360       ??1CJBPic@@UAE@XZ          00403360 f i krnln_static:Libfn.obj
 0001:000023c0       ??_ECJBPic@@UAEPAXI@Z      004033c0 f i krnln_static:Libfn.obj
 0001:000023c0       ??_GCJBPic@@UAEPAXI@Z      004033c0 f i krnln_static:Libfn.obj
 0001:000023e0       _krnln_fnpbin              004033e0 f   krnln_static:Libfn.obj
 0001:00002440       ??1?$CThreadLocal@VCMDBState@@@@QAE@XZ 00403440 f i krnln_static:Libfn.obj
 0001:00002440       ??1?$CThreadLocal@VCMComState@@@@QAE@XZ 00403440 f i krnln_static:Libfn.obj
 0001:00002450       ?SetFilePath@CFile@@UAEXPBD@Z 00403450 f i krnln_static:Libfn.obj
 0001:00002460       ??_GCCryptFile@@UAEPAXI@Z  00403460 f i krnln_static:Libfn.obj
 0001:00002460       ??_ECCryptFile@@UAEPAXI@Z  00403460 f i krnln_static:Libfn.obj
 0001:00002480       ??1CCryptFile@@UAE@XZ      00403480 f i krnln_static:Libfn.obj
 0001:00002490       ??0CFreqMem@@QAE@XZ        00403490 f   krnln_static:krnl2.obj
 0001:000024b0       ?Alloc@CFreqMem@@QAEPAEH@Z 004034b0 f   krnln_static:krnl2.obj
 0001:00002580       ?Realloc@CFreqMem@@QAEPAEH@Z 00403580 f   krnln_static:krnl2.obj
 0001:00002690       ?Free@CFreqMem@@QAEXXZ     00403690 f   krnln_static:krnl2.obj
 0001:000026b0       ?_Free@CFreqMem@@IAEXPAE@Z 004036b0 f   krnln_static:krnl2.obj
 0001:00002720       ?AddBool@CFreqMem@@QAEXH@Z 00403720 f   krnln_static:krnl2.obj
 0001:00002720       ?AddDWord@CFreqMem@@QAEXK@Z 00403720 f   krnln_static:krnl2.obj
 0001:00002720       ?AddInt@CFreqMem@@QAEXH@Z  00403720 f   krnln_static:krnl2.obj
 0001:00002760       ?AddWord@CFreqMem@@QAEXG@Z 00403760 f   krnln_static:krnl2.obj
 0001:000027a0       ?AddByte@CFreqMem@@QAEXE@Z 004037a0 f   krnln_static:krnl2.obj
 0001:000027d0       ?XchgMem@CFreqMem@@QAEXAAV1@@Z 004037d0 f   krnln_static:krnl2.obj
 0001:00002810       ?Serialize@CFreqMem@@QAEXAAVCArchive@@@Z 00403810 f   krnln_static:krnl2.obj
 0001:000028c0       ?ReadFile@CFreqMem@@QAEHAAVCString@@H@Z 004038c0 f   krnln_static:krnl2.obj
 0001:00002a10       ?WriteFile@CFreqMem@@QAEHAAVCString@@HH@Z 00403a10 f   krnln_static:krnl2.obj
 0001:00002b20       ?Insert@CFreqMem@@QAEHHPAEH@Z 00403b20 f   krnln_static:krnl2.obj
 0001:00002bc0       ?Append@CFreqMem@@QAEHPAEH@Z 00403bc0 f   krnln_static:krnl2.obj
 0001:00002c20       ?Replace@CFreqMem@@QAEHHHPAEH@Z 00403c20 f   krnln_static:krnl2.obj
 0001:00002d40       ?Remove@CFreqMem@@QAEHHH@Z 00403d40 f   krnln_static:krnl2.obj
 0001:00002df0       ?FindInt@@YAHPAHHH@Z       00403df0 f   krnln_static:krnl2.obj
 0001:00002e10       ?IsEmptyStr@@YAHPAD@Z      00403e10 f   krnln_static:krnl2.obj
 0001:00002e30       ?MoveMem@@YAXPAE0K@Z       00403e30 f   krnln_static:krnl2.obj
 0001:00002e30       iext_?MoveMem@@YAXPAE0K@Z  00403e30 f   krnln_static:krnl2.obj
 0001:00002e90       iext_?tcsallbytes@@YAHPAD@Z 00403e90 f   krnln_static:krnl2.obj
 0001:00002e90       ?tcsallbytes@@YAHPAD@Z     00403e90 f   krnln_static:krnl2.obj
 0001:00002eb0       ?tcsbytes@@YAHPAD@Z        00403eb0 f   krnln_static:krnl2.obj
 0001:00002ed0       ?FindDWord@@YAHPAKHK@Z     00403ed0 f   krnln_static:krnl2.obj
 0001:00002f20       ?SaveData@CPropertyInfo@@QAEPAXPAH@Z 00403f20 f   krnln_static:krnl2.obj
 0001:00003040       ?LoadData@CPropertyInfo@@QAEHPAEH@Z 00404040 f   krnln_static:krnl2.obj
 0001:00003130       ?GetWndPtr@@YAPAVCWnd@@PAUMDATA_INF@@@Z 00404130 f   krnln_static:krnl2.obj
 0001:00003150       ?MyCreateFont@@YAHAAVCFont@@PAUtagLOGFONTA@@@Z 00404150 f   krnln_static:krnl2.obj
 0001:00003150       iext_?MyCreateFont@@YAHAAVCFont@@PAUtagLOGFONTA@@@Z 00404150 f   krnln_static:krnl2.obj
 0001:000031b0       ?SerializeCString@@YAXAAVCString@@AAVCArchive@@@Z 004041b0 f   krnln_static:krnl2.obj
 0001:00003250       ?SetStr@@YAXAAVCString@@PAD@Z 00404250 f   krnln_static:krnl2.obj
 0001:00003270       ?ChangeFontProperty@@YAXPAVCWnd@@AAVCFont@@AAVCFreqMem@@PATUNIT_PROPERTY_VALUE@@@Z 00404270 f   krnln_static:krnl2.obj
 0001:00003310       ?FindDataSource@@YAPAVCMDataSource@@KPAVCProvider@@@Z 00404310 f   krnln_static:krnl2.obj
 0001:000033b0       ?FindDataSource@@YAPAVCMDataSource@@KPADPAPAUHWND__@@@Z 004043b0 f   krnln_static:krnl2.obj
 0001:00003490       ?FindProvider@@YAPAVCProvider@@KPAD@Z 00404490 f   krnln_static:krnl2.obj
 0001:00003550       ??6CArchive@@QAEAAV0@K@Z   00404550 f i krnln_static:krnl2.obj
 0001:00003550       ??6CArchive@@QAEAAV0@J@Z   00404550 f i krnln_static:krnl2.obj
 0001:00003550       iext_??6CArchive@@QAEAAV0@J@Z 00404550 f i krnln_static:krnl2.obj
 0001:00003580       iext_?Serialize@CPropertyInfo@@UAEHAAVCArchive@@@Z 00404580 f i krnln_static:krnl2.obj
 0001:00003580       ?Serialize@CPropertyInfo@@UAEHAAVCArchive@@@Z 00404580 f i krnln_static:krnl2.obj
 0001:000035a0       ?OnDeltapos@CSpin@@IAEXPAUtagNMHDR@@PAJ@Z 004045a0 f   krnln_static:krnl2.obj
 0001:000037b0       ?CtlColor@CSpin@@IAEPAUHBRUSH__@@PAVCDC@@I@Z 004047b0 f   krnln_static:krnl2.obj
 0001:000037d0       ??_ECBrush@@UAEPAXI@Z      004047d0 f i krnln_static:krnl2.obj
 0001:000037d0       ??_GCBrush@@UAEPAXI@Z      004047d0 f i krnln_static:krnl2.obj
 0001:000037f0       ??_GCFont@@UAEPAXI@Z       004047f0 f i krnln_static:krnl2.obj
 0001:000037f0       ??_ECFont@@UAEPAXI@Z       004047f0 f i krnln_static:krnl2.obj
 0001:00003810       ??1CFont@@UAE@XZ           00404810 f i krnln_static:krnl2.obj
 0001:00003850       ??_ECEdit@@UAEPAXI@Z       00404850 f i krnln_static:krnl2.obj
 0001:00003850       ??_GCEdit@@UAEPAXI@Z       00404850 f i krnln_static:krnl2.obj
 0001:00003870       ?OnInit@CUEdit@@QAEJIJ@Z   00404870 f   krnln_static:krnl2.obj
 0001:000038d0       ?OnEraseBkgnd@CUEdit@@QAEHPAVCDC@@@Z 004048d0 f   krnln_static:krnl2.obj
 0001:00003930       ?OnMyNcPaint@CUEdit@@QAEJIJ@Z 00404930 f   krnln_static:krnl2.obj
 0001:00003a40       ?OnNcHitTest@CUEdit@@QAEIVCPoint@@@Z 00404a40 f   krnln_static:krnl2.obj
 0001:00003aa0       ?OnNcCalcSize@CUEdit@@QAEXHPAUtagNCCALCSIZE_PARAMS@@@Z 00404aa0 f   krnln_static:krnl2.obj
 0001:00003b80       ?OnDestroy@CUEdit@@QAEXXZ  00404b80 f   krnln_static:krnl2.obj
 0001:00003ba0       ?OnGetDSWnd@CUEdit@@QAEJIJ@Z 00404ba0 f   krnln_static:krnl2.obj
 0001:00003bd0       ?SetDataSourceUnit@CUEdit@@QAEXXZ 00404bd0 f   krnln_static:krnl2.obj
 0001:00003c10       ?RefrushState@CUEdit@@QAEXXZ 00404c10 f   krnln_static:krnl2.obj
 0001:00003c60       ?RefrushFromDataSource@CUEdit@@QAEXXZ 00404c60 f   krnln_static:krnl2.obj
 0001:00003d30       ?OnChange@CUEdit@@QAEXXZ   00404d30 f   krnln_static:krnl2.obj
 0001:00003d80       ?OnWindowPosChanged@CUEdit@@QAEXPAUtagWINDOWPOS@@@Z 00404d80 f   krnln_static:krnl2.obj
 0001:00003dd0       ?CtlColor@CUEdit@@QAEPAUHBRUSH__@@PAVCDC@@I@Z 00404dd0 f   krnln_static:krnl2.obj
 0001:00003e10       ?OnChar@CUEdit@@QAEXIII@Z  00404e10 f   krnln_static:krnl2.obj
 0001:00003e70       ?GetConvertContext@CUEdit@@QAEHAAVCString@@@Z 00404e70 f   krnln_static:krnl2.obj
 0001:000040f0       ?OnKillfocus@CUEdit@@QAEXXZ 004050f0 f   krnln_static:krnl2.obj
 0001:000041d0       ?OnSetfocus@CUEdit@@QAEXXZ 004051d0 f   krnln_static:krnl2.obj
 0001:00004220       ?OnShowWindow@CUEdit@@QAEXHI@Z 00405220 f   krnln_static:krnl2.obj
 0001:00004260       ?OnSize@CUEdit@@QAEXIHH@Z  00405260 f   krnln_static:krnl2.obj
 0001:00004280       ?OnMove@CUEdit@@QAEXHH@Z   00405280 f   krnln_static:krnl2.obj
 0001:000042a0       ?OnEnable@CUEdit@@QAEXH@Z  004052a0 f   krnln_static:krnl2.obj
 0001:000042d0       ?AdjustSpinPos@CUEdit@@QAEXXZ 004052d0 f   krnln_static:krnl2.obj
 0001:00004390       ?OnCtlColor@CWinFormUnit@@IAEPAUHBRUSH__@@PAVCDC@@PAVCWnd@@I@Z 00405390 f   krnln_static:krnl2.obj
 0001:00004390       ?OnCtlColor@CUTab@@IAEPAUHBRUSH__@@PAVCDC@@PAVCWnd@@I@Z 00405390 f   krnln_static:krnl2.obj
 0001:00004390       ?OnCtlColor@CUPicBox@@IAEPAUHBRUSH__@@PAVCDC@@PAVCWnd@@I@Z 00405390 f   krnln_static:krnl2.obj
 0001:00004390       ?OnCtlColor@CUGroupBox@@IAEPAUHBRUSH__@@PAVCDC@@PAVCWnd@@I@Z 00405390 f   krnln_static:krnl2.obj
 0001:00004390       ?OnCtlColor@CUDrawPanel@@IAEPAUHBRUSH__@@PAVCDC@@PAVCWnd@@I@Z 00405390 f   krnln_static:krnl2.obj
 0001:00004390       ?OnCtlColor@CUShapeBox@@IAEPAUHBRUSH__@@PAVCDC@@PAVCWnd@@I@Z 00405390 f   krnln_static:krnl2.obj
 0001:00004390       ?OnCtlColor@CUErrorControl@@IAEPAUHBRUSH__@@PAVCDC@@PAVCWnd@@I@Z 00405390 f   krnln_static:krnl2.obj
 0001:00004410       ?OnInit2@CUTab@@IAEJIJ@Z   00405410 f   krnln_static:krnl2.obj
 0001:00004420       ?OnPaint@CUTab@@IAEXXZ     00405420 f   krnln_static:krnl2.obj
 0001:00004510       ?GetCurTab@CUTab@@QAEHXZ   00405510 f   krnln_static:krnl2.obj
 0001:00004540       ?OnClick@CUTab@@IAEXPAUtagNMHDR@@PAJ@Z 00405540 f   krnln_static:krnl2.obj
 0001:00004590       ?OnSelchanging@CUTab@@IAEXPAUtagNMHDR@@PAJ@Z 00405590 f   krnln_static:krnl2.obj
 0001:00004610       ?ChkCurChildTab@CUTab@@QAEXXZ 00405610 f   krnln_static:krnl2.obj
 0001:000046c0       ?OnSelchange@CUTab@@IAEXPAUtagNMHDR@@PAJ@Z 004056c0 f   krnln_static:krnl2.obj
 0001:00004750       ?OnInit@CULabel@@IAEJIJ@Z  00405750 f   krnln_static:krnl2.obj
 0001:000047b0       ?OnDllMsg@CULabel@@IAEJIJ@Z 004057b0 f   krnln_static:krnl2.obj
 0001:00004830       ?OnGetDSWnd@CULabel@@IAEJIJ@Z 00405830 f   krnln_static:krnl2.obj
 0001:00004860       ?SetDataSourceUnit@CULabel@@QAEXXZ 00405860 f   krnln_static:krnl2.obj
 0001:00004890       ?RefrushFromDataSource@CULabel@@QAEXXZ 00405890 f   krnln_static:krnl2.obj
 0001:00004950       ?DrawUnitPic@@YAXHPAVCDC@@PAUPIC_INFO@@ABVCRect@@2PAVCRgn@@@Z 00405950 f   krnln_static:krnl2.obj
 0001:00004ca0       ??_GCRgn@@UAEPAXI@Z        00405ca0 f i krnln_static:krnl2.obj
 0001:00004ca0       ??_ECRgn@@UAEPAXI@Z        00405ca0 f i krnln_static:krnl2.obj
 0001:00004cc0       ??1CRgn@@UAE@XZ            00405cc0 f i krnln_static:krnl2.obj
 0001:00004d00       ?OnPaint@CULabel@@IAEXXZ   00405d00 f   krnln_static:krnl2.obj
 0001:00005300       ??1CPicWnd@@UAE@XZ         00406300 f i krnln_static:krnl2.obj
 0001:000053b0       ??_GCPicWnd@@UAEPAXI@Z     004063b0 f i krnln_static:krnl2.obj
 0001:000053b0       ??_ECPicWnd@@UAEPAXI@Z     004063b0 f i krnln_static:krnl2.obj
 0001:000053d0       ?OnInit@CUPicBox@@IAEJIJ@Z 004063d0 f   krnln_static:krnl2.obj
 0001:00005430       ?OnDestroy@CUPicBox@@IAEXXZ 00406430 f   krnln_static:krnl2.obj
 0001:00005450       ?OnGetDSWnd@CUPicBox@@IAEJIJ@Z 00406450 f   krnln_static:krnl2.obj
 0001:00005480       ?SetDataSourceUnit@CUPicBox@@QAEXXZ 00406480 f   krnln_static:krnl2.obj
 0001:000054b0       ?RefrushFromDataSource@CUPicBox@@QAEXXZ 004064b0 f   krnln_static:krnl2.obj
 0001:000055e0       ?OnPaint@CUShapeBox@@IAEXXZ 004065e0 f   krnln_static:krnl2.obj
 0001:00005ad0       ??_GCPen@@UAEPAXI@Z        00406ad0 f i krnln_static:krnl2.obj
 0001:00005ad0       ??_ECPen@@UAEPAXI@Z        00406ad0 f i krnln_static:krnl2.obj
 0001:00005af0       ??1CPen@@UAE@XZ            00406af0 f i krnln_static:krnl2.obj
 0001:00005b30       ??_ECButton@@UAEPAXI@Z     00406b30 f i krnln_static:krnl2.obj
 0001:00005b30       ??_GCButton@@UAEPAXI@Z     00406b30 f i krnln_static:krnl2.obj
 0001:00005b50       ?CtlColor@CUGroupBox@@IAEPAUHBRUSH__@@PAVCDC@@I@Z 00406b50 f   krnln_static:krnl2.obj
 0001:00005b90       ?OnEraseBkgnd@CUGroupBox@@IAEHPAVCDC@@@Z 00406b90 f   krnln_static:krnl2.obj
 0001:00005be0       ?init@CPIButton@@UAEXXZ    00406be0 f   krnln_static:krnl2.obj
 0001:00005c20       ?Serialize@CPIButton@@UAEHAAVCArchive@@@Z 00406c20 f   krnln_static:krnl2.obj
 0001:00005e30       ?Create_Button@@YGKPAEHKPAUHWND__@@IPAUHMENU__@@HHHHKK1H@Z 00406e30 f   krnln_static:krnl2.obj
 0001:00006090       ?NotifyPropertyChanged_Button@@YGHKHPATUNIT_PROPERTY_VALUE@@PAPAD@Z 00407090 f   krnln_static:krnl2.obj
 0001:00006240       ?GetPropertyData_Button@@YGHKHPATUNIT_PROPERTY_VALUE@@@Z 00407240 f   krnln_static:krnl2.obj
 0001:00006320       ?IsDefaultBtn_Button@@YGHK@Z 00407320 f   krnln_static:krnl2.obj
 0001:00006340       ?LangCnvButton@@YGPAXPAEPAHP6GXPADKH@ZH@Z 00407340 f   krnln_static:krnl2.obj
 0001:00006430       ??1CPIButton@@QAE@XZ       00407430 f i krnln_static:krnl2.obj
 0001:000064a0       _krnln_GetInterface_Button@4 004074a0 f   krnln_static:krnl2.obj
 0001:00006500       ??0CUButton@@QAE@XZ        00407500 f   krnln_static:krnl2.obj
 0001:00006580       ??_ECUButton@@UAEPAXI@Z    00407580 f i krnln_static:krnl2.obj
 0001:00006580       ??_GCUButton@@UAEPAXI@Z    00407580 f i krnln_static:krnl2.obj
 0001:000065a0       ??1CUButton@@UAE@XZ        004075a0 f   krnln_static:krnl2.obj
 0001:000066a0       ?GetMessageMap@CUButton@@MBEPBUAFX_MSGMAP@@XZ 004076a0 f   krnln_static:krnl2.obj
 0001:000066b0       ?OnClicked@CUButton@@IAEXXZ 004076b0 f   krnln_static:krnl2.obj
 0001:000066f0       ?PostNcDestroy@CUButton@@MAEXXZ 004076f0 f   krnln_static:krnl2.obj
 0001:00006720       ?OnKillFocus@CUButton@@IAEXPAVCWnd@@@Z 00407720 f   krnln_static:krnl2.obj
 0001:00006770       ?OnSetFocus@CUButton@@IAEXPAVCWnd@@@Z 00407770 f   krnln_static:krnl2.obj
 0001:000067c0       ?HScroll@CUHScrollBar@@IAEXII@Z 004077c0 f   krnln_static:krnl2.obj
 0001:000068c0       ?VScroll@CUVScrollBar@@IAEXII@Z 004078c0 f   krnln_static:krnl2.obj
 0001:000069c0       ?OnKillFocus@CUVScrollBar@@IAEXPAVCWnd@@@Z 004079c0 f   krnln_static:krnl2.obj
 0001:000069c0       ?OnKillFocus@CUHScrollBar@@IAEXPAVCWnd@@@Z 004079c0 f   krnln_static:krnl2.obj
 0001:00006a10       ?OnSetFocus@CUHScrollBar@@IAEXPAVCWnd@@@Z 00407a10 f   krnln_static:krnl2.obj
 0001:00006a10       ?OnSetFocus@CUVScrollBar@@IAEXPAVCWnd@@@Z 00407a10 f   krnln_static:krnl2.obj
 0001:00006a60       ?HScroll@CUSliderBar@@IAEXII@Z 00407a60 f   krnln_static:krnl2.obj
 0001:00006a60       ?VScroll@CUSliderBar@@IAEXII@Z 00407a60 f   krnln_static:krnl2.obj
 0001:00006ac0       ?OnKillFocus@CUSliderBar@@IAEXPAVCWnd@@@Z 00407ac0 f   krnln_static:krnl2.obj
 0001:00006b10       ?OnSetFocus@CUSliderBar@@IAEXPAVCWnd@@@Z 00407b10 f   krnln_static:krnl2.obj
 0001:00006b60       ?OnPaint@CUAnimate@@IAEXXZ 00407b60 f   krnln_static:krnl2.obj
 0001:00006b80       ?OnInit@CUDateTimePicker@@IAEJIJ@Z 00407b80 f   krnln_static:krnl2.obj
 0001:00006be0       ?OnDestroy@CUDateTimePicker@@IAEXXZ 00407be0 f   krnln_static:krnl2.obj
 0001:00006c00       ?OnGetDSWnd@CUDateTimePicker@@IAEJIJ@Z 00407c00 f   krnln_static:krnl2.obj
 0001:00006c30       ?SetDataSourceUnit@CUDateTimePicker@@QAEXXZ 00407c30 f   krnln_static:krnl2.obj
 0001:00006c70       ?RefrushState@CUDateTimePicker@@QAEXXZ 00407c70 f   krnln_static:krnl2.obj
 0001:00006cb0       ?RefrushFromDataSource@CUDateTimePicker@@QAEXXZ 00407cb0 f   krnln_static:krnl2.obj
 0001:00006d90       ?OnMyDateTimeChange@CUDateTimePicker@@IAEJIJ@Z 00407d90 f   krnln_static:krnl2.obj
 0001:00006e20       ?OnDatetimechange@CUDateTimePicker@@IAEXPAUtagNMHDR@@PAJ@Z 00407e20 f   krnln_static:krnl2.obj
 0001:00006e40       ?OnKillfocus@CUDateTimePicker@@IAEXPAUtagNMHDR@@PAJ@Z 00407e40 f   krnln_static:krnl2.obj
 0001:00006ea0       ?OnSetfocus@CUDateTimePicker@@IAEXPAUtagNMHDR@@PAJ@Z 00407ea0 f   krnln_static:krnl2.obj
 0001:00006f00       ?OnSelchange@CUMonthCalCtrl@@IAEXPAUtagNMHDR@@PAJ@Z 00407f00 f   krnln_static:krnl2.obj
 0001:00006f50       ??5CArchive@@QAEAAV0@AAE@Z 00407f50 f i krnln_static:krnl2.obj
 0001:00006f90       ??_ECComboBox@@UAEPAXI@Z   00407f90 f i krnln_static:krnl2.obj
 0001:00006f90       ??_GCComboBox@@UAEPAXI@Z   00407f90 f i krnln_static:krnl2.obj
 0001:00006fb0       ?CtlColor@CUDrvBox@@IAEPAUHBRUSH__@@PAVCDC@@I@Z 00407fb0 f   krnln_static:krnl2.obj
 0001:00006ff0       ?OnKillfocus@CUDrvBox@@IAEXXZ 00407ff0 f   krnln_static:krnl2.obj
 0001:00007030       ?OnSetfocus@CUDrvBox@@IAEXXZ 00408030 f   krnln_static:krnl2.obj
 0001:00007070       ?OnSelendok@CUDrvBox@@IAEXXZ 00408070 f   krnln_static:krnl2.obj
 0001:000070f0       ?OnKillfocus@CUDirTree@@IAEXPAUtagNMHDR@@PAJ@Z 004080f0 f   krnln_static:krnl2.obj
 0001:00007150       ?OnSetfocus@CUDirTree@@IAEXPAUtagNMHDR@@PAJ@Z 00408150 f   krnln_static:krnl2.obj
 0001:000071b0       ?CtlColor@CUDirTree@@IAEPAUHBRUSH__@@PAVCDC@@I@Z 004081b0 f   krnln_static:krnl2.obj
 0001:000071e0       ?AddDirsToTree@CUDirTree@@QAEXPAU_TREEITEM@@@Z 004081e0 f   krnln_static:krnl2.obj
 0001:00007390       ?BuildPathFromTree@CUDirTree@@QAEXPAU_TREEITEM@@@Z 00408390 f   krnln_static:krnl2.obj
 0001:00007500       ?DeleteChildren@CUDirTree@@QAEXPAU_TREEITEM@@@Z 00408500 f   krnln_static:krnl2.obj
 0001:00007580       ?DeletePeers@CUDirTree@@QAEXPAU_TREEITEM@@@Z 00408580 f   krnln_static:krnl2.obj
 0001:00007600       ?OnDblclk@CUDirTree@@IAEXPAUtagNMHDR@@PAJ@Z 00408600 f   krnln_static:krnl2.obj
 0001:000076e0       ?OnKeyDown@CUDirTree@@IAEXIII@Z 004086e0 f   krnln_static:krnl2.obj
 0001:00007700       ?OnKillfocus@CUFileBox@@IAEXXZ 00408700 f   krnln_static:krnl2.obj
 0001:00007750       ?OnSetfocus@CUFileBox@@IAEXXZ 00408750 f   krnln_static:krnl2.obj
 0001:000077a0       ?OnDblclk@CUFileBox@@IAEXXZ 004087a0 f   krnln_static:krnl2.obj
 0001:000077f0       ?CtlColor@CUFileBox@@IAEPAUHBRUSH__@@PAVCDC@@I@Z 004087f0 f   krnln_static:krnl2.obj
 0001:00007840       ?OnSelchange@CUFileBox@@IAEXXZ 00408840 f   krnln_static:krnl2.obj
 0001:00007970       ?OnSelEndOK@CUColorPicker@@IAEJIJ@Z 00408970 f   krnln_static:krnl2.obj
 0001:000079e0       ?OnKillFocus@CUColorPicker@@IAEXPAVCWnd@@@Z 004089e0 f   krnln_static:krnl2.obj
 0001:00007a30       ?OnSetFocus@CUColorPicker@@IAEXPAVCWnd@@@Z 00408a30 f   krnln_static:krnl2.obj
 0001:00007a80       ?OnLButtonDown@CUHyperLinker@@IAEXIVCPoint@@@Z 00408a80 f   krnln_static:krnl2.obj
 0001:00007ab0       ?OnMouseMove@CUHyperLinker@@IAEXIVCPoint@@@Z 00408ab0 f   krnln_static:krnl2.obj
 0001:00007b60       ?GetRegKey@CUHyperLinker@@IAEJPAUHKEY__@@PBDPAD@Z 00408b60 f   krnln_static:krnl2.obj
 0001:00007bd0       ?GotoURL@CUHyperLinker@@QAEHH@Z 00408bd0 f   krnln_static:krnl2.obj
 0001:00007da0       ?OnPaint@CUHyperLinker@@IAEXXZ 00408da0 f   krnln_static:krnl2.obj
 0001:00008010       ?OnDeltapos@CUSpin@@IAEXPAUtagNMHDR@@PAJ@Z 00409010 f   krnln_static:krnl2.obj
 0001:00008080       ?OnTimer@CUTimer@@IAEXI@Z  00409080 f   krnln_static:krnl2.obj
 0001:000080d0       ?OnCreate@CUTimer@@IAEHPAUtagCREATESTRUCTA@@@Z 004090d0 f   krnln_static:krnl2.obj
 0001:00008110       ?OnPaint@CUTimer@@IAEXXZ   00409110 f   krnln_static:krnl2.obj
 0001:00008130       ?OnDestroy@CUTimer@@IAEXXZ 00409130 f   krnln_static:krnl2.obj
 0001:00008160       ?init@CPICommonDlg@@UAEXXZ 00409160 f   krnln_static:krnl2.obj
 0001:000081e0       ?Serialize@CPICommonDlg@@UAEHAAVCArchive@@@Z 004091e0 f   krnln_static:krnl2.obj
 0001:000085f0       ?Create_CommonDlg@@YGKPAEHKPAUHWND__@@IPAUHMENU__@@HHHHKK1H@Z 004095f0 f   krnln_static:krnl2.obj
 0001:00008720       ?NotifyPropertyChanged_CommonDlg@@YGHKHPATUNIT_PROPERTY_VALUE@@PAPAD@Z 00409720 f   krnln_static:krnl2.obj
 0001:00008990       ?GetPropertyData_CommonDlg@@YGHKHPATUNIT_PROPERTY_VALUE@@@Z 00409990 f   krnln_static:krnl2.obj
 0001:00008ba0       ?LangCnvCommonDlg@@YGPAXPAEPAHP6GXPADKH@ZH@Z 00409ba0 f   krnln_static:krnl2.obj
 0001:00008cf0       ??1CPICommonDlg@@QAE@XZ    00409cf0 f i krnln_static:krnl2.obj
 0001:00008d80       _krnln_GetInterface_CommonDlg@4 00409d80 f   krnln_static:krnl2.obj
 0001:00008dd0       ??0CUCommonDlg@@QAE@XZ     00409dd0 f   krnln_static:krnl2.obj
 0001:00008e40       ??_ECUCommonDlg@@UAEPAXI@Z 00409e40 f i krnln_static:krnl2.obj
 0001:00008e40       ??_GCUCommonDlg@@UAEPAXI@Z 00409e40 f i krnln_static:krnl2.obj
 0001:00008e60       ??1CUCommonDlg@@UAE@XZ     00409e60 f   krnln_static:krnl2.obj
 0001:00008f10       ?GetMessageMap@CUCommonDlg@@MBEPBUAFX_MSGMAP@@XZ 00409f10 f   krnln_static:krnl2.obj
 0001:00008f20       ?PostNcDestroy@CUCommonDlg@@MAEXXZ 00409f20 f   krnln_static:krnl2.obj
 0001:00008f50       ?OnPaint@CUCommonDlg@@IAEXXZ 00409f50 f   krnln_static:krnl2.obj
 0001:00008f70       ?DoModel@CUCommonDlg@@QAEHXZ 00409f70 f   krnln_static:krnl2.obj
 0001:00009520       ??1CFileDialog@@UAE@XZ     0040a520 f i krnln_static:krnl2.obj
 0001:00009570       ?OnInit@CUCheckBox@@IAEJIJ@Z 0040a570 f   krnln_static:krnl2.obj
 0001:000095d0       ?OnDestroy@CUCheckBox@@IAEXXZ 0040a5d0 f   krnln_static:krnl2.obj
 0001:000095f0       ?OnGetDSWnd@CUCheckBox@@IAEJIJ@Z 0040a5f0 f   krnln_static:krnl2.obj
 0001:00009620       ?SetDataSourceUnit@CUCheckBox@@QAEXXZ 0040a620 f   krnln_static:krnl2.obj
 0001:00009660       ?RefrushState@CUCheckBox@@QAEXXZ 0040a660 f   krnln_static:krnl2.obj
 0001:000096a0       ?RefrushFromDataSource@CUCheckBox@@QAEXXZ 0040a6a0 f   krnln_static:krnl2.obj
 0001:00009750       ?OnSelchange@CUChkListBox@@IAEXXZ 0040a750 f   krnln_static:krnl2.obj
 0001:00009750       ?OnClicked@CUCheckBox@@IAEXXZ 0040a750 f   krnln_static:krnl2.obj
 0001:00009790       ?OnKillFocus@CUChkListBox@@IAEXPAVCWnd@@@Z 0040a790 f   krnln_static:krnl2.obj
 0001:00009790       ?OnKillFocus@CUCheckBox@@IAEXPAVCWnd@@@Z 0040a790 f   krnln_static:krnl2.obj
 0001:00009790       ?OnKillFocus@CUDrawPanel@@IAEXPAVCWnd@@@Z 0040a790 f   krnln_static:krnl2.obj
 0001:000097e0       ?CtlColor@CUCheckBox@@IAEPAUHBRUSH__@@PAVCDC@@I@Z 0040a7e0 f   krnln_static:krnl2.obj
 0001:00009820       ?OnClicked@CURadio@@IAEXXZ 0040a820 f   krnln_static:krnl2.obj
 0001:00009870       ?OnKillFocus@CURadio@@IAEXPAVCWnd@@@Z 0040a870 f   krnln_static:krnl2.obj
 0001:000098d0       ?OnSetFocus@CURadio@@IAEXPAVCWnd@@@Z 0040a8d0 f   krnln_static:krnl2.obj
 0001:00009930       ?CtlColor@CURadio@@IAEPAUHBRUSH__@@PAVCDC@@I@Z 0040a930 f   krnln_static:krnl2.obj
 0001:00009970       ?OnInit@CUComboBox@@IAEJIJ@Z 0040a970 f   krnln_static:krnl2.obj
 0001:000099d0       ?OnDestroy@CUComboBox@@IAEXXZ 0040a9d0 f   krnln_static:krnl2.obj
 0001:000099f0       ?OnGetDSWnd@CUComboBox@@IAEJIJ@Z 0040a9f0 f   krnln_static:krnl2.obj
 0001:00009a20       ?SetDataSourceUnit@CUComboBox@@QAEXXZ 0040aa20 f   krnln_static:krnl2.obj
 0001:00009a60       ?RefrushState@CUComboBox@@QAEXXZ 0040aa60 f   krnln_static:krnl2.obj
 0001:00009aa0       ?RefrushFromDataSource@CUComboBox@@QAEXXZ 0040aaa0 f   krnln_static:krnl2.obj
 0001:00009ba0       ?OnKillfocus@CUComboBox@@IAEXXZ 0040aba0 f   krnln_static:krnl2.obj
 0001:00009bf0       ?OnSetfocus@CUComboBox@@IAEXXZ 0040abf0 f   krnln_static:krnl2.obj
 0001:00009c40       ?OnCloseup@CUComboBox@@IAEXXZ 0040ac40 f   krnln_static:krnl2.obj
 0001:00009c90       ?OnDropdown@CUComboBox@@IAEXXZ 0040ac90 f   krnln_static:krnl2.obj
 0001:00009ce0       ?OnDblclk@CUComboBox@@IAEXXZ 0040ace0 f   krnln_static:krnl2.obj
 0001:00009d30       ?OnEditchange@CUComboBox@@IAEXXZ 0040ad30 f   krnln_static:krnl2.obj
 0001:00009d80       ?OnSelendok@CUComboBox@@IAEXXZ 0040ad80 f   krnln_static:krnl2.obj
 0001:00009da0       ?OnSelendOkNotify@CUComboBox@@IAEXXZ 0040ada0 f   krnln_static:krnl2.obj
 0001:00009df0       ?CtlColor@CUComboBox@@IAEPAUHBRUSH__@@PAVCDC@@I@Z 0040adf0 f   krnln_static:krnl2.obj
 0001:00009e30       ?OnEraseBkgnd@CUComboBox@@IAEHPAVCDC@@@Z 0040ae30 f   krnln_static:krnl2.obj
 0001:00009e90       ?OnInit@CUListBox@@IAEJIJ@Z 0040ae90 f   krnln_static:krnl2.obj
 0001:00009ef0       ?OnDestroy@CULabel@@IAEXXZ 0040aef0 f   krnln_static:krnl2.obj
 0001:00009ef0       ?OnDestroy@CUListBox@@IAEXXZ 0040aef0 f   krnln_static:krnl2.obj
 0001:00009f10       ?OnGetDSWnd@CUListBox@@IAEJIJ@Z 0040af10 f   krnln_static:krnl2.obj
 0001:00009f40       ?SetDataSourceUnit@CUListBox@@QAEXXZ 0040af40 f   krnln_static:krnl2.obj
 0001:00009f80       ?RefrushState@CUListBox@@QAEXXZ 0040af80 f   krnln_static:krnl2.obj
 0001:00009fc0       ?RefrushFromDataSource@CUListBox@@QAEXXZ 0040afc0 f   krnln_static:krnl2.obj
 0001:0000a090       ?CtlColor@CUListBox@@IAEPAUHBRUSH__@@PAVCDC@@I@Z 0040b090 f   krnln_static:krnl2.obj
 0001:0000a0d0       ?OnSelchange@CUListBox@@IAEXXZ 0040b0d0 f   krnln_static:krnl2.obj
 0001:0000a120       ?OnKillfocus@CUListBox@@IAEXXZ 0040b120 f   krnln_static:krnl2.obj
 0001:0000a170       ?OnSetfocus@CUListBox@@IAEXXZ 0040b170 f   krnln_static:krnl2.obj
 0001:0000a1c0       ?OnDblclk@CUListBox@@IAEXXZ 0040b1c0 f   krnln_static:krnl2.obj
 0001:0000a210       ??_GCBitmap@@UAEPAXI@Z     0040b210 f i krnln_static:krnl2.obj
 0001:0000a210       ??_ECBitmap@@UAEPAXI@Z     0040b210 f i krnln_static:krnl2.obj
 0001:0000a230       ??1CBitmap@@UAE@XZ         0040b230 f i krnln_static:krnl2.obj
 0001:0000a270       ?OnDblclk@CUChkListBox@@IAEXXZ 0040b270 f   krnln_static:krnl2.obj
 0001:0000a2c0       ?SaveCurSel@CUChkListBox@@IAEXXZ 0040b2c0 f   krnln_static:krnl2.obj
 0001:0000a320       ?ProcessOnlyOne@CUChkListBox@@IAEXXZ 0040b320 f   krnln_static:krnl2.obj
 0001:0000a400       ?OnLButtonDown@CUChkListBox@@IAEXIVCPoint@@@Z 0040b400 f   krnln_static:krnl2.obj
 0001:0000a590       ?OnKeyDown@CUChkListBox@@IAEXIII@Z 0040b590 f   krnln_static:krnl2.obj
 0001:0000a720       ?OnLButtonDblClk@CUChkListBox@@IAEXIVCPoint@@@Z 0040b720 f   krnln_static:krnl2.obj
 0001:0000aa50       ?OnSetFocus@CUChkListBox@@IAEXPAVCWnd@@@Z 0040ba50 f   krnln_static:krnl2.obj
 0001:0000aa50       ?OnSetFocus@CUDrawPanel@@IAEXPAVCWnd@@@Z 0040ba50 f   krnln_static:krnl2.obj
 0001:0000aa50       ?OnSetFocus@CUCheckBox@@IAEXPAVCWnd@@@Z 0040ba50 f   krnln_static:krnl2.obj
 0001:0000aaa0       ?ClearPanel@CUDrawPanel@@QAEXPAVCDC@@AAVCRect@@@Z 0040baa0 f   krnln_static:krnl2.obj
 0001:0000ac90       ?OnPaint@CUDrawPanel@@IAEXXZ 0040bc90 f   krnln_static:krnl2.obj
 0001:0000af60       ?OnSize@CUDrawPanel@@IAEXIHH@Z 0040bf60 f   krnln_static:krnl2.obj
 0001:0000af90       ?OnMouseActivate@CUDrawPanel@@IAEHPAVCWnd@@II@Z 0040bf90 f   krnln_static:krnl2.obj
 0001:0000b0a0       ?ReCreateBitmap@CUDrawPanel@@QAEXH@Z 0040c0a0 f   krnln_static:krnl2.obj
 0001:0000b8a0       ?fnCallNewPage@@YAHPAX@Z   0040c8a0 f   krnln_static:krnl2.obj
 0001:0000b9a0       ?fnPrintBeginDraw@@YAHPAXH@Z 0040c9a0 f   krnln_static:krnl2.obj
 0001:0000ba20       ?fnPrintEndDraw@@YAXPAX@Z  0040ca20 f   krnln_static:krnl2.obj
 0001:0000ba30       ?OnGetPrintInfo@CUPrinter@@IAEJIJ@Z 0040ca30 f   krnln_static:krnl2.obj
 0001:0000ba80       ?OnPaint@CUPrinter@@IAEXXZ 0040ca80 f   krnln_static:krnl2.obj
 0001:0000baa0       ?SetPrinterDCMapMode@CUPrinter@@QAEXXZ 0040caa0 f   krnln_static:krnl2.obj
 0001:0000bac0       ?_BeginDraw@CUPrinter@@QAEXH@Z 0040cac0 f   krnln_static:krnl2.obj
 0001:0000bcf0       ?_EndDraw@CUPrinter@@QAEXXZ 0040ccf0 f   krnln_static:krnl2.obj
 0001:0000bd30       ?AbortPrint@CUPrinter@@QAEXXZ 0040cd30 f   krnln_static:krnl2.obj
 0001:0000bdb0       ?OnDestroy@CUPrinter@@IAEXXZ 0040cdb0 f   krnln_static:krnl2.obj
 0001:0000bdd0       ?OnPaint@CUUDPSock@@IAEXXZ 0040cdd0 f   krnln_static:krnl2.obj
 0001:0000bdf0       ?OnPaint@CUClientSock@@IAEXXZ 0040cdf0 f   krnln_static:krnl2.obj
 0001:0000be10       ?OnPaint@CUServerSock@@IAEXXZ 0040ce10 f   krnln_static:krnl2.obj
 0001:0000be30       ?OnPaint@CUSerialPort@@IAEXXZ 0040ce30 f   krnln_static:krnl2.obj
 0001:0000be50       ?OnPaint@CUDataSource@@IAEXXZ 0040ce50 f   krnln_static:krnl2.obj
 0001:0000bf00       ?OnDestroy@CUDataSource@@IAEXXZ 0040cf00 f   krnln_static:krnl2.obj
 0001:0000bfb0       ?SetProviderUnit@CUDataSource@@QAEXXZ 0040cfb0 f   krnln_static:krnl2.obj
 0001:0000bfd0       ?OnInit@CUDataSource@@IAEJIJ@Z 0040cfd0 f   krnln_static:krnl2.obj
 0001:0000c0c0       ?OnGetColCount@CUDataSource@@IAEJIJ@Z 0040d0c0 f   krnln_static:krnl2.obj
 0001:0000c0d0       ?OnGetColName@CUDataSource@@IAEJIJ@Z 0040d0d0 f   krnln_static:krnl2.obj
 0001:0000c170       ?OnInit@CUProvider@@IAEJIJ@Z 0040d170 f   krnln_static:krnl2.obj
 0001:0000c1a0       ?OnPaint@CUProvider@@IAEXXZ 0040d1a0 f   krnln_static:krnl2.obj
 0001:0000c1c0       ?OnKillFocus@CUGrid@@IAEXPAVCWnd@@@Z 0040d1c0 f   krnln_static:krnl2.obj
 0001:0000c210       ?OnSetFocus@CUGrid@@IAEXPAVCWnd@@@Z 0040d210 f   krnln_static:krnl2.obj
 0001:0000c260       ?OnInit@CUGrid@@IAEJIJ@Z   0040d260 f   krnln_static:krnl2.obj
 0001:0000c2c0       ?OnDestroy@CUGrid@@IAEXXZ  0040d2c0 f   krnln_static:krnl2.obj
 0001:0000c2e0       ?SetDataSourceUnit@CUGrid@@QAEXXZ 0040d2e0 f   krnln_static:krnl2.obj
 0001:0000c310       ?OnPaint@CUGrid@@IAEXXZ    0040d310 f   krnln_static:krnl2.obj
 0001:0000c440       ?OnInit@CUBaseProvider@@IAEJIJ@Z 0040d440 f   krnln_static:krnl2.obj
 0001:0000c560       ?OnDestroy@CUBaseProvider@@IAEXXZ 0040d560 f   krnln_static:krnl2.obj
 0001:0000c590       ?OnPaint@CUDBProvider@@IAEXXZ 0040d590 f   krnln_static:krnl2.obj
 0001:0000c5b0       ?OnPaint@CUODBCDB@@IAEXXZ  0040d5b0 f   krnln_static:krnl2.obj
 0001:0000c5d0       ?OnPaint@CUODBCProvider@@IAEXXZ 0040d5d0 f   krnln_static:krnl2.obj
 0001:0000c5f0       ?OnGetODBCTalbesName@CUODBCProvider@@IAEJIJ@Z 0040d5f0 f   krnln_static:krnl2.obj
 0001:0000c640       ?OnGetODBCConnectStr@CUODBCProvider@@IAEJIJ@Z 0040d640 f   krnln_static:krnl2.obj
 0001:0000c6d0       ?OnDrawItem@CWinFormUnit@@IAEXHPAUtagDRAWITEMSTRUCT@@@Z 0040d6d0 f   krnln_static:krnl2.obj
 0001:0000c6d0       ?OnDrawItem@CUErrorControl@@IAEXHPAUtagDRAWITEMSTRUCT@@@Z 0040d6d0 f   krnln_static:krnl2.obj
 0001:0000c6d0       ?OnDrawItem@CUGroupBox@@IAEXHPAUtagDRAWITEMSTRUCT@@@Z 0040d6d0 f   krnln_static:krnl2.obj
 0001:0000c6d0       ?OnDrawItem@CUDrawPanel@@IAEXHPAUtagDRAWITEMSTRUCT@@@Z 0040d6d0 f   krnln_static:krnl2.obj
 0001:0000c6d0       ?OnDrawItem@CUTab@@IAEXHPAUtagDRAWITEMSTRUCT@@@Z 0040d6d0 f   krnln_static:krnl2.obj
 0001:0000c6d0       ?OnDrawItem@CUPicBox@@IAEXHPAUtagDRAWITEMSTRUCT@@@Z 0040d6d0 f   krnln_static:krnl2.obj
 0001:0000c6d0       ?OnDrawItem@CUShapeBox@@IAEXHPAUtagDRAWITEMSTRUCT@@@Z 0040d6d0 f   krnln_static:krnl2.obj
 0001:0000c700       ?OnCompareItem@CUShapeBox@@IAEHHPAUtagCOMPAREITEMSTRUCT@@@Z 0040d700 f   krnln_static:krnl2.obj
 0001:0000c700       ?OnCompareItem@CUTab@@IAEHHPAUtagCOMPAREITEMSTRUCT@@@Z 0040d700 f   krnln_static:krnl2.obj
 0001:0000c700       ?OnCompareItem@CUDrawPanel@@IAEHHPAUtagCOMPAREITEMSTRUCT@@@Z 0040d700 f   krnln_static:krnl2.obj
 0001:0000c700       ?OnCompareItem@CUErrorControl@@IAEHHPAUtagCOMPAREITEMSTRUCT@@@Z 0040d700 f   krnln_static:krnl2.obj
 0001:0000c700       ?OnCompareItem@CUGroupBox@@IAEHHPAUtagCOMPAREITEMSTRUCT@@@Z 0040d700 f   krnln_static:krnl2.obj
 0001:0000c700       ?OnCompareItem@CUPicBox@@IAEHHPAUtagCOMPAREITEMSTRUCT@@@Z 0040d700 f   krnln_static:krnl2.obj
 0001:0000c700       ?OnCompareItem@CWinFormUnit@@IAEHHPAUtagCOMPAREITEMSTRUCT@@@Z 0040d700 f   krnln_static:krnl2.obj
 0001:0000c730       ?OnDeleteItem@CUTab@@IAEXHPAUtagDELETEITEMSTRUCT@@@Z 0040d730 f   krnln_static:krnl2.obj
 0001:0000c730       ?OnDeleteItem@CUShapeBox@@IAEXHPAUtagDELETEITEMSTRUCT@@@Z 0040d730 f   krnln_static:krnl2.obj
 0001:0000c730       ?OnDeleteItem@CUErrorControl@@IAEXHPAUtagDELETEITEMSTRUCT@@@Z 0040d730 f   krnln_static:krnl2.obj
 0001:0000c730       ?OnDeleteItem@CUPicBox@@IAEXHPAUtagDELETEITEMSTRUCT@@@Z 0040d730 f   krnln_static:krnl2.obj
 0001:0000c730       ?OnDeleteItem@CUDrawPanel@@IAEXHPAUtagDELETEITEMSTRUCT@@@Z 0040d730 f   krnln_static:krnl2.obj
 0001:0000c730       ?OnDeleteItem@CUGroupBox@@IAEXHPAUtagDELETEITEMSTRUCT@@@Z 0040d730 f   krnln_static:krnl2.obj
 0001:0000c730       ?OnDeleteItem@CWinFormUnit@@IAEXHPAUtagDELETEITEMSTRUCT@@@Z 0040d730 f   krnln_static:krnl2.obj
 0001:0000c760       ?OnPaint@CUErrorControl@@IAEXXZ 0040d760 f   krnln_static:krnl2.obj
 0001:0000c820       ?GetIDSubType@@YAKK@Z      0040d820 f   krnln_static:krnl2.obj
 0001:0000c830       ?GetIDGroupType@@YAKK@Z    0040d830 f   krnln_static:krnl2.obj
 0001:0000c840       ?GetIDVaule@@YAKK@Z        0040d840 f   krnln_static:krnl2.obj
 0001:0000c850       ?IsValidateID@@YAHK@Z      0040d850 f   krnln_static:krnl2.obj
 0001:0000c880       ?IsNumDataType@@YAHK@Z     0040d880 f   krnln_static:krnl2.obj
 0001:0000c8a0       ?CopyFrom@CIDManger@@QAEXPAV1@@Z 0040d8a0 f   krnln_static:krnl2.obj
 0001:0000c8e0       ?xchg@CIDManger@@QAEXPAV1@@Z 0040d8e0 f   krnln_static:krnl2.obj
 0001:0000c910       ?GetIDData@CIDManger@@QAEPAEHPAH@Z 0040d910 f   krnln_static:krnl2.obj
 0001:0000c960       ?GetID@CIDManger@@QAEKH@Z  0040d960 f   krnln_static:krnl2.obj
 0001:0000c990       ?FindIDData@CIDManger@@QAEPAEKPAH0@Z 0040d990 f   krnln_static:krnl2.obj
 0001:0000ca30       ?_Replace@CIDManger@@QAEXHHHPAEH@Z 0040da30 f   krnln_static:krnl2.obj
 0001:0000cac0       ?AddID@CIDManger@@MAEKPAEHK@Z 0040dac0 f   krnln_static:krnl2.obj
 0001:0000cb50       ?AddSpecID@CIDManger@@QAEXKPAEH@Z 0040db50 f   krnln_static:krnl2.obj
 0001:0000cbc0       ?InsertSpecID@CIDManger@@QAEXHKPAEH@Z 0040dbc0 f   krnln_static:krnl2.obj
 0001:0000ccb0       ?InsertID@CIDManger@@MAEKHPAEHK@Z 0040dcb0 f   krnln_static:krnl2.obj
 0001:0000ccf0       ?Serialize@CIDManger@@UAEXAAVCArchive@@@Z 0040dcf0 f   krnln_static:krnl2.obj
 0001:0000cd80       ?FindIDByData@CIDDWordManger@@QAEKK@Z 0040dd80 f   krnln_static:krnl2.obj
 0001:0000cdd0       ?GetIDData@CIDDWordManger@@QAEHHPAK@Z 0040ddd0 f   krnln_static:krnl2.obj
 0001:0000ce10       ?FindIDData@CIDDWordManger@@QAEHKPAKPAH@Z 0040de10 f   krnln_static:krnl2.obj
 0001:0000ceb0       ?InsertFrom@CIDDWordManger@@QAEXHPAV1@HH@Z 0040deb0 f   krnln_static:krnl2.obj
 0001:0000cf70       ?AppendFrom@CIDDWordManger@@QAEXPAV1@@Z 0040df70 f   krnln_static:krnl2.obj
 0001:0000cf90       ?Serialize@CIDDWordManger@@UAEXAAVCArchive@@@Z 0040df90 f   krnln_static:krnl2.obj
 0001:0000cfc0       ?IsMenuItemID@@YAHK@Z      0040dfc0 f   krnln_static:krnl2.obj
 0001:0000cff0       ?IsMenuItem@CWinUnitIDManger@@QAEHH@Z 0040dff0 f   krnln_static:krnl2.obj
 0001:0000d010       ?GetUnitData@CWinUnitIDManger@@QAEPAEPAEPAH@Z 0040e010 f   krnln_static:krnl2.obj
 0001:0000d090       ?ChkTabVisible@CWinUnitIDManger@@QAEXPAEHH@Z 0040e090 f   krnln_static:krnl2.obj
 0001:0000d3e0       ?GetMenuCount@CWinUnitIDManger@@QAEHPAH@Z 0040e3e0 f   krnln_static:krnl2.obj
 0001:0000d440       ??1CWinUnitIDManger@@UAE@XZ 0040e440 f   krnln_static:krnl2.obj
 0001:0000d580       ??1CIDManger@@UAE@XZ       0040e580 f i krnln_static:krnl2.obj
 0001:0000d5e0       ?init@CIDManger@@UAEXXZ    0040e5e0 f i krnln_static:krnl2.obj
 0001:0000d5f0       ?GetNameStr@CIDManger@@UAEPADPAE@Z 0040e5f0 f i krnln_static:krnl2.obj
 0001:0000d600       ??_ECIDManger@@UAEPAXI@Z   0040e600 f i krnln_static:krnl2.obj
 0001:0000d600       ??_GCIDManger@@UAEPAXI@Z   0040e600 f i krnln_static:krnl2.obj
 0001:0000d620       ?AddID@CWinUnitIDManger@@UAEKPAEHK@Z 0040e620 f i krnln_static:krnl2.obj
 0001:0000d640       ?InsertID@CWinUnitIDManger@@UAEKHPAEHK@Z 0040e640 f i krnln_static:krnl2.obj
 0001:0000d670       ?GetNameStr@CWinUnitIDManger@@UAEPADPAE@Z 0040e670 f i krnln_static:krnl2.obj
 0001:0000d680       ??_GCWinUnitIDManger@@UAEPAXI@Z 0040e680 f i krnln_static:krnl2.obj
 0001:0000d680       ??_ECWinUnitIDManger@@UAEPAXI@Z 0040e680 f i krnln_static:krnl2.obj
 0001:0000d6a0       ?FindUnit@CWinForm@@QAEHPAUHWND__@@H@Z 0040e6a0 f   krnln_static:krnl2.obj
 0001:0000d780       ?Serialize@CWinForm@@QAEXAAVCArchive@@@Z 0040e780 f   krnln_static:krnl2.obj
 0001:0000d860       ?ClearAllRadio@CWinForm@@QAEXPAUHWND__@@@Z 0040e860 f   krnln_static:krnl2.obj
 0001:0000d8f0       ?init@CWinIDManger@@UAEXXZ 0040e8f0 f   krnln_static:krnl2.obj
 0001:0000d940       ??1CWinForm@@QAE@XZ        0040e940 f i krnln_static:krnl2.obj
 0001:0000d9b0       ?Serialize@CWinIDManger@@UAEXAAVCArchive@@@Z 0040e9b0 f   krnln_static:krnl2.obj
 0001:0000daa0       ?GetWnd@CWinIDManger@@QAEPAVCWnd@@H@Z 0040eaa0 f   krnln_static:krnl2.obj
 0001:0000db00       ?CloneTextData@@YAPADPAD@Z 0040eb00 f   krnln_static:krnl2.obj
 0001:0000db50       ?CloneTextData@@YAPADPADH@Z 0040eb50 f   krnln_static:krnl2.obj
 0001:0000db90       ?CloneBinData@@YAPAEPAEH@Z 0040eb90 f   krnln_static:krnl2.obj
 0001:0000dbe0       ?GetMessageMap@CKrnlApp@@MBEPBUAFX_MSGMAP@@XZ 0040ebe0 f   krnln_static:krnl2.obj
 0001:0000dbf0       ?InitInstance@CKrnlApp@@UAEHXZ 0040ebf0 f   krnln_static:krnl2.obj
 0001:0000dc40       ??0CKrnlApp@@QAE@XZ        0040ec40 f   krnln_static:krnl2.obj
 0001:0000df70       ??1CWinIDManger@@UAE@XZ    0040ef70 f i krnln_static:krnl2.obj
 0001:0000dfe0       ??1CIDDWordManger@@UAE@XZ  0040efe0 f i krnln_static:krnl2.obj
 0001:0000e040       ?init@CIDDWordManger@@UAEXXZ 0040f040 f i krnln_static:krnl2.obj
 0001:0000e050       ??_GCIDDWordManger@@UAEPAXI@Z 0040f050 f i krnln_static:krnl2.obj
 0001:0000e050       ??_ECIDDWordManger@@UAEPAXI@Z 0040f050 f i krnln_static:krnl2.obj
 0001:0000e070       ??_GCWinIDManger@@UAEPAXI@Z 0040f070 f i krnln_static:krnl2.obj
 0001:0000e070       ??_ECWinIDManger@@UAEPAXI@Z 0040f070 f i krnln_static:krnl2.obj
 0001:0000e090       ??1CDllFunc@@UAE@XZ        0040f090 f i krnln_static:krnl2.obj
 0001:0000e0b0       ??_GCDllFunc@@UAEPAXI@Z    0040f0b0 f i krnln_static:krnl2.obj
 0001:0000e0b0       ??_ECDllFunc@@UAEPAXI@Z    0040f0b0 f i krnln_static:krnl2.obj
 0001:0000e0e0       ??_GCSysHideWnd@@UAEPAXI@Z 0040f0e0 f i krnln_static:krnl2.obj
 0001:0000e0e0       ??_ECSysHideWnd@@UAEPAXI@Z 0040f0e0 f i krnln_static:krnl2.obj
 0001:0000e100       ??1CSysHideWnd@@UAE@XZ     0040f100 f i krnln_static:krnl2.obj
 0001:0000e110       ??_GCKrnlApp@@UAEPAXI@Z    0040f110 f i krnln_static:krnl2.obj
 0001:0000e110       ??_ECKrnlApp@@UAEPAXI@Z    0040f110 f i krnln_static:krnl2.obj
 0001:0000e130       ??1CKrnlApp@@UAE@XZ        0040f130 f   krnln_static:krnl2.obj
 0001:0000e480       ?ExitInstance@CKrnlApp@@UAEHXZ 0040f480 f   krnln_static:krnl2.obj
 0001:0000e4a0       ?IsEWin@CKrnlApp@@IAEHPAUHWND__@@@Z 0040f4a0 f   krnln_static:krnl2.obj
 0001:0000e550       ?Notify@CKrnlApp@@QAEHHKK@Z 0040f550 f   krnln_static:krnl2.obj
 0001:0000f2f0       ?ShowSpecWindow@CKrnlApp@@QAEXKH@Z 004102f0 f   krnln_static:krnl2.obj
 0001:0000f4b0       ?InitManyMusicPlay@CKrnlApp@@QAEXXZ 004104b0 f   krnln_static:krnl2.obj
 0001:0000f4f0       ?CloseAllFile@CKrnlApp@@QAEXXZ 004104f0 f   krnln_static:krnl2.obj
 0001:0000f5f0       ?PlayMusic@CKrnlApp@@QAEHPAEHH@Z 004105f0 f   krnln_static:krnl2.obj
 0001:0000f6a0       ?ShowFormWindow@CKrnlApp@@QAEXKPAVCWinForm@@H@Z 004106a0 f   krnln_static:krnl2.obj
 0001:0000f7b0       _CreateWin@20              004107b0 f   krnln_static:krnl2.obj
 0001:000103e0       ?OnIdle@CKrnlApp@@UAEHJ@Z  004113e0 f   krnln_static:krnl2.obj
 0001:00010530       ?IsHaveVaildateWinForm@CKrnlApp@@QAEHXZ 00411530 f   krnln_static:krnl2.obj
 0001:000105b0       ?LoadBeginWin@CKrnlApp@@QAEXK@Z 004115b0 f   krnln_static:krnl2.obj
 0001:00010600       ?RegisterIdleCallBack@CKrnlApp@@QAEXPAUHWND__@@P6AXPAX@Z1@Z 00411600 f   krnln_static:krnl2.obj
 0001:00010680       ?UnregisterIdleCallBack@CKrnlApp@@QAEXPAUHWND__@@@Z 00411680 f   krnln_static:krnl2.obj
 0001:000106f0       ?UnregisterAllIdleCallBack@CKrnlApp@@QAEXXZ 004116f0 f   krnln_static:krnl2.obj
 0001:00010720       ?MessageLoop@CKrnlApp@@QAEXH@Z 00411720 f   krnln_static:krnl2.obj
 0001:00010860       ?DoEvents@CKrnlApp@@QAEXXZ 00411860 f   krnln_static:krnl2.obj
 0001:000108b0       ?AllocID@CKrnlApp@@QAEKXZ  004118b0 f   krnln_static:krnl2.obj
 0001:000108c0       ?ReCreateUnit@CKrnlApp@@QAEXKPAVCWinForm@@H@Z 004118c0 f   krnln_static:krnl2.obj
 0001:00010c40       ?SetUnitLayout@CKrnlApp@@QAEXPAVCWinForm@@H@Z 00411c40 f   krnln_static:krnl2.obj
 0001:00010cf0       ?FindAboveLayoutUnitIndex@CKrnlApp@@QAEHPAVCWinForm@@H@Z 00411cf0 f   krnln_static:krnl2.obj
 0001:00010d80       ?FreeNextCallDllCmdInf@CKrnlApp@@QAEXXZ 00411d80 f   krnln_static:krnl2.obj
 0001:00010da0       ?GetDllCmdAdr@CKrnlApp@@QAEP6GHXZH@Z 00411da0 f   krnln_static:krnl2.obj
 0001:00011140       ?ReportAllocMemError@@YAXH@Z 00412140 f   krnln_static:krnl2.obj
 0001:00011170       ?ReportError@CKrnlApp@@QAEXPBDH@Z 00412170 f   krnln_static:krnl2.obj
 0001:000112b0       ?GetLibDataTypeInfo@CKrnlApp@@QAEPAULIB_DATA_TYPE_INFO@@KPAPAULIB_INFO@@@Z 004122b0 f   krnln_static:krnl2.obj
 0001:00011330       ?krnl_MAFindClose@@YAXPAX@Z 00412330 f   krnln_static:krnl2.obj
 0001:00011340       ?krnl_MADir@@YAPADPADHHPAPAX@Z 00412340 f   krnln_static:krnl2.obj
 0001:00011450       ?krnl_MACopyConstAry@@YAXHPAPAX@Z 00412450 f   krnln_static:krnl2.obj
 0001:000114b0       ?krnl_MAReadPackedObjectProperty@@YAXKPAXHH@Z 004124b0 f   krnln_static:krnl2.obj
 0001:000114d0       ?krnl_MAWritePackedObjectProperty@@YAXKPAXHHKK@Z 004124d0 f   krnln_static:krnl2.obj
 0001:00011500       ?mystrtok@@YAPADPADDPAPAD@Z 00412500 f   krnln_static:krnl2.obj
 0001:00011540       ?RegOcx@CKrnlApp@@QAEHPBD0H@Z 00412540 f   krnln_static:krnl2.obj
 0001:00011910       ?GetDefaultIcon@CKrnlApp@@QAEXPAPAUHICON__@@0@Z 00412910 f   krnln_static:krnl2.obj
 0001:00011960       ?free@CKrnlApp@@QAEXH@Z    00412960 f   krnln_static:krnl2.obj
 0001:00011cf0       ?PreTranslateMessage@CKrnlApp@@UAEHPAUtagMSG@@@Z 00412cf0 f   krnln_static:krnl2.obj
 0001:00011d90       ?NotifySys@@YGHHKK@Z       00412d90 f   krnln_static:krnl2.obj
 0001:00011dc0       ?ProcessNotifySys@@YGHHKK@Z 00412dc0 f   krnln_static:krnl2.obj
 0001:00011de0       _krnl_ProcessNotifyLib@12  00412de0 f   krnln_static:krnl2.obj
 0001:00011ef0       ?ReadProperty@CKrnlApp@@QAE_JKKHH@Z 00412ef0 f   krnln_static:krnl2.obj
 0001:00012370       ?ReadPackedObjectProperty@CKrnlApp@@QAE_JKPAXHH@Z 00413370 f   krnln_static:krnl2.obj
 0001:000123e0       ?WritePackedObjectProperty@CKrnlApp@@QAEXKPAXHHKK@Z 004133e0 f   krnln_static:krnl2.obj
 0001:00012810       ?ProcessReadPropertyValue@CKrnlApp@@QAEXPAUUNIT_PROPERTY@@HAATUNIT_PROPERTY_VALUE@@PAK@Z 00413810 f   krnln_static:krnl2.obj
 0001:00012b70       ?BeginProcessEvent@CKrnlApp@@IAEKKKHH@Z 00413b70 f   krnln_static:krnl2.obj
 0001:00012d30       ?RefrushMenu@CKrnlApp@@IAEXPAVCWinForm@@@Z 00413d30 f   krnln_static:krnl2.obj
 0001:00012e30       ?WriteProperty@CKrnlApp@@QAEXKKHHKK@Z 00413e30 f   krnln_static:krnl2.obj
 0001:00013b60       ?ConvertNumToInt@CKrnlApp@@IAEHPAUMDATA_INF@@@Z 00414b60 f   krnln_static:krnl2.obj
 0001:00013bd0       ?StopPlayMP3@CKrnlApp@@QAEXXZ 00414bd0 f   krnln_static:krnl2.obj
 0001:00013c10       ?StopPlay@CKrnlApp@@QAEXH@Z 00414c10 f   krnln_static:krnl2.obj
 0001:00013c30       ?IsConstPtr@CKrnlApp@@QAEPAEPAX@Z 00414c30 f   krnln_static:krnl2.obj
 0001:00013c80       ?GetMessageMap@CSysHideWnd@@MBEPBUAFX_MSGMAP@@XZ 00414c80 f   krnln_static:krnl2.obj
 0001:00013c90       ?OnAppQuit@CSysHideWnd@@QAEJIJ@Z 00414c90 f   krnln_static:krnl2.obj
 0001:00013cb0       ?SetSize@?$CMArray@PAVCProcessor@@@@QAEXHH@Z 00414cb0 f i krnln_static:krnl2.obj
 0001:00013cb0       ?SetSize@?$CMArray@H@@QAEXHH@Z 00414cb0 f i krnln_static:krnl2.obj
 0001:00013db0       ?init@CPIWinForm@@UAEXXZ   00414db0 f   krnln_static:Winform.obj
 0001:00013e40       ?Serialize@CPIWinForm@@UAEHAAVCArchive@@@Z 00414e40 f   krnln_static:Winform.obj
 0001:00014360       ?StopPlay@@YAXPAVCWinFormUnit@@@Z 00415360 f   krnln_static:Winform.obj
 0001:000143d0       ?PlayMusic@@YAXPAVCWinFormUnit@@@Z 004153d0 f   krnln_static:Winform.obj
 0001:00014490       ?SetNewIcon@@YAXPAVCWinFormUnit@@@Z 00415490 f   krnln_static:Winform.obj
 0001:000145b0       ?MyRegisterWndClass@@YAPADPAD@Z 004155b0 f   krnln_static:Winform.obj
 0001:00014650       ?Create_Win@@YGKPAEHKPAUHWND__@@IPAUHMENU__@@HHHHKK1H@Z 00415650 f   krnln_static:Winform.obj
 0001:00014a00       ?SetWinBoxType@CWinFormUnit@@QAEXXZ 00415a00 f   krnln_static:Winform.obj
 0001:00014a70       ?NotifyPropertyChanged_Win@@YGHKHPATUNIT_PROPERTY_VALUE@@PAPAD@Z 00415a70 f   krnln_static:Winform.obj
 0001:00015140       ?GetPropertyData_Win@@YGHKHPATUNIT_PROPERTY_VALUE@@@Z 00416140 f   krnln_static:Winform.obj
 0001:00015450       ?GetAllPropertyData_Win@@YGPAXK@Z 00416450 f   krnln_static:Winform.obj
 0001:00015450       ?GetAllPropertyData_Button@@YGPAXK@Z 00416450 f   krnln_static:Winform.obj
 0001:00015450       ?GetAllPropertyData_CommonDlg@@YGPAXK@Z 00416450 f   krnln_static:Winform.obj
 0001:00015470       ?GetIconPropertyData_Win@@YGPAXPAEH@Z 00416470 f   krnln_static:Winform.obj
 0001:000156f0       ??1CPIWinForm@@QAE@XZ      004166f0 f i krnln_static:Winform.obj
 0001:00015790       ?LangCnvWinForm@@YGPAXPAEPAHP6GXPADKH@ZH@Z 00416790 f   krnln_static:Winform.obj
 0001:00015920       _krnln_GetInterface_window@4 00416920 f   krnln_static:Winform.obj
 0001:00015980       ?CreateObject@CWinFormUnit@@SGPAVCObject@@XZ 00416980 f   krnln_static:Winform.obj
 0001:000159e0       ?GetRuntimeClass@CWinFormUnit@@UBEPAUCRuntimeClass@@XZ 004169e0 f   krnln_static:Winform.obj
 0001:000159f0       ??0CWinFormUnit@@QAE@XZ    004169f0 f   krnln_static:Winform.obj
 0001:00015b30       ??_ECWinFormUnit@@UAEPAXI@Z 00416b30 f i krnln_static:Winform.obj
 0001:00015b30       ??_GCWinFormUnit@@UAEPAXI@Z 00416b30 f i krnln_static:Winform.obj
 0001:00015b50       ??1CWinFormUnit@@UAE@XZ    00416b50 f   krnln_static:Winform.obj
 0001:00015cc0       ?GetMessageMap@CWinFormUnit@@MBEPBUAFX_MSGMAP@@XZ 00416cc0 f   krnln_static:Winform.obj
 0001:00015cd0       ?OnNotify@CWinFormUnit@@MAEHIJPAJ@Z 00416cd0 f   krnln_static:Winform.obj
 0001:00015cf0       ?OnHScroll@CUDrawPanel@@IAEXIIPAVCScrollBar@@@Z 00416cf0 f   krnln_static:Winform.obj
 0001:00015cf0       ?OnVScroll@CUErrorControl@@IAEXIIPAVCScrollBar@@@Z 00416cf0 f   krnln_static:Winform.obj
 0001:00015cf0       ?OnVScroll@CUDrawPanel@@IAEXIIPAVCScrollBar@@@Z 00416cf0 f   krnln_static:Winform.obj
 0001:00015cf0       ?OnVScroll@CUTab@@IAEXIIPAVCScrollBar@@@Z 00416cf0 f   krnln_static:Winform.obj
 0001:00015cf0       ?OnVScroll@CUPicBox@@IAEXIIPAVCScrollBar@@@Z 00416cf0 f   krnln_static:Winform.obj
 0001:00015cf0       ?OnHScroll@CUErrorControl@@IAEXIIPAVCScrollBar@@@Z 00416cf0 f   krnln_static:Winform.obj
 0001:00015cf0       ?OnHScroll@CUTab@@IAEXIIPAVCScrollBar@@@Z 00416cf0 f   krnln_static:Winform.obj
 0001:00015cf0       ?OnVScroll@CUShapeBox@@IAEXIIPAVCScrollBar@@@Z 00416cf0 f   krnln_static:Winform.obj
 0001:00015cf0       ?OnVScroll@CWinFormUnit@@IAEXIIPAVCScrollBar@@@Z 00416cf0 f   krnln_static:Winform.obj
 0001:00015cf0       ?OnVScroll@CUGroupBox@@IAEXIIPAVCScrollBar@@@Z 00416cf0 f   krnln_static:Winform.obj
 0001:00015cf0       ?OnHScroll@CUPicBox@@IAEXIIPAVCScrollBar@@@Z 00416cf0 f   krnln_static:Winform.obj
 0001:00015cf0       ?OnHScroll@CUShapeBox@@IAEXIIPAVCScrollBar@@@Z 00416cf0 f   krnln_static:Winform.obj
 0001:00015cf0       ?OnHScroll@CUGroupBox@@IAEXIIPAVCScrollBar@@@Z 00416cf0 f   krnln_static:Winform.obj
 0001:00015cf0       ?OnHScroll@CWinFormUnit@@IAEXIIPAVCScrollBar@@@Z 00416cf0 f   krnln_static:Winform.obj
 0001:00015d10       ?OnNcActivate@CWinFormUnit@@IAEHH@Z 00416d10 f   krnln_static:Winform.obj
 0001:00015d50       ?OnShowWindow@CWinFormUnit@@IAEXHI@Z 00416d50 f   krnln_static:Winform.obj
 0001:00015db0       ?OnDestroyThis@CWinFormUnit@@QAEXIJ@Z 00416db0 f   krnln_static:Winform.obj
 0001:00015de0       ?OnIconOper@CWinFormUnit@@IAEXIJ@Z 00416de0 f   krnln_static:Winform.obj
 0001:00015e60       ?SetTrayIcon@CWinFormUnit@@QAEXPAUHICON__@@PAD@Z 00416e60 f   krnln_static:Winform.obj
 0001:00015f30       ?SetWindowShape@CWinFormUnit@@QAEXXZ 00416f30 f   krnln_static:Winform.obj
 0001:00016210       ?PreCreateWindow@CWinFormUnit@@MAEHAAUtagCREATESTRUCTA@@@Z 00417210 f   krnln_static:Winform.obj
 0001:00016220       ?PostNcDestroy@CWinFormUnit@@MAEXXZ 00417220 f   krnln_static:Winform.obj
 0001:00016310       ?OnPaint@CWinFormUnit@@IAEXXZ 00417310 f   krnln_static:Winform.obj
 0001:00016800       ?OnCommand@CWinFormUnit@@MAEHIJ@Z 00417800 f   krnln_static:Winform.obj
 0001:000168e0       ?OnCmdMsg@CWinFormUnit@@MAEHIHPAXPAUAFX_CMDHANDLERINFO@@@Z 004178e0 f   krnln_static:Winform.obj
 0001:00016900       ?OnInitMenuPopup@CWinFormUnit@@IAEXPAVCMenu@@IH@Z 00417900 f   krnln_static:Winform.obj
 0001:00016910       ?OnQueryEndSession@CWinFormUnit@@IAEHXZ 00417910 f   krnln_static:Winform.obj
 0001:000169c0       ?ExitDlgMode@CWinFormUnit@@QAEXXZ 004179c0 f   krnln_static:Winform.obj
 0001:00016a30       ?OnClose@CWinFormUnit@@IAEXXZ 00417a30 f   krnln_static:Winform.obj
 0001:00016ad0       ?OnDestroy@CWinFormUnit@@IAEXXZ 00417ad0 f   krnln_static:Winform.obj
 0001:00016c00       ?AskCurFocusUnitIsNeedThisKey@CWinFormUnit@@IAEHG@Z 00417c00 f   krnln_static:Winform.obj
 0001:00016ce0       ?GetOCXWndObject@CWinFormUnit@@IAEPAUIUnknown@@PAVCWnd@@@Z 00417ce0 f   krnln_static:Winform.obj
 0001:00016dd0       ?AskCurFocusOleControlCharMsg@CWinFormUnit@@IAEHPAUtagMSG@@@Z 00417dd0 f   krnln_static:Winform.obj
 0001:00016f00       ?SkipRadio@CWinFormUnit@@IAEHPAUHWND__@@H@Z 00417f00 f   krnln_static:Winform.obj
 0001:00016fb0       ?SkipFocus@CWinFormUnit@@IAEXPAUHWND__@@HH0@Z 00417fb0 f   krnln_static:Winform.obj
 0001:000174e0       ?OnSetFocus@CWinFormUnit@@IAEXPAVCWnd@@@Z 004184e0 f   krnln_static:Winform.obj
 0001:00017700       ?OnKillFocus@CWinFormUnit@@IAEXPAVCWnd@@@Z 00418700 f   krnln_static:Winform.obj
 0001:00017750       ?OnActivate@CWinFormUnit@@IAEXIPAVCWnd@@H@Z 00418750 f   krnln_static:Winform.obj
 0001:000179c0       ?NotifyDefaultButton@CWinFormUnit@@IAEHPAVCWinForm@@H@Z 004189c0 f   krnln_static:Winform.obj
 0001:00017ab0       ?PreTranslateMessage@CWinFormUnit@@UAEHPAUtagMSG@@@Z 00418ab0 f   krnln_static:Winform.obj
 0001:000187b0       ?OnSetCursor@CWinFormUnit@@IAEHPAVCWnd@@II@Z 004197b0 f   krnln_static:Winform.obj
 0001:000187f0       ?SetAllUnitCursor@CWinFormUnit@@IAEHPAUHWND__@@@Z 004197f0 f   krnln_static:Winform.obj
 0001:000188f0       ?OnMove@CWinFormUnit@@IAEXHH@Z 004198f0 f   krnln_static:Winform.obj
 0001:00018940       ?OnRelayoutBar@CWinFormUnit@@IAEJIJ@Z 00419940 f   krnln_static:Winform.obj
 0001:00018960       ?RelayoutBarUnit@CWinFormUnit@@QAEXXZ 00419960 f   krnln_static:Winform.obj
 0001:00018bb0       ?OnSize@CWinFormUnit@@IAEXIHH@Z 00419bb0 f   krnln_static:Winform.obj
 0001:00018c20       ?IdleProcess@CWinFormUnit@@QAEHH@Z 00419c20 f   krnln_static:Winform.obj
 0001:00018ca0       ?ShowWindowMax@CWinFormUnit@@QAEXXZ 00419ca0 f   krnln_static:Winform.obj
 0001:00018d50       ?InvalidateForm@CWinFormUnit@@QAEXPAVCRect@@@Z 00419d50 f   krnln_static:Winform.obj
 0001:00018e90       ?StopMid@CKrnlApp@@QAEXXZ  00419e90 f   krnln_static:Krnl.obj
 0001:00018f40       ?krnl_InitUserProgram@@YAXXZ 00419f40 f   krnln_static:Krnl.obj
 0001:00018f50       _krnl_MOtherHelp           00419f50 f   krnln_static:Krnl.obj
 0001:00018f60       ?_GetDllCmdAdr@@YAP6GHXZH@Z 00419f60 f   krnln_static:Krnl.obj
 0001:00018f80       _krnl_MCallDllCmd          00419f80 f   krnln_static:Krnl.obj
 0001:00018f90       _krnl_MCallLibCmd          00419f90 f   krnln_static:Krnl.obj
 0001:00018fd0       _krnl_MCallKrnlLibCmd      00419fd0 f   krnln_static:Krnl.obj
 0001:00019010       ?ProcessEvent@CKrnlApp@@IAEHPAUEVENT_NOTIFY@@@Z 0041a010 f   krnln_static:Krnl.obj
 0001:000190c0       ?ProcessEvent@CKrnlApp@@IAEHPAUEVENT_NOTIFY2@@@Z 0041a0c0 f   krnln_static:Krnl.obj
 0001:00019300       _krnl_MReportError         0041a300 f   krnln_static:Krnl.obj
 0001:00019320       _krnl_MReadProperty        0041a320 f   krnln_static:Krnl.obj
 0001:00019340       _krnl_MWriteProperty       0041a340 f   krnln_static:Krnl.obj
 0001:00019370       _krnl_MMessageLoop         0041a370 f   krnln_static:Krnl.obj
 0001:000193a0       _krnl_MLoadBeginWin        0041a3a0 f   krnln_static:Krnl.obj
 0001:000193c0       _krnl_MMallocNoCheck       0041a3c0 f   krnln_static:Krnl.obj
 0001:000193e0       _krnl_MMalloc              0041a3e0 f   krnln_static:Krnl.obj
 0001:00019420       ?krnl_MANotifyFreeFunc@@YAXP6AXXZ@Z 0041a420 f   krnln_static:Krnl.obj
 0001:00019430       _krnl_MExitProcess         0041a430 f   krnln_static:Krnl.obj
 0001:00019450       _krnl_MRealloc             0041a450 f   krnln_static:Krnl.obj
 0001:00019510       _krnl_MFree                0041a510 f   krnln_static:Krnl.obj
 0001:00019540       ?IsFileExist@@YAHPBD@Z     0041a540 f   krnln_static:FUNC.OBJ
 0001:00019580       ?witoa@@YAXHPAD@Z          0041a580 f   krnln_static:FUNC.OBJ
 0001:000195a0       ?tcsrchr@@YAHPADD@Z        0041a5a0 f   krnln_static:FUNC.OBJ
 0001:000195f0       ?ChangeFileExt@@YAXAAVCString@@PBD@Z 0041a5f0 f   krnln_static:FUNC.OBJ
 0001:00019690       ?GetDataTypeType@@YAHK@Z   0041a690 f   krnln_static:FUNC.OBJ
 0001:000196c0       ?GetKey@@YAGPAUtagMSG@@@Z  0041a6c0 f   krnln_static:FUNC.OBJ
 0001:000196f0       ?ProcessKeyMsg@@YAGPAUtagMSG@@@Z 0041a6f0 f   krnln_static:FUNC.OBJ
 0001:00019790       ?ChkDateTime@@YAXAAH00000@Z 0041a790 f   krnln_static:FUNC.OBJ
 0001:000198b0       ?IsWavData@@YAHPAEH@Z      0041a8b0 f   krnln_static:FUNC.OBJ
 0001:00019930       ?FloatToDouble@@YANM@Z     0041a930 f   krnln_static:FUNC.OBJ
 0001:00019a40       ?ftoa@@YAXMPAD@Z           0041aa40 f   krnln_static:FUNC.OBJ
 0001:00019ad0       ?dtoa@@YAXNPAD@Z           0041aad0 f   krnln_static:FUNC.OBJ
 0001:00019b60       ?SetOleDateTime@@YAXAAVCOleDateTime@@N@Z 0041ab60 f   krnln_static:FUNC.OBJ
 0001:00019bf0       ?GetDateTimeStr@@YAXNPAD@Z 0041abf0 f   krnln_static:FUNC.OBJ
 0001:00019d10       ?CCStrToEg@@YAXPADAAVCFreqMem@@H@Z 0041ad10 f   krnln_static:FUNC.OBJ
 0001:00019db0       ?StrToDateTime@@YAHPADPAN@Z 0041adb0 f   krnln_static:FUNC.OBJ
 0001:0001a160       ?GetFontPoint@@YAHPAUtagLOGFONTA@@@Z 0041b160 f   krnln_static:FUNC.OBJ
 0001:0001a1b0       ?AddInt@@YAXPAHHHH@Z       0041b1b0 f   krnln_static:FUNC.OBJ
 0001:0001a1f0       ?CCToEg@@YADG@Z            0041b1f0 f   krnln_static:FUNC.OBJ
 0001:0001a230       ?AddInt@@YAXPAHHH@Z        0041b230 f   krnln_static:FUNC.OBJ
 0001:0001a270       ?FindSmallOrEqvInt@@YAHPAHHH@Z 0041b270 f   krnln_static:FUNC.OBJ
 0001:0001a2b0       ?BoolToStr@@YAXHPAD@Z      0041b2b0 f   krnln_static:FUNC.OBJ
 0001:0001a2f0       ?AddComboStrings@@YAXPAVCComboBox@@PAD@Z 0041b2f0 f   krnln_static:FUNC.OBJ
 0001:0001a340       ?FormatText@@YA?AVCString@@PADZZ 0041b340 f   krnln_static:FUNC.OBJ
 0001:0001a3c0       ?GetWinCursorType@@YAHH@Z  0041b3c0 f   krnln_static:FUNC.OBJ
 0001:0001a3e0       ?CreateIconFromData@@YAPAUHICON__@@PAEHH@Z 0041b3e0 f   krnln_static:FUNC.OBJ
 0001:0001a4d0       ?CenterPaintBmpRes@@YAXPAVCWnd@@I@Z 0041b4d0 f   krnln_static:FUNC.OBJ
 0001:0001a760       ??0CGdiObject@@QAE@XZ      0041b760 f i krnln_static:FUNC.OBJ
 0001:0001a770       ?DPToPT@@YAHH@Z            0041b770 f   krnln_static:FUNC.OBJ
 0001:0001a7c0       ?PTToDP@@YAHH@Z            0041b7c0 f   krnln_static:FUNC.OBJ
 0001:0001a800       ?ShowErrorMsg@@YAXPBD@Z    0041b800 f   krnln_static:FUNC.OBJ
 0001:0001a820       ?GetWinCursorTypeIndex@@YAHH@Z 0041b820 f   krnln_static:FUNC.OBJ
 0001:0001a850       ?CreateMyCursor@@YAPAUHICON__@@PAEH@Z 0041b850 f   krnln_static:FUNC.OBJ
 0001:0001a910       ?SetUnit@@YAXPAVCDC@@H@Z   0041b910 f   krnln_static:FUNC.OBJ
 0001:0001aa20       ?LoadTwoIcon@@YAXPAUHINSTANCE__@@PBDPAPAUHICON__@@2@Z 0041ba20 f   krnln_static:FUNC.OBJ
 0001:0001aa60       ?IsShareError@@YAHPAVCFileException@@@Z 0041ba60 f   krnln_static:FUNC.OBJ
 0001:0001aa80       ?wait@@YAXXZ               0041ba80 f   krnln_static:FUNC.OBJ
 0001:0001aaa0       ?GetInstancePath@@YAXPAUHINSTANCE__@@AAVCString@@@Z 0041baa0 f   krnln_static:FUNC.OBJ
 0001:0001ab00       ?SetFontPoint@@YAXPAUtagLOGFONTA@@H@Z 0041bb00 f   krnln_static:FUNC.OBJ
 0001:0001ab50       ?MGetStretchMode@@YAHXZ    0041bb50 f   krnln_static:FUNC.OBJ
 0001:0001ab90       ?ConvertNanFangPY@@YAEEEH@Z 0041bb90 f   krnln_static:PY.OBJ
 0001:0001ac40       ??0CCryptFile@@QAE@PBDH@Z  0041bc40 f   krnln_static:CryptFile.obj
 0001:0001aca0       ?SetPassword@CCryptFile@@QAEXPBDH@Z 0041bca0 f   krnln_static:CryptFile.obj
 0001:0001ad60       ?Read@CCryptFile@@UAEIPAXI@Z 0041bd60 f   krnln_static:CryptFile.obj
 0001:0001adc0       ?Write@CCryptFile@@UAEXPBXI@Z 0041bdc0 f   krnln_static:CryptFile.obj
 0001:0001aea0       ?prepare_key@@YAXPAEHPAUrc4_key@@@Z 0041bea0 f   krnln_static:CryptFile.obj
 0001:0001af60       ?skip@@YAXHPAUrc4_key@@@Z  0041bf60 f   krnln_static:CryptFile.obj
 0001:0001afd0       ?rc4@@YAXPAEHPAUrc4_key@@@Z 0041bfd0 f   krnln_static:CryptFile.obj
 0001:0001b050       ?CallRC4@CCryptFile@@IAEXHPAEHH@Z 0041c050 f   krnln_static:CryptFile.obj
 0001:0001b250       ?NewGetMD5@CCryptFile@@SAXPAEIPAD@Z 0041c250 f   krnln_static:CryptFile.obj
 0001:0001b2a0       ?OnChar@CInputEdit@@IAEXIII@Z 0041c2a0 f   krnln_static:DLG.OBJ
 0001:0001b2f0       ?PreClose@CPrintStatusDlg@@QAEXXZ 0041c2f0 f   krnln_static:DLG.OBJ
 0001:0001b350       ?OnClose@CPrintStatusDlg@@IAEXXZ 0041c350 f   krnln_static:DLG.OBJ
 0001:0001b370       ?OnLButtonDown@CInputPanel@@IAEXIVCPoint@@@Z 0041c370 f   krnln_static:DLG.OBJ
 0001:0001b3c0       ?OnMouseMove@CInputPanel@@IAEXIVCPoint@@@Z 0041c3c0 f   krnln_static:DLG.OBJ
 0001:0001b500       ?OnLButtonUp@CInputPanel@@IAEXIVCPoint@@@Z 0041c500 f   krnln_static:DLG.OBJ
 0001:0001b530       ?OnDestroy@CBrowDlg@@IAEXXZ 0041c530 f   krnln_static:DLG.OBJ
 0001:0001b5d0       ?SetFocusMark@CBrowDlg@@QAEXPAVCWnd@@H@Z 0041c5d0 f   krnln_static:DLG.OBJ
 0001:0001b610       ?ShowControl@CBrowDlg@@QAEXPAVCWnd@@@Z 0041c610 f   krnln_static:DLG.OBJ
 0001:0001b800       ?SetCaption@CBrowDlg@@IAEXXZ 0041c800 f   krnln_static:DLG.OBJ
 0001:0001b960       ?WriteCurRecord@CBrowDlg@@IAEHXZ 0041c960 f   krnln_static:DLG.OBJ
 0001:0001c1f0       ?ProcessButton@CBrowDlg@@QAEXH@Z 0041d1f0 f   krnln_static:DLG.OBJ
 0001:0001c420       ??1CModiMemoBin@@UAE@XZ    0041d420 f i krnln_static:DLG.OBJ
 0001:0001c4b0       ??_ECStatic@@UAEPAXI@Z     0041d4b0 f i krnln_static:DLG.OBJ
 0001:0001c4b0       ??_GCStatic@@UAEPAXI@Z     0041d4b0 f i krnln_static:DLG.OBJ
 0001:0001c4d0       ?OnSetfocus@CFieldEdit@@IAEXXZ 0041d4d0 f   krnln_static:DLG.OBJ
 0001:0001c4f0       ?OnKillfocus@CFieldEdit@@IAEXXZ 0041d4f0 f   krnln_static:DLG.OBJ
 0001:0001c810       ?OnChar@CFieldEdit@@IAEXIII@Z 0041d810 f   krnln_static:DLG.OBJ
 0001:0001c860       ?OnSetFocus@CFieldBtn@@IAEXPAVCWnd@@@Z 0041d860 f   krnln_static:DLG.OBJ
 0001:0001c880       ?OnKillFocus@CFieldBtn@@IAEXPAVCWnd@@@Z 0041d880 f   krnln_static:DLG.OBJ
 0001:0001c8a0       ?OnClicked@CFieldBtn@@IAEXXZ 0041d8a0 f   krnln_static:DLG.OBJ
 0001:0001c900       ?OnPaint@CFieldLabel@@IAEXXZ 0041d900 f   krnln_static:DLG.OBJ
 0001:0001c9b0       ??0CModiMemoBin@@QAE@PAVCWnd@@@Z 0041d9b0 f   krnln_static:DLG.OBJ
 0001:0001ca70       ??_GCModiMemoBin@@UAEPAXI@Z 0041da70 f i krnln_static:DLG.OBJ
 0001:0001ca70       ??_ECModiMemoBin@@UAEPAXI@Z 0041da70 f i krnln_static:DLG.OBJ
 0001:0001ca90       ?DoDataExchange@CModiMemoBin@@MAEXPAVCDataExchange@@@Z 0041da90 f   krnln_static:DLG.OBJ
 0001:0001cad0       ?GetMessageMap@CModiMemoBin@@MBEPBUAFX_MSGMAP@@XZ 0041dad0 f   krnln_static:DLG.OBJ
 0001:0001cae0       ?ShowData@CModiMemoBin@@IAEXXZ 0041dae0 f   krnln_static:DLG.OBJ
 0001:0001cd60       ?OnInitDialog@CModiMemoBin@@MAEHXZ 0041dd60 f   krnln_static:DLG.OBJ
 0001:0001d110       ?InOrOut@CModiMemoBin@@IAEXH@Z 0041e110 f   krnln_static:DLG.OBJ
 0001:0001d360       ?OnIn@CModiMemoBin@@IAEXXZ 0041e360 f   krnln_static:DLG.OBJ
 0001:0001d370       ?OnOut@CModiMemoBin@@IAEXXZ 0041e370 f   krnln_static:DLG.OBJ
 0001:0001d380       ?OnPlaySound@CModiMemoBin@@IAEXXZ 0041e380 f   krnln_static:DLG.OBJ
 0001:0001d430       ?OnStopPlayCurSound@CModiMemoBin@@IAEXXZ 0041e430 f   krnln_static:DLG.OBJ
 0001:0001d4a0       ?OnClear@CModiMemoBin@@IAEXXZ 0041e4a0 f   krnln_static:DLG.OBJ
 0001:0001d500       ?SaveCurMemoData@CModiMemoBin@@IAEXXZ 0041e500 f   krnln_static:DLG.OBJ
 0001:0001d590       ?OnOK@CModiMemoBin@@MAEXXZ 0041e590 f   krnln_static:DLG.OBJ
 0001:0001d5b0       ?NewCreateSpecMenu@@YAPAUHMENU__@@PAEHKHPAPAUHACCEL__@@H@Z 0041e5b0 f   krnln_static:MENU.OBJ
 0001:0001d750       ?GetQuickKeyName@@YAPADH@Z 0041e750 f   krnln_static:MENU.OBJ
 0001:0001d770       ?InsertMenuA@@YAPAUHMENU__@@PAU1@AAPAEAAHHPAVCMyDWordArray@@H@Z 0041e770 f   krnln_static:MENU.OBJ
 0001:0001dbe0       ?DDBToDIB@@YAPAXAAVCBitmap@@KPAVCPalette@@@Z 0041ebe0 f   krnln_static:Savebmp.obj
 0001:0001de20       ?WriteDIB@@YAHAAVCFreqMem@@PAX@Z 0041ee20 f   krnln_static:Savebmp.obj
 0001:0001df20       ?WriteBitmap@@YAHAAVCBitmap@@AAVCFreqMem@@HH@Z 0041ef20 f   krnln_static:Savebmp.obj
 0001:0001e280       ??_ECPalette@@UAEPAXI@Z    0041f280 f i krnln_static:Savebmp.obj
 0001:0001e280       ??_GCPalette@@UAEPAXI@Z    0041f280 f i krnln_static:Savebmp.obj
 0001:0001e2a0       ??1CPalette@@UAE@XZ        0041f2a0 f i krnln_static:Savebmp.obj
 0001:0001e2e0       ?GetBitmapData@@YAPAXPAUHBITMAP__@@@Z 0041f2e0 f   krnln_static:Savebmp.obj
 0001:0001e430       ??0CJBPic@@QAE@XZ          0041f430 f   krnln_static:JBPIC.OBJ
 0001:0001e4d0       ?init@CJBPic@@QAEXXZ       0041f4d0 f   krnln_static:JBPIC.OBJ
 0001:0001e4f0       ?Serialize@CJBPic@@UAEXAAVCArchive@@@Z 0041f4f0 f   krnln_static:JBPIC.OBJ
 0001:0001e8d0       ?Create@CJBPic@@QAEHHUtagSIZE@@PAKHPAUtagRECT@@@Z 0041f8d0 f   krnln_static:JBPIC.OBJ
 0001:0001ef70       ?GetColor@CJBPic@@IAEXHHPAE00@Z 0041ff70 f   krnln_static:JBPIC.OBJ
 0001:0001f0f0       ?CreateBitmap@CJBPic@@QAEPAUHBITMAP__@@PAVCDC@@@Z 004200f0 f   krnln_static:JBPIC.OBJ
 0001:0001f180       ?draw@CJBPic@@QAEHPAVCDC@@HHK@Z 00420180 f   krnln_static:JBPIC.OBJ
 0001:0001f2c0       ?FillRect@CJBPic@@QAEHPAVCDC@@PBVCRect@@1HPAKHK@Z 004202c0 f   krnln_static:JBPIC.OBJ
 0001:0001f4f0       ?DrawRect@CJBPic@@QAEHPAVCDC@@PBVCRect@@H1ABUtagSIZE@@PAKHHK@Z 004204f0 f   krnln_static:JBPIC.OBJ
 0001:0001fa80       ?Read@CStream@@UAEHPAEH@Z  00420a80 f   krnln_static:Pic.obj
 0001:0001fb20       ?BGRFromRGB@@YAHPAEII@Z    00420b20 f   krnln_static:Pic.obj
 0001:0001fb70       ?VertFlipBuf@@YAHPAEII@Z   00420b70 f   krnln_static:Pic.obj
 0001:0001fc80       ?MakeDwordAlignedBuf@@YAPAEPAEIIPAI@Z 00420c80 f   krnln_static:Pic.obj
 0001:0001fd20       _LoadPicFile@4             00420d20 f   krnln_static:Pic.obj
 0001:0001fdc0       _LoadPicData@8             00420dc0 f   krnln_static:Pic.obj
 0001:0001fe90       _BeginDrawPic@12           00420e90 f   krnln_static:Pic.obj
 0001:000200f0       _DrawPic@24                004210f0 f   krnln_static:Pic.obj
 0001:00020450       _EndDrawPic@4              00421450 f   krnln_static:Pic.obj
 0001:00020480       _Draw@24                   00421480 f   krnln_static:Pic.obj
 0001:000204f0       _GetHBitmap@8              004214f0 f   krnln_static:Pic.obj
 0001:000206c0       _LoadJPGFile@4             004216c0 f   krnln_static:Pic.obj
 0001:00020720       ?AllocMem@@YAPAEH@Z        00421720 f   krnln_static:Pic.obj
 0001:00020730       _LoadJPG@4                 00421730 f   krnln_static:Pic.obj
 0001:00020820       ??_GCStream@@UAEPAXI@Z     00421820 f i krnln_static:Pic.obj
 0001:00020820       ??_ECStream@@UAEPAXI@Z     00421820 f i krnln_static:Pic.obj
 0001:00020840       ??1CStream@@UAE@XZ         00421840 f i krnln_static:Pic.obj
 0001:00020850       ?Read@CBaseStream@@UAEHPAEH@Z 00421850 f i krnln_static:Pic.obj
 0001:00020860       ??_ECBaseStream@@UAEPAXI@Z 00421860 f i krnln_static:Pic.obj
 0001:00020860       ??_GCBaseStream@@UAEPAXI@Z 00421860 f i krnln_static:Pic.obj
 0001:00020880       _LoadBMPFile@4             00421880 f   krnln_static:Pic.obj
 0001:000208e0       _LoadPcxFile@4             004218e0 f   krnln_static:Pic.obj
 0001:00020940       _LoadBMP@4                 00421940 f   krnln_static:Pic.obj
 0001:00020a10       _GetPicFileType@4          00421a10 f   krnln_static:Pic.obj
 0001:00020a70       _GetPicDataType@8          00421a70 f   krnln_static:Pic.obj
 0001:00020b60       _GetPicType@4              00421b60 f   krnln_static:Pic.obj
 0001:00020c20       _LoadIcoFile@8             00421c20 f   krnln_static:Pic.obj
 0001:00020c80       _LoadIco@8                 00421c80 f   krnln_static:Pic.obj
 0001:00020ee0       _LoadGifFile@4             00421ee0 f   krnln_static:Pic.obj
 0001:00020f40       _LoadGif@4                 00421f40 f   krnln_static:Pic.obj
 0001:000210e0       _GetFileFilterStr@0        004220e0 f   krnln_static:Pic.obj
 0001:000210f0       ?GetMessageMap@CPicWnd@@MBEPBUAFX_MSGMAP@@XZ 004220f0 f   krnln_static:Pic.obj
 0001:00021100       ?OnPaint@CPicWnd@@IAEXXZ   00422100 f   krnln_static:Pic.obj
 0001:00021360       ?PostNcDestroy@CPicWnd@@MAEXXZ 00422360 f   krnln_static:Pic.obj
 0001:00021390       ?AutoSizeWnd@CPicWnd@@MAEXXZ 00422390 f   krnln_static:Pic.obj
 0001:00021450       ?Empty@CPicWnd@@QAEXXZ     00422450 f   krnln_static:Pic.obj
 0001:000214b0       ?EmptyData@CPicWnd@@QAEXXZ 004224b0 f   krnln_static:Pic.obj
 0001:000214d0       ?PutData@CPicWnd@@QAEHPAEH@Z 004224d0 f   krnln_static:Pic.obj
 0001:000216b0       _LoadPcx@4                 004226b0 f   krnln_static:Pic.obj
 0001:00021780       ?LoadPcxData@@YAPAUPIC_INFO@@PAEH@Z 00422780 f   krnln_static:Pic.obj
 0001:00021a60       ?LoadBWPcx@@YAPAUPIC_INFO@@PAEH@Z 00422a60 f   krnln_static:Pic.obj
 0001:00021c10       ?CreateCursorFromData@@YAPAUHICON__@@PAEK@Z 00422c10 f   krnln_static:Pic.obj
 0001:00021d10       ??0CMIDI@@QAE@XZ           00422d10 f   krnln_static:MIDI.OBJ
 0001:00021db0       ??_ECMIDI@@UAEPAXI@Z       00422db0 f i krnln_static:MIDI.OBJ
 0001:00021db0       ??_GCMIDI@@UAEPAXI@Z       00422db0 f i krnln_static:MIDI.OBJ
 0001:00021dd0       ??1CMIDI@@UAE@XZ           00422dd0 f   krnln_static:MIDI.OBJ
 0001:00021ea0       ?Empty@CMIDI@@QAEXXZ       00422ea0 f   krnln_static:MIDI.OBJ
 0001:00021ed0       ?init@CMIDI@@IAEXXZ        00422ed0 f   krnln_static:MIDI.OBJ
 0001:00021ff0       ?IsMIDIData@CMIDI@@SAHPAEK@Z 00422ff0 f   krnln_static:MIDI.OBJ
 0001:00022010       ?Create@CMIDI@@QAEHPAXKPAVCWnd@@@Z 00423010 f   krnln_static:MIDI.OBJ
 0001:000222d0       ?Play@CMIDI@@QAEHH@Z       004232d0 f   krnln_static:MIDI.OBJ
 0001:00022340       ?Stop@CMIDI@@QAEHH@Z       00423340 f   krnln_static:MIDI.OBJ
 0001:00022450       ?Continue@CMIDI@@QAEHXZ    00423450 f   krnln_static:MIDI.OBJ
 0001:00022490       ?Rewind@CMIDI@@QAEHXZ      00423490 f   krnln_static:MIDI.OBJ
 0001:00022510       ?ConvertToBuffer@CMIDI@@IAEHKPAUCONVERTINFO@@@Z 00423510 f   krnln_static:MIDI.OBJ
 0001:00022750       ?GetTrackEvent@CMIDI@@IAEHPAUTRACK@@PAUTEMPEVENT@@@Z 00423750 f   krnln_static:MIDI.OBJ
 0001:00022a00       ?GetTrackVDWord@CMIDI@@IAEHPAUTRACK@@PAK@Z 00423a00 f   krnln_static:MIDI.OBJ
 0001:00022a50       ?AddEventToStreamBuffer@CMIDI@@IAEHPAUTEMPEVENT@@PAUCONVERTINFO@@@Z 00423a50 f   krnln_static:MIDI.OBJ
 0001:00022ca0       ?StreamBufferSetup@CMIDI@@IAEHXZ 00423ca0 f   krnln_static:MIDI.OBJ
 0001:00022f90       ?FreeBuffers@CMIDI@@IAEXXZ 00423f90 f   krnln_static:MIDI.OBJ
 0001:00023010       ?OnMidiOutDone@CMIDI@@MAEXAAUmidihdr_tag@@@Z 00424010 f   krnln_static:MIDI.OBJ
 0001:000231d0       ?OnMidiOutPositionCB@CMIDI@@MAEXAAUmidihdr_tag@@AAUmidievent_tag@@@Z 004241d0 f   krnln_static:MIDI.OBJ
 0001:000232a0       ?OnMidiOutClose@CMIDI@@MAEXXZ 004242a0 f   krnln_static:MIDI.OBJ
 0001:000232c0       ?MidiProc@CMIDI@@CGXPAUHMIDIOUT__@@IKKK@Z 004242c0 f   krnln_static:MIDI.OBJ
 0001:00023330       ?size@?$vector@UTRACK@@V?$allocator@UTRACK@@@std@@@std@@QBEIXZ 00424330 f i krnln_static:MIDI.OBJ
 0001:00023360       ?insert@?$vector@UTRACK@@V?$allocator@UTRACK@@@std@@@std@@QAEXPAUTRACK@@IABU3@@Z 00424360 f i krnln_static:MIDI.OBJ
 0001:00023660       ?erase@?$vector@UTRACK@@V?$allocator@UTRACK@@@std@@@std@@QAEPAUTRACK@@PAU3@0@Z 00424660 f i krnln_static:MIDI.OBJ
 0001:000236a0       ?insert@?$vector@PAXV?$allocator@PAX@std@@@std@@QAEXPAPAXIABQAX@Z 004246a0 f i krnln_static:MIDI.OBJ
 0001:000236a0       ?insert@?$vector@KV?$allocator@K@std@@@std@@QAEXPAKIABK@Z 004246a0 f i krnln_static:MIDI.OBJ
 0001:000238b0       ?size@?$vector@UCONVERTINFO@@V?$allocator@UCONVERTINFO@@@std@@@std@@QBEIXZ 004248b0 f i krnln_static:MIDI.OBJ
 0001:000238e0       ?insert@?$vector@UCONVERTINFO@@V?$allocator@UCONVERTINFO@@@std@@@std@@QAEXPAUCONVERTINFO@@IABU3@@Z 004248e0 f i krnln_static:MIDI.OBJ
 0001:00023bf0       ?erase@?$vector@UCONVERTINFO@@V?$allocator@UCONVERTINFO@@@std@@@std@@QAEPAUCONVERTINFO@@PAU3@0@Z 00424bf0 f i krnln_static:MIDI.OBJ
 0001:00023c30       ?copy@std@@YAPAUTRACK@@PAU2@00@Z 00424c30 f i krnln_static:MIDI.OBJ
 0001:00023c70       ?copy@std@@YAPAUCONVERTINFO@@PAU2@00@Z 00424c70 f i krnln_static:MIDI.OBJ
 0001:00023cb0       ?SetDllFuncs@CDllFunc@@QAEXP6AHXZP6AP6GHXZPBD@ZP6AXXZ@Z 00424cb0 f   krnln_static:DllFunc.obj
 0001:00023d00       ?GetProc@CDllFunc@@QAEP6GHXZPAD@Z 00424d00 f   krnln_static:DllFunc.obj
 0001:00023d40       ?MCloseSocket@CBaseSockWnd@@IAEXI@Z 00424d40 f   krnln_static:sockwnd.obj
 0001:00023d60       ?OnDataIncoming@CUDPSockWnd@@IAEJIJ@Z 00424d60 f   krnln_static:sockwnd.obj
 0001:00023e40       ?OnDataIncoming@CClientSockWnd@@IAEJIJ@Z 00424e40 f   krnln_static:sockwnd.obj
 0001:00023f80       ?OnAccept@CServerSockWnd@@IAEJIJ@Z 00424f80 f   krnln_static:sockwnd.obj
 0001:000240a0       ?OnDataIncoming@CServerSockWnd@@IAEJIJ@Z 004250a0 f   krnln_static:sockwnd.obj
 0001:00024280       ??0CPing@@QAE@XZ           00425280 f   krnln_static:sockwnd.obj
 0001:000242a0       ??_ECPing@@UAEPAXI@Z       004252a0 f i krnln_static:sockwnd.obj
 0001:000242a0       ??_GCPing@@UAEPAXI@Z       004252a0 f i krnln_static:sockwnd.obj
 0001:000242c0       ??1CPing@@UAE@XZ           004252c0 f   krnln_static:sockwnd.obj
 0001:000242f0       ?ClearEventBuf@CSerial@@IAEXXZ 004252f0 f   krnln_static:Serial.obj
 0001:00024320       ?OnHasEvent@CSerial@@IAEJIJ@Z 00425320 f   krnln_static:Serial.obj
 0001:00024560       ?AddProcessor@CMDataSource@@QAEXPAVCProcessor@@@Z 00425560 f   krnln_static:MDataSrc.obj
 0001:000246b0       ?RemoveProcessor@CMDataSource@@QAEXPAVCProcessor@@@Z 004256b0 f   krnln_static:MDataSrc.obj
 0001:000246f0       ?FindProcessor@CMDataSource@@QAEHPAVCProcessor@@@Z 004256f0 f   krnln_static:MDataSrc.obj
 0001:00024720       ?SetProvider@CMDataSource@@QAEXPAVCProvider@@@Z 00425720 f   krnln_static:MDataSrc.obj
 0001:00024750       ?CheckRowIndex@CMDataSource@@IAEHH@Z 00425750 f   krnln_static:MDataSrc.obj
 0001:00024780       ?CheckColIndex@CMDataSource@@IAEHH@Z 00425780 f   krnln_static:MDataSrc.obj
 0001:000247b0       ?CheckRowColIndex@CMDataSource@@IAEHHH@Z 004257b0 f   krnln_static:MDataSrc.obj
 0001:000247e0       ?CheckRow@CMDataSource@@IAEHHPAH@Z 004257e0 f   krnln_static:MDataSrc.obj
 0001:00024830       ?CheckCol@CMDataSource@@IAEHHPAH@Z 00425830 f   krnln_static:MDataSrc.obj
 0001:00024880       ?CheckRowCol@CMDataSource@@IAEHHPAHH0@Z 00425880 f   krnln_static:MDataSrc.obj
 0001:000248c0       ?SaveChange@CMDataSource@@QAEXXZ 004258c0 f   krnln_static:MDataSrc.obj
 0001:000248f0       ?GetRowCount@CMDataSource@@QAEHXZ 004258f0 f   krnln_static:MDataSrc.obj
 0001:00024900       ?GetRowHeight@CMDataSource@@QAEHH@Z 00425900 f   krnln_static:MDataSrc.obj
 0001:00024930       ?GetColCount@CMDataSource@@QAEHXZ 00425930 f   krnln_static:MDataSrc.obj
 0001:00024940       ?GetColWidth@CMDataSource@@QAEHH@Z 00425940 f   krnln_static:MDataSrc.obj
 0001:00024970       ?GetColName@CMDataSource@@QAEXHAAVCString@@@Z 00425970 f   krnln_static:MDataSrc.obj
 0001:000249b0       ?GetFixedRowCount@CMDataSource@@QAEHXZ 004259b0 f   krnln_static:MDataSrc.obj
 0001:000249c0       ?GetFixedColCount@CMDataSource@@QAEHXZ 004259c0 f   krnln_static:MDataSrc.obj
 0001:000249d0       ?GetCell@CMDataSource@@QAEHPAVCELL@@HHH@Z 004259d0 f   krnln_static:MDataSrc.obj
 0001:00024a10       ?GetState@CMDataSource@@QAEKHH@Z 00425a10 f   krnln_static:MDataSrc.obj
 0001:00024ab0       ?GetShowText@CMDataSource@@QAEXHHAAVCString@@@Z 00425ab0 f   krnln_static:MDataSrc.obj
 0001:00024b40       ?GetText@CMDataSource@@QAEXHHAAVCString@@@Z 00425b40 f   krnln_static:MDataSrc.obj
 0001:00024bd0       ?GetBackground@CELL@@QAEKXZ 00425bd0 f   krnln_static:MDataSrc.obj
 0001:00024bd0       ?GetCaretRowIndex@CMDataSource@@QAEHXZ 00425bd0 f   krnln_static:MDataSrc.obj
 0001:00024be0       ?IsReadOnly@CMDataSource@@QAEHXZ 00425be0 f   krnln_static:MDataSrc.obj
 0001:00024bf0       ?GetProvider@CMDataSource@@QAEPAVCProvider@@XZ 00425bf0 f   krnln_static:MDataSrc.obj
 0001:00024c00       ?SetRowHeight@CMDataSource@@QAEXHHH@Z 00425c00 f   krnln_static:MDataSrc.obj
 0001:00024c50       ?SetColWidth@CMDataSource@@QAEXHHH@Z 00425c50 f   krnln_static:MDataSrc.obj
 0001:00024ca0       ?NotifyCellModified@CMDataSource@@IAEXHHHH@Z 00425ca0 f   krnln_static:MDataSrc.obj
 0001:00024ce0       ?SetText@CMDataSource@@QAEHHHPAD@Z 00425ce0 f   krnln_static:MDataSrc.obj
 0001:00024d30       ?GetCellsData@CMDataSource@@QAEHAAVCFreqMem@@HHHH@Z 00425d30 f   krnln_static:MDataSrc.obj
 0001:00024e10       ?SetCellsData@CMDataSource@@QAEHPAEHHHHPAH11H@Z 00425e10 f   krnln_static:MDataSrc.obj
 0001:00024ed0       ?LoadCellsData@CMDataSource@@QAEHPAVCFile@@HHHPAH11H@Z 00425ed0 f   krnln_static:MDataSrc.obj
 0001:000250c0       ?SaveCellsData@CMDataSource@@QAEHPAVCFile@@HHHH@Z 004260c0 f   krnln_static:MDataSrc.obj
 0001:000251d0       ?GetIndependRect@CMDataSource@@QAEXAAVCRect@@@Z 004261d0 f   krnln_static:MDataSrc.obj
 0001:00025280       ?SetupPrinterInfo@CMDataSource@@QAEHXZ 00426280 f   krnln_static:MDataSrc.obj
 0001:00025770       ??1CPrinterSetup@@UAE@XZ   00426770 f i krnln_static:MDataSrc.obj
 0001:00025940       ?GetPrintInfo@CMDataSource@@QAEPBVCMPrintInfo@@XZ 00426940 f   krnln_static:MDataSrc.obj
 0001:00025950       ?CreatePrinterDC@CMDataSource@@QAEPAUHDC__@@XZ 00426950 f   krnln_static:MDataSrc.obj
[...]
 0001:000614d0       _$E380                     004624d0 f   nafxcw:wincore.obj
 0001:000614da       _$E376                     004624da f   nafxcw:wincore.obj
 0001:000614e7       _$E379                     004624e7 f   nafxcw:wincore.obj
 0001:000614f3       _$E377                     004624f3 f   nafxcw:wincore.obj
 0001:0006150e       _$E385                     0046250e f   nafxcw:wincore.obj
 0001:00061518       _$E382                     00462518 f   nafxcw:wincore.obj
 0001:00061525       _$E384                     00462525 f   nafxcw:wincore.obj
 0001:00061531       _$E383                     00462531 f   nafxcw:wincore.obj
 0001:0006154c       _$E390                     0046254c f   nafxcw:wincore.obj
 0001:00061556       _$E387                     00462556 f   nafxcw:wincore.obj
 0001:00061563       _$E389                     00462563 f   nafxcw:wincore.obj
 0001:0006156f       _$E388                     0046256f f   nafxcw:wincore.obj
 0001:0006158a       _$E395                     0046258a f   nafxcw:wincore.obj
 0001:00061594       _$E392                     00462594 f   nafxcw:wincore.obj
 0001:000615a1       _$E394                     004625a1 f   nafxcw:wincore.obj
 0001:000615ad       _$E393                     004625ad f   nafxcw:wincore.obj
 0001:00069152       _$E403                     0046a152 f   nafxcw:wincore.obj
 0001:0006915c       _$E399                     0046a15c f   nafxcw:wincore.obj
 0001:0006916b       _$E402                     0046a16b f   nafxcw:wincore.obj
 0001:00069177       _$E400                     0046a177 f   nafxcw:wincore.obj
 0001:00068e90       _$E372                     00469e90 f   nafxcw:wingdi.obj
 0001:00068e9a       _$E369                     00469e9a f   nafxcw:wingdi.obj
 0001:00068eac       _$E371                     00469eac f   nafxcw:wingdi.obj
 0001:00068eb8       _$E370                     00469eb8 f   nafxcw:wingdi.obj
 0001:00068ec8       _$E377                     00469ec8 f   nafxcw:wingdi.obj
 0001:00068ed2       _$E374                     00469ed2 f   nafxcw:wingdi.obj
 0001:00068ee4       _$E376                     00469ee4 f   nafxcw:wingdi.obj
 0001:00068ef0       _$E375                     00469ef0 f   nafxcw:wingdi.obj
 0001:00069029       _$E383                     0046a029 f   nafxcw:wingdi.obj
 0001:00069033       _$E379                     0046a033 f   nafxcw:wingdi.obj
 0001:00069042       _$E382                     0046a042 f   nafxcw:wingdi.obj
 0001:0006904e       _$E380                     0046a04e f   nafxcw:wingdi.obj
 0001:00069069       _$E388                     0046a069 f   nafxcw:wingdi.obj
 0001:00069073       _$E385                     0046a073 f   nafxcw:wingdi.obj
 0001:00069082       _$E387                     0046a082 f   nafxcw:wingdi.obj
 0001:0006908e       _$E386                     0046a08e f   nafxcw:wingdi.obj
 0001:00068de0       _$E368                     00469de0 f   nafxcw:except.obj
 0001:00068dea       _$E365                     00469dea f   nafxcw:except.obj
 0001:00068dfc       _$E367                     00469dfc f   nafxcw:except.obj
 0001:00068e08       _$E366                     00469e08 f   nafxcw:except.obj
 0001:00068e18       _$E373                     00469e18 f   nafxcw:except.obj
 0001:00068e22       _$E370                     00469e22 f   nafxcw:except.obj
 0001:00068e34       _$E372                     00469e34 f   nafxcw:except.obj
 0001:00068e40       _$E371                     00469e40 f   nafxcw:except.obj
 0001:0005fdc1       _$E368                     00460dc1 f   nafxcw:strcore.obj
 0001:0005fdcb       _$E365                     00460dcb f   nafxcw:strcore.obj
 0001:0005fdda       _$E367                     00460dda f   nafxcw:strcore.obj
 0001:0005fde6       _$E366                     00460de6 f   nafxcw:strcore.obj
 0001:0005fdf0       _$E373                     00460df0 f   nafxcw:strcore.obj
 0001:0005fdfa       _$E370                     00460dfa f   nafxcw:strcore.obj
 0001:0005fe0c       _$E372                     00460e0c f   nafxcw:strcore.obj
 0001:0005fe18       _$E371                     00460e18 f   nafxcw:strcore.obj
 0001:0005fe22       _$E378                     00460e22 f   nafxcw:strcore.obj
 0001:0005fe2c       _$E375                     00460e2c f   nafxcw:strcore.obj
 0001:0005fe3e       _$E377                     00460e3e f   nafxcw:strcore.obj
 0001:0005fe4a       _$E376                     00460e4a f   nafxcw:strcore.obj
 0001:0005fe54       _$E383                     00460e54 f   nafxcw:strcore.obj
 0001:0005fe5e       _$E380                     00460e5e f   nafxcw:strcore.obj
 0001:0005fe70       _$E382                     00460e70 f   nafxcw:strcore.obj
 0001:0005fe7c       _$E381                     00460e7c f   nafxcw:strcore.obj
 0001:0005c357       _siglookup                 0045d357 f   libcmt:winsig.obj
 0001:00057118       _strncnt                   00458118 f   libcmt:a_map.obj
 0001:0005a87d       __abstract_cw              0045b87d f   libcmt:ieee87.obj
 0001:0005a90f       __hw_cw                    0045b90f f   libcmt:ieee87.obj
 0001:0005a778       _x_ismbbtype               0045b778 f   libcmt:ismbbyte.obj
 0001:0005a1d3       __tzset_lk                 0045b1d3 f   libcmt:tzset.obj
 0001:0005a47b       __isindst_lk               0045b47b f   libcmt:tzset.obj
 0001:0005a627       _cvtdate                   0045b627 f   libcmt:tzset.obj
 0001:00059c9b       __hextodec                 0045ac9b f   libcmt:input.obj
 0001:00059cd2       __inc                      0045acd2 f   libcmt:input.obj
 0001:00059cec       __un_inc                   0045acec f   libcmt:input.obj
 0001:00059d03       __whiteout                 0045ad03 f   libcmt:input.obj
 0001:00058f8f       _flsall                    00459f8f f   libcmt:fflush.obj
 0001:00058c75       _write_char                00459c75 f   libcmt:output.obj
 0001:00058caa       _write_multi_char          00459caa f   libcmt:output.obj
 0001:00058cdb       _write_string              00459cdb f   libcmt:output.obj
 0001:00058d13       _get_int_arg               00459d13 f   libcmt:output.obj
 0001:00058d20       _get_int64_arg             00459d20 f   libcmt:output.obj
 0001:00058d30       _get_short_arg             00459d30 f   libcmt:output.obj
 0001:00057118       _strncnt                   00458118 f   libcmt:a_map.obj
 0001:000564eb       ?FindHandler@@YAXPAUEHExceptionRecord@@PAUEHRegistrationNode@@PAU_CONTEXT@@PAXPBU_s_FuncInfo@@EH1@Z 004574eb f   libcmt:frame.obj
 0001:0005669e       ?FindHandlerForForeignException@@YAXPAUEHExceptionRecord@@PAUEHRegistrationNode@@PAU_CONTEXT@@PAXPBU_s_FuncInfo@@HH1@Z 0045769e f   libcmt:frame.obj
 0001:00056748       ?TypeMatch@@YAHPBU_s_HandlerType@@PBU_s_CatchableType@@PBU_s_ThrowInfo@@@Z 00457748 f   libcmt:frame.obj
 0001:00056843       ?FrameUnwindFilter@@YAHPAU_EXCEPTION_POINTERS@@@Z 00457843 f   libcmt:frame.obj
 0001:00056859       ?CatchIt@@YAXPAUEHExceptionRecord@@PAUEHRegistrationNode@@PAU_CONTEXT@@PAXPBU_s_FuncInfo@@PBU_s_HandlerType@@PBU_s_CatchableType@@PBU_s_TryBlockMapEntry@@H1E@Z 00457859 f   libcmt:frame.obj
 0001:000568d4       ?CallCatchBlock@@YAPAXPAUEHExceptionRecord@@PAUEHRegistrationNode@@PAU_CONTEXT@@PBU_s_FuncInfo@@PAXHK@Z 004578d4 f   libcmt:frame.obj
 0001:000569ef       ?ExFilterRethrow@@YAHPAU_EXCEPTION_POINTERS@@@Z 004579ef f   libcmt:frame.obj
 0001:00056a19       ?BuildCatchObject@@YAXPAUEHExceptionRecord@@PAUEHRegistrationNode@@PBU_s_HandlerType@@PBU_s_CatchableType@@@Z 00457a19 f   libcmt:frame.obj
 0001:00056c44       ?AdjustPointer@@YAPAXPAXABUPMD@@@Z 00457c44 f   libcmt:frame.obj
 0001:0005629e       _findenv                   0045729e f   libcmt:setenv.obj
 0001:000562f6       _copy_environ              004572f6 f   libcmt:setenv.obj
 0001:00055364       label0                     00456364 f   libcmt:adj_fdiv.obj
 0001:0005536a       label1                     0045636a f   libcmt:adj_fdiv.obj
 0001:0005536f       label2                     0045636f f   libcmt:adj_fdiv.obj
 0001:00055375       label3                     00456375 f   libcmt:adj_fdiv.obj
 0001:0005537a       label4                     0045637a f   libcmt:adj_fdiv.obj
 0001:00055380       label5                     00456380 f   libcmt:adj_fdiv.obj
 0001:00055386       label6                     00456386 f   libcmt:adj_fdiv.obj
 0001:0005538c       label7                     0045638c f   libcmt:adj_fdiv.obj
 0001:00055392       label8                     00456392 f   libcmt:adj_fdiv.obj
 0001:000553ae       label9                     004563ae f   libcmt:adj_fdiv.obj
 0001:000553b3       label10                    004563b3 f   libcmt:adj_fdiv.obj
 0001:000553c9       label11                    004563c9 f   libcmt:adj_fdiv.obj
 0001:000553ce       label12                    004563ce f   libcmt:adj_fdiv.obj
 0001:000553ea       label13                    004563ea f   libcmt:adj_fdiv.obj
 0001:000553fa       label14                    004563fa f   libcmt:adj_fdiv.obj
 0001:0005540e       label15                    0045640e f   libcmt:adj_fdiv.obj
 0001:0005541e       label16                    0045641e f   libcmt:adj_fdiv.obj
 0001:0005543e       label17                    0045643e f   libcmt:adj_fdiv.obj
 0001:00055443       label18                    00456443 f   libcmt:adj_fdiv.obj
 0001:0005545d       label19                    0045645d f   libcmt:adj_fdiv.obj
 0001:00055462       label20                    00456462 f   libcmt:adj_fdiv.obj
 0001:00055482       label21                    00456482 f   libcmt:adj_fdiv.obj
 0001:00055496       label22                    00456496 f   libcmt:adj_fdiv.obj
 0001:000554ae       label23                    004564ae f   libcmt:adj_fdiv.obj
 0001:000554c2       label24                    004564c2 f   libcmt:adj_fdiv.obj
 0001:000554e2       label25                    004564e2 f   libcmt:adj_fdiv.obj
 0001:000554e7       label26                    004564e7 f   libcmt:adj_fdiv.obj
 0001:00055501       label27                    00456501 f   libcmt:adj_fdiv.obj
 0001:00055506       label28                    00456506 f   libcmt:adj_fdiv.obj
 0001:00055526       label29                    00456526 f   libcmt:adj_fdiv.obj
 0001:0005553a       label30                    0045653a f   libcmt:adj_fdiv.obj
 0001:00055552       label31                    00456552 f   libcmt:adj_fdiv.obj
 0001:00055566       label32                    00456566 f   libcmt:adj_fdiv.obj
 0001:00055586       label33                    00456586 f   libcmt:adj_fdiv.obj
 0001:0005558b       label34                    0045658b f   libcmt:adj_fdiv.obj
 0001:000555a5       label35                    004565a5 f   libcmt:adj_fdiv.obj
 0001:000555aa       label36                    004565aa f   libcmt:adj_fdiv.obj
 0001:000555ca       label37                    004565ca f   libcmt:adj_fdiv.obj
 0001:000555de       label38                    004565de f   libcmt:adj_fdiv.obj
 0001:000555f6       label39                    004565f6 f   libcmt:adj_fdiv.obj
 0001:0005560a       label40                    0045660a f   libcmt:adj_fdiv.obj
 0001:0005562a       label41                    0045662a f   libcmt:adj_fdiv.obj
 0001:0005562f       label42                    0045662f f   libcmt:adj_fdiv.obj
 0001:00055649       label43                    00456649 f   libcmt:adj_fdiv.obj
 0001:0005564e       label44                    0045664e f   libcmt:adj_fdiv.obj
 0001:0005566e       label45                    0045666e f   libcmt:adj_fdiv.obj
 0001:00055682       label46                    00456682 f   libcmt:adj_fdiv.obj
 0001:0005569a       label47                    0045669a f   libcmt:adj_fdiv.obj
 0001:000556ae       label48                    004566ae f   libcmt:adj_fdiv.obj
 0001:000556ce       label49                    004566ce f   libcmt:adj_fdiv.obj
 0001:000556d3       label50                    004566d3 f   libcmt:adj_fdiv.obj
 0001:000556ed       label51                    004566ed f   libcmt:adj_fdiv.obj
 0001:000556f2       label52                    004566f2 f   libcmt:adj_fdiv.obj
 0001:00055712       label53                    00456712 f   libcmt:adj_fdiv.obj
 0001:00055726       label54                    00456726 f   libcmt:adj_fdiv.obj
 0001:0005573e       label55                    0045673e f   libcmt:adj_fdiv.obj
 0001:00055752       label56                    00456752 f   libcmt:adj_fdiv.obj
 0001:00055772       label57                    00456772 f   libcmt:adj_fdiv.obj
 0001:00055777       label58                    00456777 f   libcmt:adj_fdiv.obj
 0001:00055791       label59                    00456791 f   libcmt:adj_fdiv.obj
 0001:00055796       label60                    00456796 f   libcmt:adj_fdiv.obj
 0001:000557b6       label61                    004567b6 f   libcmt:adj_fdiv.obj
 0001:000557ca       label62                    004567ca f   libcmt:adj_fdiv.obj
 0001:000557e2       label63                    004567e2 f   libcmt:adj_fdiv.obj
 0001:00054d99       __get_fname                00455d99 f   libcmt:fpexcept.obj
 0001:00053fd1       fFEXP                      00454fd1 f   libcmt:87tran.obj
 0001:00054111       _rtforexpinf               00455111 f   libcmt:87tran.obj
 0001:00053cf8       __cftoe2                   00454cf8 f   libcmt:cvt.obj
 0001:00053e0f       __cftof2                   00454e0f f   libcmt:cvt.obj
 0001:00053f9a       __shift                    00454f9a f   libcmt:cvt.obj
 0001:00053171       _parse_cmdline             00454171 f   libcmt:stdargv.obj
 0001:00052f8d       _xcptlookup                00453f8d f   libcmt:winxfltr.obj
 0001:00052c08       _getSystemCP               00453c08 f   libcmt:mbctype.obj
 0001:00052c52       _CPtoLCID                  00453c52 f   libcmt:mbctype.obj
 0001:00052c85       _setSBCS                   00453c85 f   libcmt:mbctype.obj
 0001:00052cae       _setSBUpLow                00453cae f   libcmt:mbctype.obj
 0001:0005276d       __make_time_t              0045376d f   libcmt:mktime.obj
 0001:000524d5       _strtoxl                   004534d5 f   libcmt:strtol.obj
 0001:0005219b       _doexit                    0045319b f   libcmt:crt0dat.obj
 0001:00052252       __initterm                 00453252 f   libcmt:crt0dat.obj
 0001:00051620       LeadUp1                    00452620 f   libcmt:memcpy.obj
 0001:0005164c       LeadUp2                    0045264c f   libcmt:memcpy.obj
 0001:00051670       LeadUp3                    00452670 f   libcmt:memcpy.obj
 0001:000516ef       UnwindUp0                  004526ef f   libcmt:memcpy.obj
 0001:000516dc       UnwindUp1                  004526dc f   libcmt:memcpy.obj
 0001:000516d4       UnwindUp2                  004526d4 f   libcmt:memcpy.obj
 0001:000516cc       UnwindUp3                  004526cc f   libcmt:memcpy.obj
 0001:000516c4       UnwindUp4                  004526c4 f   libcmt:memcpy.obj
 0001:000516bc       UnwindUp5                  004526bc f   libcmt:memcpy.obj
 0001:000516b4       UnwindUp6                  004526b4 f   libcmt:memcpy.obj
 0001:000516ac       UnwindUp7                  004526ac f   libcmt:memcpy.obj
 0001:00051708       TrailUp0                   00452708 f   libcmt:memcpy.obj
 0001:00051710       TrailUp1                   00452710 f   libcmt:memcpy.obj
 0001:0005171c       TrailUp2                   0045271c f   libcmt:memcpy.obj
 0001:00051730       TrailUp3                   00452730 f   libcmt:memcpy.obj
 0001:000517a8       LeadDown1                  004527a8 f   libcmt:memcpy.obj
 0001:000517c8       LeadDown2                  004527c8 f   libcmt:memcpy.obj
 0001:000517f0       LeadDown3                  004527f0 f   libcmt:memcpy.obj
 0001:00051844       UnwindDown7                00452844 f   libcmt:memcpy.obj
 0001:0005184c       UnwindDown6                0045284c f   libcmt:memcpy.obj
 0001:00051854       UnwindDown5                00452854 f   libcmt:memcpy.obj
 0001:0005185c       UnwindDown4                0045285c f   libcmt:memcpy.obj
 0001:00051864       UnwindDown3                00452864 f   libcmt:memcpy.obj
 0001:0005186c       UnwindDown2                0045286c f   libcmt:memcpy.obj
 0001:00051874       UnwindDown1                00452874 f   libcmt:memcpy.obj
 0001:00051887       UnwindDown0                00452887 f   libcmt:memcpy.obj
 0001:000518a0       TrailDown0                 004528a0 f   libcmt:memcpy.obj
 0001:000518a8       TrailDown1                 004528a8 f   libcmt:memcpy.obj
 0001:000518b8       TrailDown2                 004528b8 f   libcmt:memcpy.obj
 0001:000518cc       TrailDown3                 004528cc f   libcmt:memcpy.obj
 0001:000504b6       _x64toa@20                 004514b6 f   libcmt:xtoa.obj
 0001:000501c0       LeadUp1                    004511c0 f   libcmt:memmove.obj
 0001:000501ec       LeadUp2                    004511ec f   libcmt:memmove.obj
 0001:00050210       LeadUp3                    00451210 f   libcmt:memmove.obj
 0001:0005028f       UnwindUp0                  0045128f f   libcmt:memmove.obj
 0001:0005027c       UnwindUp1                  0045127c f   libcmt:memmove.obj
 0001:00050274       UnwindUp2                  00451274 f   libcmt:memmove.obj
 0001:0005026c       UnwindUp3                  0045126c f   libcmt:memmove.obj
 0001:00050264       UnwindUp4                  00451264 f   libcmt:memmove.obj
 0001:0005025c       UnwindUp5                  0045125c f   libcmt:memmove.obj
 0001:00050254       UnwindUp6                  00451254 f   libcmt:memmove.obj
 0001:0005024c       UnwindUp7                  0045124c f   libcmt:memmove.obj
 0001:000502a8       TrailUp0                   004512a8 f   libcmt:memmove.obj
 0001:000502b0       TrailUp1                   004512b0 f   libcmt:memmove.obj
 0001:000502bc       TrailUp2                   004512bc f   libcmt:memmove.obj
 0001:000502d0       TrailUp3                   004512d0 f   libcmt:memmove.obj
 0001:00050348       LeadDown1                  00451348 f   libcmt:memmove.obj
 0001:00050368       LeadDown2                  00451368 f   libcmt:memmove.obj
 0001:00050390       LeadDown3                  00451390 f   libcmt:memmove.obj
 0001:000503e4       UnwindDown7                004513e4 f   libcmt:memmove.obj
 0001:000503ec       UnwindDown6                004513ec f   libcmt:memmove.obj
 0001:000503f4       UnwindDown5                004513f4 f   libcmt:memmove.obj
 0001:000503fc       UnwindDown4                004513fc f   libcmt:memmove.obj
 0001:00050404       UnwindDown3                00451404 f   libcmt:memmove.obj
 0001:0005040c       UnwindDown2                0045140c f   libcmt:memmove.obj
 0001:00050414       UnwindDown1                00451414 f   libcmt:memmove.obj
 0001:00050427       UnwindDown0                00451427 f   libcmt:memmove.obj
 0001:00050440       TrailDown0                 00451440 f   libcmt:memmove.obj
 0001:00050448       TrailDown1                 00451448 f   libcmt:memmove.obj
 0001:00050458       TrailDown2                 00451458 f   libcmt:memmove.obj
 0001:0005046c       TrailDown3                 0045146c f   libcmt:memmove.obj
 0001:0004fab0       _gu_return                 00450ab0 f   libcmt:exsup.obj
 0001:0004fab8       __unwind_handler           00450ab8 f   libcmt:exsup.obj
 0001:0004f8cb       ?CatchGuardHandler@@YA?AW4_EXCEPTION_DISPOSITION@@PAUEHExceptionRecord@@PAUCatchGuardRN@@PAX2@Z 004508cb f   libcmt:trnsctrl.obj
 0001:0004f9a6       ?TranslatorGuardHandler@@YA?AW4_EXCEPTION_DISPOSITION@@PAUEHExceptionRecord@@PAUTranslatorGuardRN@@PAX2@Z 004509a6 f   libcmt:trnsctrl.obj
 0001:0004f504       fFMOD                      00450504 f   libcmt:87fmod.obj
 0001:0004f12d       _fast_error_exit           0045012d f   libcmt:wincrt0.obj
 0001:0005d2ec       _$E24                      0045e2ec f   libcpmt:string.obj
 0001:0005d316       _$E20                      0045e316 f   libcpmt:string.obj
 0001:0005d322       _$E23                      0045e322 f   libcpmt:string.obj

 6210 bytes saved through ICF

