 compress

 Timestamp is 5242e64d (Wed Sep 25 21:34:05 2013)

 Preferred load address is 10000000

 Start         Length     Name                   Class
 0001:00000000 000571eeH .text                   CODE
 0001:000571ee 00000d98H .text$AFX_AUX           CODE
 0001:00057f86 0000066fH .text$AFX_CMNCTL        CODE
 0001:000585f5 000007deH .text$AFX_COL1          CODE
 0001:00058dd3 000004c7H .text$AFX_COL2          CODE
 0001:0005929a 000062f8H .text$AFX_CORE1         CODE
 0001:0005f592 0000169eH .text$AFX_CORE2         CODE
 0001:00060c30 000008edH .text$AFX_CORE3         CODE
 0001:0006151d 00000d06H .text$AFX_CORE4         CODE
 0001:00062223 00001bc3H .text$AFX_INIT          CODE
 0001:00063de6 00000000H .text$AFX_OLE1          CODE
 0001:00063de6 00000000H .text$AFX_OLE5          CODE
 0001:00063de6 00000000H .text$AFX_PRNT          CODE
 0001:00063de6 0000015eH .text$AFX_TERM          CODE
 0001:00063f50 00003536H .text$x                 CODE
 0002:00000000 00000690H .idata$5                DATA
 0002:00000690 00007aa8H .rdata                  DATA
 0002:00008138 0000127cH .rdata$r                DATA
 0002:000093b8 00004a60H .xdata$x                DATA
 0002:0000de18 000000f0H .idata$2                DATA
 0002:0000df08 00000014H .idata$3                DATA
 0002:0000df1c 00000690H .idata$4                DATA
 0002:0000e5ac 00001a8cH .idata$6                DATA
 0002:00010040 000000b2H .edata                  DATA
 0003:00000000 00000004H .CRT$XCA                DATA
 0003:00000004 0000002cH .CRT$XCC                DATA
 0003:00000030 00000018H .CRT$XCL                DATA
 0003:00000048 0000005cH .CRT$XCU                DATA
 0003:000000a4 00000004H .CRT$XCZ                DATA
 0003:000000a8 00000004H .CRT$XIA                DATA
 0003:000000ac 0000000cH .CRT$XIC                DATA
 0003:000000b8 00000004H .CRT$XIY                DATA
 0003:000000bc 00000004H .CRT$XIZ                DATA
 0003:000000c0 00000004H .CRT$XPA                DATA
 0003:000000c4 00000008H .CRT$XPX                DATA
 0003:000000cc 00000004H .CRT$XPZ                DATA
 0003:000000d0 00000004H .CRT$XTA                DATA
 0003:000000d4 00000004H .CRT$XTB                DATA
 0003:000000d8 00000004H .CRT$XTZ                DATA
 0003:000000e0 0000feacH .data                   DATA
 0003:0000ff90 000136fcH .bss                    DATA
 0004:00000000 00000b6cH .rsrc$01                DATA
 0004:00000b70 000049c8H .rsrc$02                DATA

  Address         Publics by Value              Rva+Base     Lib:Object

 0001:00000000       _cominf_GetProcAddress     10001000 f   compress.obj
 0001:00000000       _cominf_LoadLibrary        10001000 f   compress.obj
 0001:00000000       _mp3_GetProcAddress        10001000 f   compress.obj
 0001:00000000       _com_GetProcAddress        10001000 f   compress.obj
 0001:00000000       _ocx_GetProcAddress        10001000 f   compress.obj
 0001:00000000       _odbcdb_GetProcAddress     10001000 f   compress.obj
 0001:00000000       _ocx_LoadLibrary           10001000 f   compress.obj
 0001:00000000       _mp3_LoadLibrary           10001000 f   compress.obj
 0001:00000000       _com_LoadLibrary           10001000 f   compress.obj
 0001:00000000       _odbcdb_LoadLibrary        10001000 f   compress.obj
 0001:00000002       _mp3_FreeLibrary           10001002 f   compress.obj
 0001:00000002       _odbcdb_FreeLibrary        10001002 f   compress.obj
 0001:00000002       _cominf_FreeLibrary        10001002 f   compress.obj
 0001:00000002       _com_FreeLibrary           10001002 f   compress.obj
 0001:00000002       _ocx_FreeLibrary           10001002 f   compress.obj
 0001:00000890       _compress@12               10001890 f   compress.obj
 0001:000008af       _free_buffer@4             100018af f   compress.obj
 0001:000008ce       _decompress@12             100018ce f   compress.obj
 0001:0000097f       _length_of_file@4          1000197f f   compress.obj
 0001:000009c7       _get_file_data@8           100019c7 f   compress.obj
 0001:00000a11       _crc@8                     10001a11 f   compress.obj
 0001:00000a32       _EStartup                  10001a32 f   compress.obj
 0001:00000a90       ?GetMDataPtr@@YAPAEPAUMDATA_INF@@PAH@Z 10001a90 f   krnln_static:Libfn.obj
 0001:00000b70       ?RunBitOper@@YAXHPAUMDATA_INF@@H0@Z 10001b70 f   krnln_static:Libfn.obj
 0001:00000bc0       _krnln_fnBNot              10001bc0 f   krnln_static:Libfn.obj
 0001:00000bd0       _krnln_fnBAnd              10001bd0 f   krnln_static:Libfn.obj
 0001:00000bf0       _krnln_fnBXor              10001bf0 f   krnln_static:Libfn.obj
 0001:00000c10       _krnln_fnBinLen            10001c10 f   krnln_static:Libfn.obj
 0001:00000c30       ??_ECFreqMem@@UAEPAXI@Z    10001c30 f i krnln_static:Libfn.obj
 0001:00000c30       ??_GCFreqMem@@UAEPAXI@Z    10001c30 f i krnln_static:Libfn.obj
 0001:00000c60       ??_ECMyDWordArray@@UAEPAXI@Z 10001c60 f i krnln_static:Libfn.obj
 0001:00000c60       ??_GCMyDWordArray@@UAEPAXI@Z 10001c60 f i krnln_static:Libfn.obj
 0001:00000c80       ??1CMyDWordArray@@UAE@XZ   10001c80 f i krnln_static:Libfn.obj
 0001:00000c80       ??1CFreqMem@@UAE@XZ        10001c80 f i krnln_static:Libfn.obj
 0001:00000c90       _krnln_fnFileLen           10001c90 f   krnln_static:Libfn.obj
 0001:00000ce0       _krnln_fnReadFile          10001ce0 f   krnln_static:Libfn.obj
 0001:00000d50       ??1AFX_EXCEPTION_LINK@@QAE@XZ 10001d50 f i krnln_static:Libfn.obj
 0001:00000d60       ??3CObject@@SGXPAX@Z       10001d60 f i krnln_static:Libfn.obj
 0001:00000d70       ?GetCursorDataPtr@CWinUnitIDManger@@QAEPAEPAE@Z 10001d70 f i krnln_static:Libfn.obj
 0001:00000da0       ??_GCGdiObject@@UAEPAXI@Z  10001da0 f i krnln_static:Libfn.obj
 0001:00000da0       ??_ECGdiObject@@UAEPAXI@Z  10001da0 f i krnln_static:Libfn.obj
 0001:00000dc0       ??1CGdiObject@@UAE@XZ      10001dc0 f i krnln_static:Libfn.obj
 0001:00000e00       ??1CBrush@@UAE@XZ          10001e00 f i krnln_static:Libfn.obj
 0001:00000e40       ??1CJBPic@@UAE@XZ          10001e40 f i krnln_static:Libfn.obj
 0001:00000ea0       ??_GCJBPic@@UAEPAXI@Z      10001ea0 f i krnln_static:Libfn.obj
 0001:00000ea0       ??_ECJBPic@@UAEPAXI@Z      10001ea0 f i krnln_static:Libfn.obj
 0001:00000ec0       _krnln_fnpbin              10001ec0 f   krnln_static:Libfn.obj
 0001:00000ee0       _krnln_fnWriteMem          10001ee0 f   krnln_static:Libfn.obj
 0001:00000f70       _krnln_fnSHR               10001f70 f   krnln_static:Libfn.obj
 0001:00000fd0       ??1?$CThreadLocal@VCMDBState@@@@QAE@XZ 10001fd0 f i krnln_static:Libfn.obj
 0001:00000fd0       ??1?$CThreadLocal@VCMComState@@@@QAE@XZ 10001fd0 f i krnln_static:Libfn.obj
 0001:00000fe0       ?SetFilePath@CFile@@UAEXPBD@Z 10001fe0 f i krnln_static:Libfn.obj
 0001:00000ff0       ??_ECCryptFile@@UAEPAXI@Z  10001ff0 f i krnln_static:Libfn.obj
 0001:00000ff0       ??_GCCryptFile@@UAEPAXI@Z  10001ff0 f i krnln_static:Libfn.obj
 0001:00001010       ??1CCryptFile@@UAE@XZ      10002010 f i krnln_static:Libfn.obj
 0001:00001020       ??0CFreqMem@@QAE@XZ        10002020 f   krnln_static:krnl2.obj
 0001:00001040       ?Alloc@CFreqMem@@QAEPAEH@Z 10002040 f   krnln_static:krnl2.obj
 0001:00001110       ?Realloc@CFreqMem@@QAEPAEH@Z 10002110 f   krnln_static:krnl2.obj
 0001:00001220       ?Free@CFreqMem@@QAEXXZ     10002220 f   krnln_static:krnl2.obj
 0001:00001240       ?_Free@CFreqMem@@IAEXPAE@Z 10002240 f   krnln_static:krnl2.obj
 0001:000012b0       ?AddDWord@CFreqMem@@QAEXK@Z 100022b0 f   krnln_static:krnl2.obj
 0001:000012b0       ?AddInt@CFreqMem@@QAEXH@Z  100022b0 f   krnln_static:krnl2.obj
 0001:000012b0       ?AddBool@CFreqMem@@QAEXH@Z 100022b0 f   krnln_static:krnl2.obj
 0001:000012f0       ?AddWord@CFreqMem@@QAEXG@Z 100022f0 f   krnln_static:krnl2.obj
 0001:00001330       ?AddByte@CFreqMem@@QAEXE@Z 10002330 f   krnln_static:krnl2.obj
 0001:00001360       ?XchgMem@CFreqMem@@QAEXAAV1@@Z 10002360 f   krnln_static:krnl2.obj
 0001:000013a0       ?Serialize@CFreqMem@@QAEXAAVCArchive@@@Z 100023a0 f   krnln_static:krnl2.obj
 0001:00001450       ?ReadFile@CFreqMem@@QAEHAAVCString@@H@Z 10002450 f   krnln_static:krnl2.obj
 0001:000015a0       ?WriteFile@CFreqMem@@QAEHAAVCString@@HH@Z 100025a0 f   krnln_static:krnl2.obj
 0001:000016b0       ?Insert@CFreqMem@@QAEHHPAEH@Z 100026b0 f   krnln_static:krnl2.obj
 0001:00001750       ?Append@CFreqMem@@QAEHPAEH@Z 10002750 f   krnln_static:krnl2.obj
 0001:000017b0       ?Replace@CFreqMem@@QAEHHHPAEH@Z 100027b0 f   krnln_static:krnl2.obj
 0001:000018d0       ?Remove@CFreqMem@@QAEHHH@Z 100028d0 f   krnln_static:krnl2.obj
 0001:00001980       ?FindInt@@YAHPAHHH@Z       10002980 f   krnln_static:krnl2.obj
 0001:000019a0       ?IsEmptyStr@@YAHPAD@Z      100029a0 f   krnln_static:krnl2.obj
 0001:000019c0       ?MoveMem@@YAXPAE0K@Z       100029c0 f   krnln_static:krnl2.obj
 0001:00001a20       ?ZeroMem@@YAXPAEK@Z        10002a20 f   krnln_static:krnl2.obj
 0001:00001a70       ?tcsallbytes@@YAHPAD@Z     10002a70 f   krnln_static:krnl2.obj
 0001:00001a90       ?tcsbytes@@YAHPAD@Z        10002a90 f   krnln_static:krnl2.obj
 0001:00001ab0       ?FindByte@@YAHPAEHE@Z      10002ab0 f   krnln_static:krnl2.obj
 0001:00001b00       ?FindDWord@@YAHPAKHK@Z     10002b00 f   krnln_static:krnl2.obj
 0001:00001b50       ?ProcessSysBackColor@@YAKK@Z 10002b50 f   krnln_static:krnl2.obj
 0001:00001b70       ?MyCreateFont@@YAHAAVCFont@@PAUtagLOGFONTA@@@Z 10002b70 f   krnln_static:krnl2.obj
 0001:00001bd0       ?SerializeCString@@YAXAAVCString@@AAVCArchive@@@Z 10002bd0 f   krnln_static:krnl2.obj
 0001:00001c70       ?SetStr@@YAXAAVCString@@PAD@Z 10002c70 f   krnln_static:krnl2.obj
 0001:00001c90       ?FindDataSource@@YAPAVCMDataSource@@KPAVCProvider@@@Z 10002c90 f   krnln_static:krnl2.obj
 0001:00001d30       ?FindDataSource@@YAPAVCMDataSource@@KPADPAPAUHWND__@@@Z 10002d30 f   krnln_static:krnl2.obj
 0001:00001e10       ?FindProvider@@YAPAVCProvider@@KPAD@Z 10002e10 f   krnln_static:krnl2.obj
 0001:00001ed0       ??6CArchive@@QAEAAV0@J@Z   10002ed0 f i krnln_static:krnl2.obj
 0001:00001ed0       ??6CArchive@@QAEAAV0@K@Z   10002ed0 f i krnln_static:krnl2.obj
 0001:00001f00       ??5CArchive@@QAEAAV0@AAJ@Z 10002f00 f i krnln_static:krnl2.obj
 0001:00001f40       ?Serialize@CPropertyInfo@@UAEHAAVCArchive@@@Z 10002f40 f i krnln_static:krnl2.obj
 0001:00001f60       ?DoDataExchange@CWnd@@MAEXPAVCDataExchange@@@Z 10002f60 f i krnln_static:krnl2.obj
 0001:00001f60       ?Serialize@CObject@@UAEXAAVCArchive@@@Z 10002f60 f i krnln_static:krnl2.obj
 0001:00001f70       ?BeginModalState@CWnd@@UAEXXZ 10002f70 f i krnln_static:krnl2.obj
 0001:00001f80       ?EndModalState@CWnd@@UAEXXZ 10002f80 f i krnln_static:krnl2.obj
 0001:00001f90       ?OnDeltapos@CSpin@@IAEXPAUtagNMHDR@@PAJ@Z 10002f90 f   krnln_static:krnl2.obj
 0001:000021a0       ?CtlColor@CSpin@@IAEPAUHBRUSH__@@PAVCDC@@I@Z 100031a0 f   krnln_static:krnl2.obj
 0001:000021c0       ??_ECBrush@@UAEPAXI@Z      100031c0 f i krnln_static:krnl2.obj
 0001:000021c0       ??_GCBrush@@UAEPAXI@Z      100031c0 f i krnln_static:krnl2.obj
 0001:000021e0       ??_ECFont@@UAEPAXI@Z       100031e0 f i krnln_static:krnl2.obj
 0001:000021e0       ??_GCFont@@UAEPAXI@Z       100031e0 f i krnln_static:krnl2.obj
 0001:00002200       ??1CFont@@UAE@XZ           10003200 f i krnln_static:krnl2.obj
 0001:00002240       ??_ECEdit@@UAEPAXI@Z       10003240 f i krnln_static:krnl2.obj
 0001:00002240       ??_GCEdit@@UAEPAXI@Z       10003240 f i krnln_static:krnl2.obj
 0001:00002260       ?OnInit@CUEdit@@QAEJIJ@Z   10003260 f   krnln_static:krnl2.obj
 0001:000022c0       ?OnEraseBkgnd@CUEdit@@QAEHPAVCDC@@@Z 100032c0 f   krnln_static:krnl2.obj
 0001:00002320       ?OnMyNcPaint@CUEdit@@QAEJIJ@Z 10003320 f   krnln_static:krnl2.obj
 0001:00002430       ?OnNcHitTest@CUEdit@@QAEIVCPoint@@@Z 10003430 f   krnln_static:krnl2.obj
 0001:00002490       ?OnNcCalcSize@CUEdit@@QAEXHPAUtagNCCALCSIZE_PARAMS@@@Z 10003490 f   krnln_static:krnl2.obj
 0001:00002570       ?OnDestroy@CUEdit@@QAEXXZ  10003570 f   krnln_static:krnl2.obj
 0001:00002590       ?OnGetDSWnd@CUEdit@@QAEJIJ@Z 10003590 f   krnln_static:krnl2.obj
 0001:000025c0       ?SetDataSourceUnit@CUEdit@@QAEXXZ 100035c0 f   krnln_static:krnl2.obj
 0001:00002600       ?RefrushState@CUEdit@@QAEXXZ 10003600 f   krnln_static:krnl2.obj
 0001:00002650       ?RefrushFromDataSource@CUEdit@@QAEXXZ 10003650 f   krnln_static:krnl2.obj
 0001:00002720       ?OnChange@CUEdit@@QAEXXZ   10003720 f   krnln_static:krnl2.obj
 0001:00002770       ?OnWindowPosChanged@CUEdit@@QAEXPAUtagWINDOWPOS@@@Z 10003770 f   krnln_static:krnl2.obj
 0001:000027c0       ?CtlColor@CUEdit@@QAEPAUHBRUSH__@@PAVCDC@@I@Z 100037c0 f   krnln_static:krnl2.obj
 0001:00002800       ?OnChar@CUEdit@@QAEXIII@Z  10003800 f   krnln_static:krnl2.obj
 0001:00002860       ?GetConvertContext@CUEdit@@QAEHAAVCString@@@Z 10003860 f   krnln_static:krnl2.obj
 0001:00002ae0       ?OnKillfocus@CUEdit@@QAEXXZ 10003ae0 f   krnln_static:krnl2.obj
 0001:00002bc0       ?OnSetfocus@CUEdit@@QAEXXZ 10003bc0 f   krnln_static:krnl2.obj
 0001:00002c10       ?OnShowWindow@CUEdit@@QAEXHI@Z 10003c10 f   krnln_static:krnl2.obj
 0001:00002c50       ?OnSize@CUEdit@@QAEXIHH@Z  10003c50 f   krnln_static:krnl2.obj
 0001:00002c70       ?OnMove@CUEdit@@QAEXHH@Z   10003c70 f   krnln_static:krnl2.obj
 0001:00002c90       ?OnEnable@CUEdit@@QAEXH@Z  10003c90 f   krnln_static:krnl2.obj
 0001:00002cc0       ?AdjustSpinPos@CUEdit@@QAEXXZ 10003cc0 f   krnln_static:krnl2.obj
 0001:00002d80       ?OnInit2@CUTab@@IAEJIJ@Z   10003d80 f   krnln_static:krnl2.obj
 0001:00002d90       ?OnPaint@CUTab@@IAEXXZ     10003d90 f   krnln_static:krnl2.obj
 0001:00002e80       ?GetCurTab@CUTab@@QAEHXZ   10003e80 f   krnln_static:krnl2.obj
 0001:00002eb0       ?OnClick@CUTab@@IAEXPAUtagNMHDR@@PAJ@Z 10003eb0 f   krnln_static:krnl2.obj
 0001:00002f00       ?OnSelchanging@CUTab@@IAEXPAUtagNMHDR@@PAJ@Z 10003f00 f   krnln_static:krnl2.obj
 0001:00002f80       ?ChkCurChildTab@CUTab@@QAEXXZ 10003f80 f   krnln_static:krnl2.obj
 0001:00003030       ?OnSelchange@CUTab@@IAEXPAUtagNMHDR@@PAJ@Z 10004030 f   krnln_static:krnl2.obj
 0001:000030c0       ?OnInit@CULabel@@IAEJIJ@Z  100040c0 f   krnln_static:krnl2.obj
 0001:00003120       ?OnDllMsg@CULabel@@IAEJIJ@Z 10004120 f   krnln_static:krnl2.obj
 0001:000031a0       ?OnGetDSWnd@CULabel@@IAEJIJ@Z 100041a0 f   krnln_static:krnl2.obj
 0001:000031d0       ?SetDataSourceUnit@CULabel@@QAEXXZ 100041d0 f   krnln_static:krnl2.obj
 0001:00003200       ?RefrushFromDataSource@CULabel@@QAEXXZ 10004200 f   krnln_static:krnl2.obj
 0001:000032c0       ?DrawUnitPic@@YAXHPAVCDC@@PAUPIC_INFO@@ABVCRect@@2PAVCRgn@@@Z 100042c0 f   krnln_static:krnl2.obj
 0001:00003610       ??_GCRgn@@UAEPAXI@Z        10004610 f i krnln_static:krnl2.obj
 0001:00003610       ??_ECRgn@@UAEPAXI@Z        10004610 f i krnln_static:krnl2.obj
 0001:00003630       ??1CRgn@@UAE@XZ            10004630 f i krnln_static:krnl2.obj
 0001:00003670       ?OnPaint@CULabel@@IAEXXZ   10004670 f   krnln_static:krnl2.obj
 0001:00003c70       ??1CPicWnd@@UAE@XZ         10004c70 f i krnln_static:krnl2.obj
 0001:00003d20       ??_ECPicWnd@@UAEPAXI@Z     10004d20 f i krnln_static:krnl2.obj
 0001:00003d20       ??_GCPicWnd@@UAEPAXI@Z     10004d20 f i krnln_static:krnl2.obj
 0001:00003d40       ?OnInit@CUPicBox@@IAEJIJ@Z 10004d40 f   krnln_static:krnl2.obj
 0001:00003da0       ?OnDestroy@CUPicBox@@IAEXXZ 10004da0 f   krnln_static:krnl2.obj
 0001:00003dc0       ?OnGetDSWnd@CUPicBox@@IAEJIJ@Z 10004dc0 f   krnln_static:krnl2.obj
 0001:00003df0       ?SetDataSourceUnit@CUPicBox@@QAEXXZ 10004df0 f   krnln_static:krnl2.obj
 0001:00003e20       ?RefrushFromDataSource@CUPicBox@@QAEXXZ 10004e20 f   krnln_static:krnl2.obj
 0001:00003f50       ?OnPaint@CUShapeBox@@IAEXXZ 10004f50 f   krnln_static:krnl2.obj
 0001:00004440       ??_GCPen@@UAEPAXI@Z        10005440 f i krnln_static:krnl2.obj
 0001:00004440       ??_ECPen@@UAEPAXI@Z        10005440 f i krnln_static:krnl2.obj
 0001:00004460       ??1CPen@@UAE@XZ            10005460 f i krnln_static:krnl2.obj
 0001:000044a0       ??_ECButton@@UAEPAXI@Z     100054a0 f i krnln_static:krnl2.obj
 0001:000044a0       ??_GCButton@@UAEPAXI@Z     100054a0 f i krnln_static:krnl2.obj
 0001:000044c0       ?CtlColor@CUGroupBox@@IAEPAUHBRUSH__@@PAVCDC@@I@Z 100054c0 f   krnln_static:krnl2.obj
 0001:00004500       ?OnEraseBkgnd@CUGroupBox@@IAEHPAVCDC@@@Z 10005500 f   krnln_static:krnl2.obj
 0001:00004550       ?OnClicked@CUButton@@IAEXXZ 10005550 f   krnln_static:krnl2.obj
 0001:00004590       ?OnKillFocus@CUButton@@IAEXPAVCWnd@@@Z 10005590 f   krnln_static:krnl2.obj
 0001:000045e0       ?OnSetFocus@CUButton@@IAEXPAVCWnd@@@Z 100055e0 f   krnln_static:krnl2.obj
 0001:00004630       ?HScroll@CUHScrollBar@@IAEXII@Z 10005630 f   krnln_static:krnl2.obj
 0001:00004730       ?OnKillFocus@CUVScrollBar@@IAEXPAVCWnd@@@Z 10005730 f   krnln_static:krnl2.obj
 0001:00004730       ?OnKillFocus@CUHScrollBar@@IAEXPAVCWnd@@@Z 10005730 f   krnln_static:krnl2.obj
 0001:00004780       ?OnSetFocus@CUHScrollBar@@IAEXPAVCWnd@@@Z 10005780 f   krnln_static:krnl2.obj
 0001:00004780       ?OnSetFocus@CUVScrollBar@@IAEXPAVCWnd@@@Z 10005780 f   krnln_static:krnl2.obj
 0001:000047d0       ?OnGetWndPtr@CUHScrollBar@@IAEJIJ@Z 100057d0 f   krnln_static:krnl2.obj
 0001:000047d0       ?OnGetWndPtr@CColourPicker@@IAEJIJ@Z 100057d0 f   krnln_static:krnl2.obj
 0001:000047d0       ?OnGetWndPtr@CUVScrollBar@@IAEJIJ@Z 100057d0 f   krnln_static:krnl2.obj
 0001:000047e0       ?VScroll@CUVScrollBar@@IAEXII@Z 100057e0 f   krnln_static:krnl2.obj
 0001:000048e0       ?VScroll@CUSliderBar@@IAEXII@Z 100058e0 f   krnln_static:krnl2.obj
 0001:000048e0       ?HScroll@CUSliderBar@@IAEXII@Z 100058e0 f   krnln_static:krnl2.obj
 0001:00004940       ?OnKillFocus@CUSliderBar@@IAEXPAVCWnd@@@Z 10005940 f   krnln_static:krnl2.obj
 0001:00004990       ?OnSetFocus@CUSliderBar@@IAEXPAVCWnd@@@Z 10005990 f   krnln_static:krnl2.obj
 0001:000049e0       ?OnPaint@CUAnimate@@IAEXXZ 100059e0 f   krnln_static:krnl2.obj
 0001:00004a00       ?OnInit@CUDateTimePicker@@IAEJIJ@Z 10005a00 f   krnln_static:krnl2.obj
 0001:00004a60       ?OnDestroy@CUDateTimePicker@@IAEXXZ 10005a60 f   krnln_static:krnl2.obj
 0001:00004a80       ?OnGetDSWnd@CUDateTimePicker@@IAEJIJ@Z 10005a80 f   krnln_static:krnl2.obj
 0001:00004ab0       ?SetDataSourceUnit@CUDateTimePicker@@QAEXXZ 10005ab0 f   krnln_static:krnl2.obj
 0001:00004af0       ?RefrushState@CUDateTimePicker@@QAEXXZ 10005af0 f   krnln_static:krnl2.obj
 0001:00004b30       ?RefrushFromDataSource@CUDateTimePicker@@QAEXXZ 10005b30 f   krnln_static:krnl2.obj
 0001:00004c10       ?OnMyDateTimeChange@CUDateTimePicker@@IAEJIJ@Z 10005c10 f   krnln_static:krnl2.obj
 0001:00004ca0       ?OnDatetimechange@CUDateTimePicker@@IAEXPAUtagNMHDR@@PAJ@Z 10005ca0 f   krnln_static:krnl2.obj
 0001:00004cc0       ?OnKillfocus@CUDateTimePicker@@IAEXPAUtagNMHDR@@PAJ@Z 10005cc0 f   krnln_static:krnl2.obj
 0001:00004d20       ?OnSetfocus@CUDateTimePicker@@IAEXPAUtagNMHDR@@PAJ@Z 10005d20 f   krnln_static:krnl2.obj
 0001:00004d80       ?OnSelchange@CUMonthCalCtrl@@IAEXPAUtagNMHDR@@PAJ@Z 10005d80 f   krnln_static:krnl2.obj
 0001:00004dd0       ??5CArchive@@QAEAAV0@AAE@Z 10005dd0 f i krnln_static:krnl2.obj
 0001:00004e10       ??_GCComboBox@@UAEPAXI@Z   10005e10 f i krnln_static:krnl2.obj
 0001:00004e10       ??_ECComboBox@@UAEPAXI@Z   10005e10 f i krnln_static:krnl2.obj
 0001:00004e30       ?CtlColor@CUDrvBox@@IAEPAUHBRUSH__@@PAVCDC@@I@Z 10005e30 f   krnln_static:krnl2.obj
 0001:00004e70       ?OnKillfocus@CUDrvBox@@IAEXXZ 10005e70 f   krnln_static:krnl2.obj
 0001:00004eb0       ?OnSetfocus@CUDrvBox@@IAEXXZ 10005eb0 f   krnln_static:krnl2.obj
 0001:00004ef0       ?OnSelendok@CUDrvBox@@IAEXXZ 10005ef0 f   krnln_static:krnl2.obj
 0001:00004f70       ?OnKillfocus@CUDirTree@@IAEXPAUtagNMHDR@@PAJ@Z 10005f70 f   krnln_static:krnl2.obj
 0001:00004fd0       ?OnSetfocus@CUDirTree@@IAEXPAUtagNMHDR@@PAJ@Z 10005fd0 f   krnln_static:krnl2.obj
 0001:00005030       ?CtlColor@CUDirTree@@IAEPAUHBRUSH__@@PAVCDC@@I@Z 10006030 f   krnln_static:krnl2.obj
 0001:00005060       ?AddDirsToTree@CUDirTree@@QAEXPAU_TREEITEM@@@Z 10006060 f   krnln_static:krnl2.obj
 0001:00005210       ?BuildPathFromTree@CUDirTree@@QAEXPAU_TREEITEM@@@Z 10006210 f   krnln_static:krnl2.obj
 0001:00005380       ?DeleteChildren@CUDirTree@@QAEXPAU_TREEITEM@@@Z 10006380 f   krnln_static:krnl2.obj
 0001:00005400       ?DeletePeers@CUDirTree@@QAEXPAU_TREEITEM@@@Z 10006400 f   krnln_static:krnl2.obj
 0001:00005480       ?OnDblclk@CUDirTree@@IAEXPAUtagNMHDR@@PAJ@Z 10006480 f   krnln_static:krnl2.obj
 0001:00005560       ?OnKeyDown@CUDirTree@@IAEXIII@Z 10006560 f   krnln_static:krnl2.obj
 0001:00005580       ?OnKillfocus@CUFileBox@@IAEXXZ 10006580 f   krnln_static:krnl2.obj
 0001:000055d0       ?OnSetfocus@CUFileBox@@IAEXXZ 100065d0 f   krnln_static:krnl2.obj
 0001:00005620       ?OnDblclk@CUFileBox@@IAEXXZ 10006620 f   krnln_static:krnl2.obj
 0001:00005670       ?CtlColor@CUFileBox@@IAEPAUHBRUSH__@@PAVCDC@@I@Z 10006670 f   krnln_static:krnl2.obj
 0001:000056c0       ?OnSelchange@CUFileBox@@IAEXXZ 100066c0 f   krnln_static:krnl2.obj
 0001:000057f0       ?OnSelEndOK@CUColorPicker@@IAEJIJ@Z 100067f0 f   krnln_static:krnl2.obj
 0001:00005860       ?OnKillFocus@CUColorPicker@@IAEXPAVCWnd@@@Z 10006860 f   krnln_static:krnl2.obj
 0001:000058b0       ?OnSetFocus@CUColorPicker@@IAEXPAVCWnd@@@Z 100068b0 f   krnln_static:krnl2.obj
 0001:00005900       ?OnLButtonDown@CUHyperLinker@@IAEXIVCPoint@@@Z 10006900 f   krnln_static:krnl2.obj
 0001:00005930       ?OnMouseMove@CUHyperLinker@@IAEXIVCPoint@@@Z 10006930 f   krnln_static:krnl2.obj
 0001:000059e0       ?GetRegKey@CUHyperLinker@@IAEJPAUHKEY__@@PBDPAD@Z 100069e0 f   krnln_static:krnl2.obj
 0001:00005a50       ?GotoURL@CUHyperLinker@@QAEHH@Z 10006a50 f   krnln_static:krnl2.obj
 0001:00005c20       ?OnPaint@CUHyperLinker@@IAEXXZ 10006c20 f   krnln_static:krnl2.obj
 0001:00005e90       ?OnDeltapos@CUSpin@@IAEXPAUtagNMHDR@@PAJ@Z 10006e90 f   krnln_static:krnl2.obj
 0001:00005f00       ?OnTimer@CUTimer@@IAEXI@Z  10006f00 f   krnln_static:krnl2.obj
 0001:00005f50       ?OnCreate@CUTimer@@IAEHPAUtagCREATESTRUCTA@@@Z 10006f50 f   krnln_static:krnl2.obj
 0001:00005f90       ?OnPaint@CUTimer@@IAEXXZ   10006f90 f   krnln_static:krnl2.obj
 0001:00005fb0       ?OnDestroy@CUTimer@@IAEXXZ 10006fb0 f   krnln_static:krnl2.obj
 0001:00005fe0       ?OnPaint@CUCommonDlg@@IAEXXZ 10006fe0 f   krnln_static:krnl2.obj
 0001:00006000       ??1CFileDialog@@UAE@XZ     10007000 f i krnln_static:krnl2.obj
 0001:00006050       ?OnInit@CUCheckBox@@IAEJIJ@Z 10007050 f   krnln_static:krnl2.obj
 0001:000060b0       ?OnDestroy@CUCheckBox@@IAEXXZ 100070b0 f   krnln_static:krnl2.obj
 0001:000060d0       ?OnGetDSWnd@CUCheckBox@@IAEJIJ@Z 100070d0 f   krnln_static:krnl2.obj
 0001:00006100       ?SetDataSourceUnit@CUCheckBox@@QAEXXZ 10007100 f   krnln_static:krnl2.obj
 0001:00006140       ?RefrushState@CUCheckBox@@QAEXXZ 10007140 f   krnln_static:krnl2.obj
 0001:00006180       ?RefrushFromDataSource@CUCheckBox@@QAEXXZ 10007180 f   krnln_static:krnl2.obj
 0001:00006230       ?OnClicked@CUCheckBox@@IAEXXZ 10007230 f   krnln_static:krnl2.obj
 0001:00006230       ?OnSelchange@CUChkListBox@@IAEXXZ 10007230 f   krnln_static:krnl2.obj
 0001:00006270       ?CtlColor@CUCheckBox@@IAEPAUHBRUSH__@@PAVCDC@@I@Z 10007270 f   krnln_static:krnl2.obj
 0001:000062b0       ?OnClicked@CURadio@@IAEXXZ 100072b0 f   krnln_static:krnl2.obj
 0001:00006300       ?OnKillFocus@CURadio@@IAEXPAVCWnd@@@Z 10007300 f   krnln_static:krnl2.obj
 0001:00006360       ?OnSetFocus@CURadio@@IAEXPAVCWnd@@@Z 10007360 f   krnln_static:krnl2.obj
 0001:000063c0       ?CtlColor@CURadio@@IAEPAUHBRUSH__@@PAVCDC@@I@Z 100073c0 f   krnln_static:krnl2.obj
 0001:00006400       ?OnInit@CUComboBox@@IAEJIJ@Z 10007400 f   krnln_static:krnl2.obj
 0001:00006460       ?OnDestroy@CUComboBox@@IAEXXZ 10007460 f   krnln_static:krnl2.obj
 0001:00006480       ?OnGetDSWnd@CUComboBox@@IAEJIJ@Z 10007480 f   krnln_static:krnl2.obj
 0001:000064b0       ?SetDataSourceUnit@CUComboBox@@QAEXXZ 100074b0 f   krnln_static:krnl2.obj
 0001:000064f0       ?RefrushState@CUComboBox@@QAEXXZ 100074f0 f   krnln_static:krnl2.obj
 0001:00006530       ?RefrushFromDataSource@CUComboBox@@QAEXXZ 10007530 f   krnln_static:krnl2.obj
 0001:00006630       ?OnKillfocus@CUComboBox@@IAEXXZ 10007630 f   krnln_static:krnl2.obj
 0001:00006680       ?OnSetfocus@CUComboBox@@IAEXXZ 10007680 f   krnln_static:krnl2.obj
 0001:000066d0       ?OnCloseup@CUComboBox@@IAEXXZ 100076d0 f   krnln_static:krnl2.obj
 0001:00006720       ?OnDropdown@CUComboBox@@IAEXXZ 10007720 f   krnln_static:krnl2.obj
 0001:00006770       ?OnDblclk@CUComboBox@@IAEXXZ 10007770 f   krnln_static:krnl2.obj
 0001:000067c0       ?OnEditchange@CUComboBox@@IAEXXZ 100077c0 f   krnln_static:krnl2.obj
 0001:00006810       ?OnSelendok@CUComboBox@@IAEXXZ 10007810 f   krnln_static:krnl2.obj
 0001:00006830       ?OnSelendOkNotify@CUComboBox@@IAEXXZ 10007830 f   krnln_static:krnl2.obj
 0001:00006880       ?CtlColor@CUComboBox@@IAEPAUHBRUSH__@@PAVCDC@@I@Z 10007880 f   krnln_static:krnl2.obj
 0001:000068c0       ?OnEraseBkgnd@CUComboBox@@IAEHPAVCDC@@@Z 100078c0 f   krnln_static:krnl2.obj
 0001:00006920       ?OnInit@CUListBox@@IAEJIJ@Z 10007920 f   krnln_static:krnl2.obj
 0001:00006980       ?OnDestroy@CUListBox@@IAEXXZ 10007980 f   krnln_static:krnl2.obj
 0001:00006980       ?OnDestroy@CULabel@@IAEXXZ 10007980 f   krnln_static:krnl2.obj
 0001:000069a0       ?OnGetDSWnd@CUListBox@@IAEJIJ@Z 100079a0 f   krnln_static:krnl2.obj
 0001:000069d0       ?SetDataSourceUnit@CUListBox@@QAEXXZ 100079d0 f   krnln_static:krnl2.obj
 0001:00006a10       ?RefrushState@CUListBox@@QAEXXZ 10007a10 f   krnln_static:krnl2.obj
 0001:00006a50       ?RefrushFromDataSource@CUListBox@@QAEXXZ 10007a50 f   krnln_static:krnl2.obj
 0001:00006b20       ?CtlColor@CUListBox@@IAEPAUHBRUSH__@@PAVCDC@@I@Z 10007b20 f   krnln_static:krnl2.obj
 0001:00006b60       ?OnSelchange@CUListBox@@IAEXXZ 10007b60 f   krnln_static:krnl2.obj
 0001:00006bb0       ?OnKillfocus@CUListBox@@IAEXXZ 10007bb0 f   krnln_static:krnl2.obj
 0001:00006c00       ?OnSetfocus@CUListBox@@IAEXXZ 10007c00 f   krnln_static:krnl2.obj
 0001:00006c50       ?OnDblclk@CUListBox@@IAEXXZ 10007c50 f   krnln_static:krnl2.obj
 0001:00006ca0       ??_ECBitmap@@UAEPAXI@Z     10007ca0 f i krnln_static:krnl2.obj
 0001:00006ca0       ??_GCBitmap@@UAEPAXI@Z     10007ca0 f i krnln_static:krnl2.obj
 0001:00006cc0       ??1CBitmap@@UAE@XZ         10007cc0 f i krnln_static:krnl2.obj
 0001:00006d00       ?OnDblclk@CUChkListBox@@IAEXXZ 10007d00 f   krnln_static:krnl2.obj
 0001:00006d50       ?SaveCurSel@CUChkListBox@@IAEXXZ 10007d50 f   krnln_static:krnl2.obj
 0001:00006db0       ?ProcessOnlyOne@CUChkListBox@@IAEXXZ 10007db0 f   krnln_static:krnl2.obj
 0001:00006e90       ?OnLButtonDown@CUChkListBox@@IAEXIVCPoint@@@Z 10007e90 f   krnln_static:krnl2.obj
 0001:00007020       ?OnKeyDown@CUChkListBox@@IAEXIII@Z 10008020 f   krnln_static:krnl2.obj
 0001:000071b0       ?OnLButtonDblClk@CUChkListBox@@IAEXIVCPoint@@@Z 100081b0 f   krnln_static:krnl2.obj
 0001:000074e0       ?OnCtlColor@CUDrawPanel@@IAEPAUHBRUSH__@@PAVCDC@@PAVCWnd@@I@Z 100084e0 f   krnln_static:krnl2.obj
 0001:000074e0       ?OnCtlColor@CWinFormUnit@@IAEPAUHBRUSH__@@PAVCDC@@PAVCWnd@@I@Z 100084e0 f   krnln_static:krnl2.obj
 0001:000074e0       ?OnCtlColor@CUTab@@IAEPAUHBRUSH__@@PAVCDC@@PAVCWnd@@I@Z 100084e0 f   krnln_static:krnl2.obj
 0001:000074e0       ?OnCtlColor@CUErrorControl@@IAEPAUHBRUSH__@@PAVCDC@@PAVCWnd@@I@Z 100084e0 f   krnln_static:krnl2.obj
 0001:000074e0       ?OnCtlColor@CUGroupBox@@IAEPAUHBRUSH__@@PAVCDC@@PAVCWnd@@I@Z 100084e0 f   krnln_static:krnl2.obj
 0001:000074e0       ?OnCtlColor@CUPicBox@@IAEPAUHBRUSH__@@PAVCDC@@PAVCWnd@@I@Z 100084e0 f   krnln_static:krnl2.obj
 0001:000074e0       ?OnCtlColor@CUShapeBox@@IAEPAUHBRUSH__@@PAVCDC@@PAVCWnd@@I@Z 100084e0 f   krnln_static:krnl2.obj
 0001:00007560       ?OnKillFocus@CUDrawPanel@@IAEXPAVCWnd@@@Z 10008560 f   krnln_static:krnl2.obj
 0001:00007560       ?OnKillFocus@CUCheckBox@@IAEXPAVCWnd@@@Z 10008560 f   krnln_static:krnl2.obj
 0001:00007560       ?OnKillFocus@CUChkListBox@@IAEXPAVCWnd@@@Z 10008560 f   krnln_static:krnl2.obj
 0001:000075b0       ?OnSetFocus@CUCheckBox@@IAEXPAVCWnd@@@Z 100085b0 f   krnln_static:krnl2.obj
 0001:000075b0       ?OnSetFocus@CUChkListBox@@IAEXPAVCWnd@@@Z 100085b0 f   krnln_static:krnl2.obj
 0001:000075b0       ?OnSetFocus@CUDrawPanel@@IAEXPAVCWnd@@@Z 100085b0 f   krnln_static:krnl2.obj
 0001:00007600       ?ClearPanel@CUDrawPanel@@QAEXPAVCDC@@AAVCRect@@@Z 10008600 f   krnln_static:krnl2.obj
 0001:000077f0       ?OnPaint@CUDrawPanel@@IAEXXZ 100087f0 f   krnln_static:krnl2.obj
 0001:00007ac0       ?OnSize@CUDrawPanel@@IAEXIHH@Z 10008ac0 f   krnln_static:krnl2.obj
 0001:00007af0       ?OnMouseActivate@CUDrawPanel@@IAEHPAVCWnd@@II@Z 10008af0 f   krnln_static:krnl2.obj
 0001:00007c00       ?ReCreateBitmap@CUDrawPanel@@QAEXH@Z 10008c00 f   krnln_static:krnl2.obj
 0001:00008400       ?fnCallNewPage@@YAHPAX@Z   10009400 f   krnln_static:krnl2.obj
 0001:00008500       ?fnPrintBeginDraw@@YAHPAXH@Z 10009500 f   krnln_static:krnl2.obj
 0001:00008580       ?fnPrintEndDraw@@YAXPAX@Z  10009580 f   krnln_static:krnl2.obj
 0001:00008590       ?OnGetPrintInfo@CUPrinter@@IAEJIJ@Z 10009590 f   krnln_static:krnl2.obj
 0001:000085e0       ?OnPaint@CUPrinter@@IAEXXZ 100095e0 f   krnln_static:krnl2.obj
 0001:00008600       ?SetPrinterDCMapMode@CUPrinter@@QAEXXZ 10009600 f   krnln_static:krnl2.obj
 0001:00008620       ?_BeginDraw@CUPrinter@@QAEXH@Z 10009620 f   krnln_static:krnl2.obj
 0001:00008850       ?_EndDraw@CUPrinter@@QAEXXZ 10009850 f   krnln_static:krnl2.obj
 0001:00008890       ?AbortPrint@CUPrinter@@QAEXXZ 10009890 f   krnln_static:krnl2.obj
 0001:00008910       ?OnDestroy@CUPrinter@@IAEXXZ 10009910 f   krnln_static:krnl2.obj
 0001:00008930       ?OnPaint@CUUDPSock@@IAEXXZ 10009930 f   krnln_static:krnl2.obj
 0001:00008950       ?OnPaint@CUClientSock@@IAEXXZ 10009950 f   krnln_static:krnl2.obj
 0001:00008970       ?OnPaint@CUServerSock@@IAEXXZ 10009970 f   krnln_static:krnl2.obj
 0001:00008990       ?OnPaint@CUSerialPort@@IAEXXZ 10009990 f   krnln_static:krnl2.obj
 0001:000089b0       ?OnPaint@CUDataSource@@IAEXXZ 100099b0 f   krnln_static:krnl2.obj
 0001:00008a60       ?OnDestroy@CUDataSource@@IAEXXZ 10009a60 f   krnln_static:krnl2.obj
 0001:00008b10       ?SetProviderUnit@CUDataSource@@QAEXXZ 10009b10 f   krnln_static:krnl2.obj
 0001:00008b30       ?OnInit@CUDataSource@@IAEJIJ@Z 10009b30 f   krnln_static:krnl2.obj
 0001:00008c20       ?OnGetColCount@CUDataSource@@IAEJIJ@Z 10009c20 f   krnln_static:krnl2.obj
 0001:00008c30       ?OnGetColName@CUDataSource@@IAEJIJ@Z 10009c30 f   krnln_static:krnl2.obj
 0001:00008cd0       ?OnInit@CUProvider@@IAEJIJ@Z 10009cd0 f   krnln_static:krnl2.obj
 0001:00008d00       ?OnPaint@CUProvider@@IAEXXZ 10009d00 f   krnln_static:krnl2.obj
 0001:00008d20       ?OnKillFocus@CUGrid@@IAEXPAVCWnd@@@Z 10009d20 f   krnln_static:krnl2.obj
 0001:00008d70       ?OnSetFocus@CUGrid@@IAEXPAVCWnd@@@Z 10009d70 f   krnln_static:krnl2.obj
 0001:00008dc0       ?OnInit@CUGrid@@IAEJIJ@Z   10009dc0 f   krnln_static:krnl2.obj
 0001:00008e20       ?OnDestroy@CUGrid@@IAEXXZ  10009e20 f   krnln_static:krnl2.obj
 0001:00008e40       ?SetDataSourceUnit@CUGrid@@QAEXXZ 10009e40 f   krnln_static:krnl2.obj
 0001:00008e70       ?OnPaint@CUGrid@@IAEXXZ    10009e70 f   krnln_static:krnl2.obj
 0001:00008fa0       ?OnInit@CUBaseProvider@@IAEJIJ@Z 10009fa0 f   krnln_static:krnl2.obj
 0001:000090c0       ?OnDestroy@CUBaseProvider@@IAEXXZ 1000a0c0 f   krnln_static:krnl2.obj
 0001:000090f0       ?OnPaint@CUDBProvider@@IAEXXZ 1000a0f0 f   krnln_static:krnl2.obj
 0001:00009110       ?OnPaint@CUODBCDB@@IAEXXZ  1000a110 f   krnln_static:krnl2.obj
 0001:00009130       ?OnPaint@CUODBCProvider@@IAEXXZ 1000a130 f   krnln_static:krnl2.obj
 0001:00009150       ?OnGetODBCTalbesName@CUODBCProvider@@IAEJIJ@Z 1000a150 f   krnln_static:krnl2.obj
 0001:000091a0       ?OnGetODBCConnectStr@CUODBCProvider@@IAEJIJ@Z 1000a1a0 f   krnln_static:krnl2.obj
 0001:00009230       ?OnDrawItem@CUGroupBox@@IAEXHPAUtagDRAWITEMSTRUCT@@@Z 1000a230 f   krnln_static:krnl2.obj
 0001:00009230       ?OnDrawItem@CUTab@@IAEXHPAUtagDRAWITEMSTRUCT@@@Z 1000a230 f   krnln_static:krnl2.obj
 0001:00009230       ?OnDrawItem@CUPicBox@@IAEXHPAUtagDRAWITEMSTRUCT@@@Z 1000a230 f   krnln_static:krnl2.obj
 0001:00009230       ?OnDrawItem@CWinFormUnit@@IAEXHPAUtagDRAWITEMSTRUCT@@@Z 1000a230 f   krnln_static:krnl2.obj
 0001:00009230       ?OnDrawItem@CUDrawPanel@@IAEXHPAUtagDRAWITEMSTRUCT@@@Z 1000a230 f   krnln_static:krnl2.obj
 0001:00009230       ?OnDrawItem@CUErrorControl@@IAEXHPAUtagDRAWITEMSTRUCT@@@Z 1000a230 f   krnln_static:krnl2.obj
 0001:00009230       ?OnDrawItem@CUShapeBox@@IAEXHPAUtagDRAWITEMSTRUCT@@@Z 1000a230 f   krnln_static:krnl2.obj
 0001:00009260       ?OnCompareItem@CUTab@@IAEHHPAUtagCOMPAREITEMSTRUCT@@@Z 1000a260 f   krnln_static:krnl2.obj
 0001:00009260       ?OnCompareItem@CUErrorControl@@IAEHHPAUtagCOMPAREITEMSTRUCT@@@Z 1000a260 f   krnln_static:krnl2.obj
 0001:00009260       ?OnCompareItem@CUPicBox@@IAEHHPAUtagCOMPAREITEMSTRUCT@@@Z 1000a260 f   krnln_static:krnl2.obj
 0001:00009260       ?OnCompareItem@CUShapeBox@@IAEHHPAUtagCOMPAREITEMSTRUCT@@@Z 1000a260 f   krnln_static:krnl2.obj
 0001:00009260       ?OnCompareItem@CUGroupBox@@IAEHHPAUtagCOMPAREITEMSTRUCT@@@Z 1000a260 f   krnln_static:krnl2.obj
 0001:00009260       ?OnCompareItem@CUDrawPanel@@IAEHHPAUtagCOMPAREITEMSTRUCT@@@Z 1000a260 f   krnln_static:krnl2.obj
 0001:00009260       ?OnCompareItem@CWinFormUnit@@IAEHHPAUtagCOMPAREITEMSTRUCT@@@Z 1000a260 f   krnln_static:krnl2.obj
 0001:00009290       ?OnDeleteItem@CUErrorControl@@IAEXHPAUtagDELETEITEMSTRUCT@@@Z 1000a290 f   krnln_static:krnl2.obj
 0001:00009290       ?OnDeleteItem@CUTab@@IAEXHPAUtagDELETEITEMSTRUCT@@@Z 1000a290 f   krnln_static:krnl2.obj
 0001:00009290       ?OnDeleteItem@CUDrawPanel@@IAEXHPAUtagDELETEITEMSTRUCT@@@Z 1000a290 f   krnln_static:krnl2.obj
 0001:00009290       ?OnDeleteItem@CWinFormUnit@@IAEXHPAUtagDELETEITEMSTRUCT@@@Z 1000a290 f   krnln_static:krnl2.obj
 0001:00009290       ?OnDeleteItem@CUGroupBox@@IAEXHPAUtagDELETEITEMSTRUCT@@@Z 1000a290 f   krnln_static:krnl2.obj
 0001:00009290       ?OnDeleteItem@CUPicBox@@IAEXHPAUtagDELETEITEMSTRUCT@@@Z 1000a290 f   krnln_static:krnl2.obj
 0001:00009290       ?OnDeleteItem@CUShapeBox@@IAEXHPAUtagDELETEITEMSTRUCT@@@Z 1000a290 f   krnln_static:krnl2.obj
 0001:000092c0       ?OnHScroll@CWinFormUnit@@IAEXIIPAVCScrollBar@@@Z 1000a2c0 f   krnln_static:krnl2.obj
 0001:000092c0       ?OnVScroll@CUDrawPanel@@IAEXIIPAVCScrollBar@@@Z 1000a2c0 f   krnln_static:krnl2.obj
 0001:000092c0       ?OnVScroll@CUPicBox@@IAEXIIPAVCScrollBar@@@Z 1000a2c0 f   krnln_static:krnl2.obj
 0001:000092c0       ?OnVScroll@CWinFormUnit@@IAEXIIPAVCScrollBar@@@Z 1000a2c0 f   krnln_static:krnl2.obj
 0001:000092c0       ?OnHScroll@CUGroupBox@@IAEXIIPAVCScrollBar@@@Z 1000a2c0 f   krnln_static:krnl2.obj
 0001:000092c0       ?OnVScroll@CUShapeBox@@IAEXIIPAVCScrollBar@@@Z 1000a2c0 f   krnln_static:krnl2.obj
 0001:000092c0       ?OnHScroll@CUPicBox@@IAEXIIPAVCScrollBar@@@Z 1000a2c0 f   krnln_static:krnl2.obj
 0001:000092c0       ?OnVScroll@CUGroupBox@@IAEXIIPAVCScrollBar@@@Z 1000a2c0 f   krnln_static:krnl2.obj
 0001:000092c0       ?OnVScroll@CUTab@@IAEXIIPAVCScrollBar@@@Z 1000a2c0 f   krnln_static:krnl2.obj
 0001:000092c0       ?OnHScroll@CUTab@@IAEXIIPAVCScrollBar@@@Z 1000a2c0 f   krnln_static:krnl2.obj
 0001:000092c0       ?OnHScroll@CUErrorControl@@IAEXIIPAVCScrollBar@@@Z 1000a2c0 f   krnln_static:krnl2.obj
 0001:000092c0       ?OnVScroll@CUErrorControl@@IAEXIIPAVCScrollBar@@@Z 1000a2c0 f   krnln_static:krnl2.obj
 0001:000092c0       ?OnHScroll@CUDrawPanel@@IAEXIIPAVCScrollBar@@@Z 1000a2c0 f   krnln_static:krnl2.obj
 0001:000092c0       ?OnHScroll@CUShapeBox@@IAEXIIPAVCScrollBar@@@Z 1000a2c0 f   krnln_static:krnl2.obj
 0001:000092e0       ?OnPaint@CUErrorControl@@IAEXXZ 1000a2e0 f   krnln_static:krnl2.obj
 0001:000093a0       ?GetIDSubType@@YAKK@Z      1000a3a0 f   krnln_static:krnl2.obj
 0001:000093b0       ?GetIDGroupType@@YAKK@Z    1000a3b0 f   krnln_static:krnl2.obj
 0001:000093c0       ?GetIDVaule@@YAKK@Z        1000a3c0 f   krnln_static:krnl2.obj
 0001:000093d0       ?IsValidateID@@YAHK@Z      1000a3d0 f   krnln_static:krnl2.obj
 0001:00009400       ?CopyFrom@CIDManger@@QAEXPAV1@@Z 1000a400 f   krnln_static:krnl2.obj
 0001:00009440       ?xchg@CIDManger@@QAEXPAV1@@Z 1000a440 f   krnln_static:krnl2.obj
 0001:00009470       ?GetIDData@CIDManger@@QAEPAEHPAH@Z 1000a470 f   krnln_static:krnl2.obj
 0001:000094c0       ?GetID@CIDManger@@QAEKH@Z  1000a4c0 f   krnln_static:krnl2.obj
 0001:000094f0       ?FindIDData@CIDManger@@QAEPAEKPAH0@Z 1000a4f0 f   krnln_static:krnl2.obj
 0001:00009590       ?_Replace@CIDManger@@QAEXHHHPAEH@Z 1000a590 f   krnln_static:krnl2.obj
 0001:00009620       ?AddID@CIDManger@@MAEKPAEHK@Z 1000a620 f   krnln_static:krnl2.obj
 0001:000096b0       ?AddSpecID@CIDManger@@QAEXKPAEH@Z 1000a6b0 f   krnln_static:krnl2.obj
 0001:00009720       ?InsertSpecID@CIDManger@@QAEXHKPAEH@Z 1000a720 f   krnln_static:krnl2.obj
 0001:00009810       ?InsertID@CIDManger@@MAEKHPAEHK@Z 1000a810 f   krnln_static:krnl2.obj
 0001:00009850       ?Serialize@CIDManger@@UAEXAAVCArchive@@@Z 1000a850 f   krnln_static:krnl2.obj
 0001:000098e0       ?FindIDByData@CIDDWordManger@@QAEKK@Z 1000a8e0 f   krnln_static:krnl2.obj
 0001:00009930       ?GetIDData@CIDDWordManger@@QAEHHPAK@Z 1000a930 f   krnln_static:krnl2.obj
 0001:00009970       ?FindIDData@CIDDWordManger@@QAEHKPAKPAH@Z 1000a970 f   krnln_static:krnl2.obj
 0001:00009a10       ?InsertFrom@CIDDWordManger@@QAEXHPAV1@HH@Z 1000aa10 f   krnln_static:krnl2.obj
 0001:00009ad0       ?AppendFrom@CIDDWordManger@@QAEXPAV1@@Z 1000aad0 f   krnln_static:krnl2.obj
 0001:00009af0       ?Serialize@CIDDWordManger@@UAEXAAVCArchive@@@Z 1000aaf0 f   krnln_static:krnl2.obj
 0001:00009b20       ?IsMenuItemID@@YAHK@Z      1000ab20 f   krnln_static:krnl2.obj
 0001:00009b50       ?IsMenuItem@CWinUnitIDManger@@QAEHH@Z 1000ab50 f   krnln_static:krnl2.obj
 0001:00009b70       ?GetUnitData@CWinUnitIDManger@@QAEPAEPAEPAH@Z 1000ab70 f   krnln_static:krnl2.obj
 0001:00009bf0       ?ChkTabVisible@CWinUnitIDManger@@QAEXPAEHH@Z 1000abf0 f   krnln_static:krnl2.obj
 0001:00009f40       ?GetMenuCount@CWinUnitIDManger@@QAEHPAH@Z 1000af40 f   krnln_static:krnl2.obj
 0001:00009fa0       ??1CWinUnitIDManger@@UAE@XZ 1000afa0 f   krnln_static:krnl2.obj
 0001:0000a0e0       ??1CIDManger@@UAE@XZ       1000b0e0 f i krnln_static:krnl2.obj
 0001:0000a140       ?init@CIDManger@@UAEXXZ    1000b140 f i krnln_static:krnl2.obj
 0001:0000a150       ?GetNameStr@CIDManger@@UAEPADPAE@Z 1000b150 f i krnln_static:krnl2.obj
 0001:0000a160       ??_GCIDManger@@UAEPAXI@Z   1000b160 f i krnln_static:krnl2.obj
 0001:0000a160       ??_ECIDManger@@UAEPAXI@Z   1000b160 f i krnln_static:krnl2.obj
 0001:0000a180       ?AddID@CWinUnitIDManger@@UAEKPAEHK@Z 1000b180 f i krnln_static:krnl2.obj
 0001:0000a1a0       ?InsertID@CWinUnitIDManger@@UAEKHPAEHK@Z 1000b1a0 f i krnln_static:krnl2.obj
 0001:0000a1d0       ?GetNameStr@CWinUnitIDManger@@UAEPADPAE@Z 1000b1d0 f i krnln_static:krnl2.obj
 0001:0000a1e0       ??_ECWinUnitIDManger@@UAEPAXI@Z 1000b1e0 f i krnln_static:krnl2.obj
 0001:0000a1e0       ??_GCWinUnitIDManger@@UAEPAXI@Z 1000b1e0 f i krnln_static:krnl2.obj
 0001:0000a200       ?FindUnit@CWinForm@@QAEHPAUHWND__@@H@Z 1000b200 f   krnln_static:krnl2.obj
 0001:0000a2e0       ?Serialize@CWinForm@@QAEXAAVCArchive@@@Z 1000b2e0 f   krnln_static:krnl2.obj
 0001:0000a3c0       ?ClearAllRadio@CWinForm@@QAEXPAUHWND__@@@Z 1000b3c0 f   krnln_static:krnl2.obj
 0001:0000a450       ?init@CWinIDManger@@UAEXXZ 1000b450 f   krnln_static:krnl2.obj
 0001:0000a4a0       ??1CWinForm@@QAE@XZ        1000b4a0 f i krnln_static:krnl2.obj
 0001:0000a510       ?Serialize@CWinIDManger@@UAEXAAVCArchive@@@Z 1000b510 f   krnln_static:krnl2.obj
 0001:0000a600       ?GetWnd@CWinIDManger@@QAEPAVCWnd@@H@Z 1000b600 f   krnln_static:krnl2.obj
 0001:0000a660       ?CloneTextData@@YAPADPAD@Z 1000b660 f   krnln_static:krnl2.obj
 0001:0000a6b0       ?CloneBinData@@YAPAEPAEH@Z 1000b6b0 f   krnln_static:krnl2.obj
 0001:0000a700       ?GetMessageMap@CKrnlApp@@MBEPBUAFX_MSGMAP@@XZ 1000b700 f   krnln_static:krnl2.obj
 0001:0000a710       ?InitInstance@CKrnlApp@@UAEHXZ 1000b710 f   krnln_static:krnl2.obj
 0001:0000a760       ??0CKrnlApp@@QAE@XZ        1000b760 f   krnln_static:krnl2.obj
 0001:0000aa90       ??1CWinIDManger@@UAE@XZ    1000ba90 f i krnln_static:krnl2.obj
 0001:0000ab00       ??1CIDDWordManger@@UAE@XZ  1000bb00 f i krnln_static:krnl2.obj
 0001:0000ab60       ?init@CIDDWordManger@@UAEXXZ 1000bb60 f i krnln_static:krnl2.obj
 0001:0000ab70       ??_GCIDDWordManger@@UAEPAXI@Z 1000bb70 f i krnln_static:krnl2.obj
 0001:0000ab70       ??_ECIDDWordManger@@UAEPAXI@Z 1000bb70 f i krnln_static:krnl2.obj
 0001:0000ab90       ??_GCWinIDManger@@UAEPAXI@Z 1000bb90 f i krnln_static:krnl2.obj
 0001:0000ab90       ??_ECWinIDManger@@UAEPAXI@Z 1000bb90 f i krnln_static:krnl2.obj
 0001:0000abb0       ??1CDllFunc@@UAE@XZ        1000bbb0 f i krnln_static:krnl2.obj
 0001:0000abd0       ??_ECDllFunc@@UAEPAXI@Z    1000bbd0 f i krnln_static:krnl2.obj
 0001:0000abd0       ??_GCDllFunc@@UAEPAXI@Z    1000bbd0 f i krnln_static:krnl2.obj
 0001:0000ac00       ??_GCSysHideWnd@@UAEPAXI@Z 1000bc00 f i krnln_static:krnl2.obj
 0001:0000ac00       ??_ECSysHideWnd@@UAEPAXI@Z 1000bc00 f i krnln_static:krnl2.obj
 0001:0000ac20       ??1CSysHideWnd@@UAE@XZ     1000bc20 f i krnln_static:krnl2.obj
 0001:0000ac30       ??_GCKrnlApp@@UAEPAXI@Z    1000bc30 f i krnln_static:krnl2.obj
 0001:0000ac30       ??_ECKrnlApp@@UAEPAXI@Z    1000bc30 f i krnln_static:krnl2.obj
 0001:0000ac50       ??1CKrnlApp@@UAE@XZ        1000bc50 f   krnln_static:krnl2.obj
 0001:0000afa0       ?ExitInstance@CKrnlApp@@UAEHXZ 1000bfa0 f   krnln_static:krnl2.obj
 0001:0000afc0       ?IsEWin@CKrnlApp@@IAEHPAUHWND__@@@Z 1000bfc0 f   krnln_static:krnl2.obj
 0001:0000b070       ?Notify@CKrnlApp@@QAEHHKK@Z 1000c070 f   krnln_static:krnl2.obj
 0001:0000be10       ?ShowSpecWindow@CKrnlApp@@QAEXKH@Z 1000ce10 f   krnln_static:krnl2.obj
 0001:0000bfd0       ?InitManyMusicPlay@CKrnlApp@@QAEXXZ 1000cfd0 f   krnln_static:krnl2.obj
 0001:0000c010       ?CloseAllFile@CKrnlApp@@QAEXXZ 1000d010 f   krnln_static:krnl2.obj
 0001:0000c110       ?PlayMusic@CKrnlApp@@QAEHPAEHH@Z 1000d110 f   krnln_static:krnl2.obj
 0001:0000c1c0       ?ShowFormWindow@CKrnlApp@@QAEXKPAVCWinForm@@H@Z 1000d1c0 f   krnln_static:krnl2.obj
 0001:0000c2d0       _CreateWin@20              1000d2d0 f   krnln_static:krnl2.obj
 0001:0000cf00       ?OnIdle@CKrnlApp@@UAEHJ@Z  1000df00 f   krnln_static:krnl2.obj
 0001:0000d050       ?IsHaveVaildateWinForm@CKrnlApp@@QAEHXZ 1000e050 f   krnln_static:krnl2.obj
 0001:0000d0d0       ?LoadBeginWin@CKrnlApp@@QAEXK@Z 1000e0d0 f   krnln_static:krnl2.obj
 0001:0000d120       ?RegisterIdleCallBack@CKrnlApp@@QAEXPAUHWND__@@P6AXPAX@Z1@Z 1000e120 f   krnln_static:krnl2.obj
 0001:0000d1a0       ?UnregisterIdleCallBack@CKrnlApp@@QAEXPAUHWND__@@@Z 1000e1a0 f   krnln_static:krnl2.obj
 0001:0000d210       ?UnregisterAllIdleCallBack@CKrnlApp@@QAEXXZ 1000e210 f   krnln_static:krnl2.obj
 0001:0000d240       ?MessageLoop@CKrnlApp@@QAEXH@Z 1000e240 f   krnln_static:krnl2.obj
 0001:0000d380       ?DoEvents@CKrnlApp@@QAEXXZ 1000e380 f   krnln_static:krnl2.obj
 0001:0000d3d0       ?AllocID@CKrnlApp@@QAEKXZ  1000e3d0 f   krnln_static:krnl2.obj
 0001:0000d3e0       ?ReCreateUnit@CKrnlApp@@QAEXKPAVCWinForm@@H@Z 1000e3e0 f   krnln_static:krnl2.obj
 0001:0000d760       ?SetUnitLayout@CKrnlApp@@QAEXPAVCWinForm@@H@Z 1000e760 f   krnln_static:krnl2.obj
 0001:0000d810       ?FindAboveLayoutUnitIndex@CKrnlApp@@QAEHPAVCWinForm@@H@Z 1000e810 f   krnln_static:krnl2.obj
 0001:0000d8a0       ?FreeNextCallDllCmdInf@CKrnlApp@@QAEXXZ 1000e8a0 f   krnln_static:krnl2.obj
 0001:0000d8c0       ?GetDllCmdAdr@CKrnlApp@@QAEP6GHXZH@Z 1000e8c0 f   krnln_static:krnl2.obj
 0001:0000dc60       ?ReportAllocMemError@@YAXH@Z 1000ec60 f   krnln_static:krnl2.obj
 0001:0000dc90       ?ReportError@CKrnlApp@@QAEXPBDH@Z 1000ec90 f   krnln_static:krnl2.obj
 0001:0000ddd0       ?GetLibDataTypeInfo@CKrnlApp@@QAEPAULIB_DATA_TYPE_INFO@@KPAPAULIB_INFO@@@Z 1000edd0 f   krnln_static:krnl2.obj
 0001:0000de50       ?krnl_MAFindClose@@YAXPAX@Z 1000ee50 f   krnln_static:krnl2.obj
 0001:0000de60       ?krnl_MADir@@YAPADPADHHPAPAX@Z 1000ee60 f   krnln_static:krnl2.obj
 0001:0000df70       ?krnl_MACopyConstAry@@YAXHPAPAX@Z 1000ef70 f   krnln_static:krnl2.obj
 0001:0000dfd0       ?krnl_MAReadPackedObjectProperty@@YAXKPAXHH@Z 1000efd0 f   krnln_static:krnl2.obj
 0001:0000dff0       ?krnl_MAWritePackedObjectProperty@@YAXKPAXHHKK@Z 1000eff0 f   krnln_static:krnl2.obj
 0001:0000e020       ?mystrtok@@YAPADPADDPAPAD@Z 1000f020 f   krnln_static:krnl2.obj
 0001:0000e060       ?RegOcx@CKrnlApp@@QAEHPBD0H@Z 1000f060 f   krnln_static:krnl2.obj
 0001:0000e430       ?GetDefaultIcon@CKrnlApp@@QAEXPAPAUHICON__@@0@Z 1000f430 f   krnln_static:krnl2.obj
 0001:0000e480       ?free@CKrnlApp@@QAEXH@Z    1000f480 f   krnln_static:krnl2.obj
 0001:0000e810       ?PreTranslateMessage@CKrnlApp@@UAEHPAUtagMSG@@@Z 1000f810 f   krnln_static:krnl2.obj
 0001:0000e8b0       ?NotifySys@@YGHHKK@Z       1000f8b0 f   krnln_static:krnl2.obj
 0001:0000e8e0       ?ProcessNotifySys@@YGHHKK@Z 1000f8e0 f   krnln_static:krnl2.obj
 0001:0000e900       _krnl_ProcessNotifyLib@12  1000f900 f   krnln_static:krnl2.obj
 0001:0000ea10       ?ReadProperty@CKrnlApp@@QAE_JKKHH@Z 1000fa10 f   krnln_static:krnl2.obj
 0001:0000ee90       ?ReadPackedObjectProperty@CKrnlApp@@QAE_JKPAXHH@Z 1000fe90 f   krnln_static:krnl2.obj
 0001:0000ef00       ?WritePackedObjectProperty@CKrnlApp@@QAEXKPAXHHKK@Z 1000ff00 f   krnln_static:krnl2.obj
 0001:0000f330       ?ProcessReadPropertyValue@CKrnlApp@@QAEXPAUUNIT_PROPERTY@@HAATUNIT_PROPERTY_VALUE@@PAK@Z 10010330 f   krnln_static:krnl2.obj
 0001:0000f690       ?BeginProcessEvent@CKrnlApp@@IAEKKKHH@Z 10010690 f   krnln_static:krnl2.obj
 0001:0000f850       ?RefrushMenu@CKrnlApp@@IAEXPAVCWinForm@@@Z 10010850 f   krnln_static:krnl2.obj
 0001:0000f950       ?WriteProperty@CKrnlApp@@QAEXKKHHKK@Z 10010950 f   krnln_static:krnl2.obj
 0001:00010680       ?ConvertNumToInt@CKrnlApp@@IAEHPAUMDATA_INF@@@Z 10011680 f   krnln_static:krnl2.obj
 0001:000106f0       ?StopPlayMP3@CKrnlApp@@QAEXXZ 100116f0 f   krnln_static:krnl2.obj
 0001:00010730       ?StopPlay@CKrnlApp@@QAEXH@Z 10011730 f   krnln_static:krnl2.obj
 0001:00010750       ?IsConstPtr@CKrnlApp@@QAEPAEPAX@Z 10011750 f   krnln_static:krnl2.obj
 0001:000107a0       ?GetMessageMap@CSysHideWnd@@MBEPBUAFX_MSGMAP@@XZ 100117a0 f   krnln_static:krnl2.obj
 0001:000107b0       ?OnAppQuit@CSysHideWnd@@QAEJIJ@Z 100117b0 f   krnln_static:krnl2.obj
 0001:000107d0       ??1?$CMArray@PAVCProcessor@@@@QAE@XZ 100117d0 f i krnln_static:krnl2.obj
 0001:000107d0       ??1?$CMArray@UPAGE_PRINT_INFO@@@@QAE@XZ 100117d0 f i krnln_static:krnl2.obj
 0001:000107d0       ??1?$CMArray@H@@QAE@XZ     100117d0 f i krnln_static:krnl2.obj
 0001:000107e0       ?SetSize@?$CMArray@H@@QAEXHH@Z 100117e0 f i krnln_static:krnl2.obj
 0001:000107e0       ?SetSize@?$CMArray@PAVCProcessor@@@@QAEXHH@Z 100117e0 f i krnln_static:krnl2.obj
 0001:00010930       ?StopMid@CKrnlApp@@QAEXXZ  10011930 f   krnln_static:Krnl.obj
 0001:000109e0       ?krnl_InitUserProgram@@YAXXZ 100119e0 f   krnln_static:Krnl.obj
 0001:000109f0       _krnl_MOtherHelp           100119f0 f   krnln_static:Krnl.obj
 0001:00010a00       ?_GetDllCmdAdr@@YAP6GHXZH@Z 10011a00 f   krnln_static:Krnl.obj
 0001:00010a20       _krnl_MCallDllCmd          10011a20 f   krnln_static:Krnl.obj
 0001:00010a30       _krnl_MCallLibCmd          10011a30 f   krnln_static:Krnl.obj
 0001:00010a70       _krnl_MCallKrnlLibCmd      10011a70 f   krnln_static:Krnl.obj
 0001:00010ab0       ?ProcessEvent@CKrnlApp@@IAEHPAUEVENT_NOTIFY@@@Z 10011ab0 f   krnln_static:Krnl.obj
 0001:00010b60       ?ProcessEvent@CKrnlApp@@IAEHPAUEVENT_NOTIFY2@@@Z 10011b60 f   krnln_static:Krnl.obj
 0001:00010da0       _krnl_MReportError         10011da0 f   krnln_static:Krnl.obj
 0001:00010dc0       _krnl_MReadProperty        10011dc0 f   krnln_static:Krnl.obj
 0001:00010de0       _krnl_MWriteProperty       10011de0 f   krnln_static:Krnl.obj
 0001:00010e10       _krnl_MMessageLoop         10011e10 f   krnln_static:Krnl.obj
 0001:00010e40       _krnl_MLoadBeginWin        10011e40 f   krnln_static:Krnl.obj
 0001:00010e60       _krnl_MMallocNoCheck       10011e60 f   krnln_static:Krnl.obj
 0001:00010e80       _krnl_MMalloc              10011e80 f   krnln_static:Krnl.obj
 0001:00010ec0       ?krnl_MANotifyFreeFunc@@YAXP6AXXZ@Z 10011ec0 f   krnln_static:Krnl.obj
 0001:00010ed0       _krnl_MExitProcess         10011ed0 f   krnln_static:Krnl.obj
 0001:00010ef0       _krnl_MRealloc             10011ef0 f   krnln_static:Krnl.obj
 0001:00010fb0       _krnl_MFree                10011fb0 f   krnln_static:Krnl.obj
 0001:00010fe0       ?IsFileExist@@YAHPBD@Z     10011fe0 f   krnln_static:FUNC.OBJ
 0001:00011020       ?witoa@@YAXHPAD@Z          10012020 f   krnln_static:FUNC.OBJ
 0001:00011040       ?tcsrchr@@YAHPADD@Z        10012040 f   krnln_static:FUNC.OBJ
 0001:00011090       ?ChangeFileExt@@YAXAAVCString@@PBD@Z 10012090 f   krnln_static:FUNC.OBJ
 0001:00011130       ?GetDataTypeType@@YAHK@Z   10012130 f   krnln_static:FUNC.OBJ
 0001:00011160       ?GetKey@@YAGPAUtagMSG@@@Z  10012160 f   krnln_static:FUNC.OBJ
 0001:00011190       ?ProcessKeyMsg@@YAGPAUtagMSG@@@Z 10012190 f   krnln_static:FUNC.OBJ
 0001:00011230       ?ChkDateTime@@YAXAAH00000@Z 10012230 f   krnln_static:FUNC.OBJ
 0001:00011350       ?IsWavData@@YAHPAEH@Z      10012350 f   krnln_static:FUNC.OBJ
 0001:000113d0       ?FloatToDouble@@YANM@Z     100123d0 f   krnln_static:FUNC.OBJ
 0001:000114e0       ?ftoa@@YAXMPAD@Z           100124e0 f   krnln_static:FUNC.OBJ
 0001:00011570       ?dtoa@@YAXNPAD@Z           10012570 f   krnln_static:FUNC.OBJ
 0001:00011600       ?SetOleDateTime@@YAXAAVCOleDateTime@@N@Z 10012600 f   krnln_static:FUNC.OBJ
 0001:00011690       ?GetDateTimeStr@@YAXNPAD@Z 10012690 f   krnln_static:FUNC.OBJ
 0001:000117b0       ?CCStrToEg@@YAXPADAAVCFreqMem@@H@Z 100127b0 f   krnln_static:FUNC.OBJ
 0001:00011850       ?StrToDateTime@@YAHPADPAN@Z 10012850 f   krnln_static:FUNC.OBJ
 0001:00011c00       ?GetFontPoint@@YAHPAUtagLOGFONTA@@@Z 10012c00 f   krnln_static:FUNC.OBJ
 0001:00011c50       ?AddInt@@YAXPAHHHH@Z       10012c50 f   krnln_static:FUNC.OBJ
 0001:00011c90       ?CCToEg@@YADG@Z            10012c90 f   krnln_static:FUNC.OBJ
 0001:00011cd0       ?AddInt@@YAXPAHHH@Z        10012cd0 f   krnln_static:FUNC.OBJ
 0001:00011d10       ?FindSmallOrEqvInt@@YAHPAHHH@Z 10012d10 f   krnln_static:FUNC.OBJ
 0001:00011d50       ?AddComboStrings@@YAXPAVCComboBox@@PAD@Z 10012d50 f   krnln_static:FUNC.OBJ
 0001:00011da0       ?FormatText@@YA?AVCString@@PADZZ 10012da0 f   krnln_static:FUNC.OBJ
 0001:00011e20       ?GetWinCursorType@@YAHH@Z  10012e20 f   krnln_static:FUNC.OBJ
 0001:00011e40       ?CenterPaintBmpRes@@YAXPAVCWnd@@I@Z 10012e40 f   krnln_static:FUNC.OBJ
 0001:000120d0       ??0CGdiObject@@QAE@XZ      100130d0 f i krnln_static:FUNC.OBJ
 0001:000120e0       ?ShowErrorMsg@@YAXPBD@Z    100130e0 f   krnln_static:FUNC.OBJ
 0001:00012100       ?GetWinCursorTypeIndex@@YAHH@Z 10013100 f   krnln_static:FUNC.OBJ
 0001:00012130       ?CreateMyCursor@@YAPAUHICON__@@PAEH@Z 10013130 f   krnln_static:FUNC.OBJ
 0001:000121f0       ?SetUnit@@YAXPAVCDC@@H@Z   100131f0 f   krnln_static:FUNC.OBJ
 0001:00012300       ?LoadTwoIcon@@YAXPAUHINSTANCE__@@PBDPAPAUHICON__@@2@Z 10013300 f   krnln_static:FUNC.OBJ
 0001:00012340       ?IsShareError@@YAHPAVCFileException@@@Z 10013340 f   krnln_static:FUNC.OBJ
 0001:00012360       ?wait@@YAXXZ               10013360 f   krnln_static:FUNC.OBJ
 0001:00012380       ?GetInstancePath@@YAXPAUHINSTANCE__@@AAVCString@@@Z 10013380 f   krnln_static:FUNC.OBJ
 0001:000123e0       ?SetFontPoint@@YAXPAUtagLOGFONTA@@H@Z 100133e0 f   krnln_static:FUNC.OBJ
 0001:00012430       ?MGetStretchMode@@YAHXZ    10013430 f   krnln_static:FUNC.OBJ
 0001:00012470       ?ConvertNanFangPY@@YAEEEH@Z 10013470 f   krnln_static:PY.OBJ
 0001:00012520       ??0CCryptFile@@QAE@PBDH@Z  10013520 f   krnln_static:CryptFile.obj
 0001:00012580       ?SetPassword@CCryptFile@@QAEXPBDH@Z 10013580 f   krnln_static:CryptFile.obj
 0001:00012640       ?Read@CCryptFile@@UAEIPAXI@Z 10013640 f   krnln_static:CryptFile.obj
 0001:000126a0       ?Write@CCryptFile@@UAEXPBXI@Z 100136a0 f   krnln_static:CryptFile.obj
 0001:00012780       ?prepare_key@@YAXPAEHPAUrc4_key@@@Z 10013780 f   krnln_static:CryptFile.obj
 0001:00012840       ?skip@@YAXHPAUrc4_key@@@Z  10013840 f   krnln_static:CryptFile.obj
 0001:000128b0       ?rc4@@YAXPAEHPAUrc4_key@@@Z 100138b0 f   krnln_static:CryptFile.obj
 0001:00012930       ?CallRC4@CCryptFile@@IAEXHPAEHH@Z 10013930 f   krnln_static:CryptFile.obj
 0001:00012b30       ?NewGetMD5@CCryptFile@@SAXPAEIPAD@Z 10013b30 f   krnln_static:CryptFile.obj
 0001:00012b80       ?OnChar@CInputEdit@@IAEXIII@Z 10013b80 f   krnln_static:DLG.OBJ
 0001:00012bd0       ?PreClose@CPrintStatusDlg@@QAEXXZ 10013bd0 f   krnln_static:DLG.OBJ
 0001:00012c30       ?OnClose@CPrintStatusDlg@@IAEXXZ 10013c30 f   krnln_static:DLG.OBJ
 0001:00012c50       ?OnLButtonDown@CInputPanel@@IAEXIVCPoint@@@Z 10013c50 f   krnln_static:DLG.OBJ
 0001:00012ca0       ?OnMouseMove@CInputPanel@@IAEXIVCPoint@@@Z 10013ca0 f   krnln_static:DLG.OBJ
 0001:00012de0       ?OnLButtonUp@CInputPanel@@IAEXIVCPoint@@@Z 10013de0 f   krnln_static:DLG.OBJ
 0001:00012e10       ?OnDestroy@CBrowDlg@@IAEXXZ 10013e10 f   krnln_static:DLG.OBJ
 0001:00012eb0       ?SetFocusMark@CBrowDlg@@QAEXPAVCWnd@@H@Z 10013eb0 f   krnln_static:DLG.OBJ
 0001:00012ef0       ?ShowControl@CBrowDlg@@QAEXPAVCWnd@@@Z 10013ef0 f   krnln_static:DLG.OBJ
 0001:000130e0       ?SetCaption@CBrowDlg@@IAEXXZ 100140e0 f   krnln_static:DLG.OBJ
 0001:00013240       ?WriteCurRecord@CBrowDlg@@IAEHXZ 10014240 f   krnln_static:DLG.OBJ
 0001:00013ad0       ?ProcessButton@CBrowDlg@@QAEXH@Z 10014ad0 f   krnln_static:DLG.OBJ
 0001:00013d00       ??1CModiMemoBin@@UAE@XZ    10014d00 f i krnln_static:DLG.OBJ
 0001:00013d90       ??_GCStatic@@UAEPAXI@Z     10014d90 f i krnln_static:DLG.OBJ
 0001:00013d90       ??_ECStatic@@UAEPAXI@Z     10014d90 f i krnln_static:DLG.OBJ
 0001:00013db0       ?OnSetfocus@CFieldEdit@@IAEXXZ 10014db0 f   krnln_static:DLG.OBJ
 0001:00013dd0       ?OnKillfocus@CFieldEdit@@IAEXXZ 10014dd0 f   krnln_static:DLG.OBJ
 0001:000140f0       ?OnChar@CFieldEdit@@IAEXIII@Z 100150f0 f   krnln_static:DLG.OBJ
 0001:00014140       ?OnSetFocus@CFieldBtn@@IAEXPAVCWnd@@@Z 10015140 f   krnln_static:DLG.OBJ
 0001:00014160       ?OnKillFocus@CFieldBtn@@IAEXPAVCWnd@@@Z 10015160 f   krnln_static:DLG.OBJ
 0001:00014180       ?OnClicked@CFieldBtn@@IAEXXZ 10015180 f   krnln_static:DLG.OBJ
 0001:000141e0       ?OnPaint@CFieldLabel@@IAEXXZ 100151e0 f   krnln_static:DLG.OBJ
 0001:00014290       ??0CModiMemoBin@@QAE@PAVCWnd@@@Z 10015290 f   krnln_static:DLG.OBJ
 0001:00014350       ??_GCModiMemoBin@@UAEPAXI@Z 10015350 f i krnln_static:DLG.OBJ
 0001:00014350       ??_ECModiMemoBin@@UAEPAXI@Z 10015350 f i krnln_static:DLG.OBJ
 0001:00014370       ?DoDataExchange@CModiMemoBin@@MAEXPAVCDataExchange@@@Z 10015370 f   krnln_static:DLG.OBJ
 0001:000143b0       ?GetMessageMap@CModiMemoBin@@MBEPBUAFX_MSGMAP@@XZ 100153b0 f   krnln_static:DLG.OBJ
 0001:000143c0       ?ShowData@CModiMemoBin@@IAEXXZ 100153c0 f   krnln_static:DLG.OBJ
 0001:00014640       ?OnInitDialog@CModiMemoBin@@MAEHXZ 10015640 f   krnln_static:DLG.OBJ
 0001:000149f0       ?InOrOut@CModiMemoBin@@IAEXH@Z 100159f0 f   krnln_static:DLG.OBJ
 0001:00014c40       ?OnIn@CModiMemoBin@@IAEXXZ 10015c40 f   krnln_static:DLG.OBJ
 0001:00014c50       ?OnOut@CModiMemoBin@@IAEXXZ 10015c50 f   krnln_static:DLG.OBJ
 0001:00014c60       ?OnPlaySound@CModiMemoBin@@IAEXXZ 10015c60 f   krnln_static:DLG.OBJ
 0001:00014d10       ?OnStopPlayCurSound@CModiMemoBin@@IAEXXZ 10015d10 f   krnln_static:DLG.OBJ
 0001:00014d80       ?OnClear@CModiMemoBin@@IAEXXZ 10015d80 f   krnln_static:DLG.OBJ
 0001:00014de0       ?SaveCurMemoData@CModiMemoBin@@IAEXXZ 10015de0 f   krnln_static:DLG.OBJ
 0001:00014e70       ?OnOK@CModiMemoBin@@MAEXXZ 10015e70 f   krnln_static:DLG.OBJ
 0001:00014e90       ?init@CPIWinForm@@UAEXXZ   10015e90 f   krnln_static:Winform.obj
 0001:00014f20       ?Serialize@CPIWinForm@@UAEHAAVCArchive@@@Z 10015f20 f   krnln_static:Winform.obj
 0001:00015440       ?StopPlay@@YAXPAVCWinFormUnit@@@Z 10016440 f   krnln_static:Winform.obj
 0001:000154b0       ??1CPIWinForm@@QAE@XZ      100164b0 f i krnln_static:Winform.obj
 0001:00015550       ?CreateObject@CWinFormUnit@@SGPAVCObject@@XZ 10016550 f   krnln_static:Winform.obj
 0001:000155b0       ?GetRuntimeClass@CWinFormUnit@@UBEPAUCRuntimeClass@@XZ 100165b0 f   krnln_static:Winform.obj
 0001:000155c0       ??0CWinFormUnit@@QAE@XZ    100165c0 f   krnln_static:Winform.obj
 0001:00015700       ??_ECWinFormUnit@@UAEPAXI@Z 10016700 f i krnln_static:Winform.obj
 0001:00015700       ??_GCWinFormUnit@@UAEPAXI@Z 10016700 f i krnln_static:Winform.obj
 0001:00015720       ??1CWinFormUnit@@UAE@XZ    10016720 f   krnln_static:Winform.obj
 0001:00015890       ?GetMessageMap@CWinFormUnit@@MBEPBUAFX_MSGMAP@@XZ 10016890 f   krnln_static:Winform.obj
 0001:000158a0       ?OnNotify@CWinFormUnit@@MAEHIJPAJ@Z 100168a0 f   krnln_static:Winform.obj
 0001:000158c0       ?OnNcActivate@CWinFormUnit@@IAEHH@Z 100168c0 f   krnln_static:Winform.obj
 0001:00015900       ?OnShowWindow@CWinFormUnit@@IAEXHI@Z 10016900 f   krnln_static:Winform.obj
 0001:00015960       ?OnDestroyThis@CWinFormUnit@@QAEXIJ@Z 10016960 f   krnln_static:Winform.obj
 0001:00015990       ?OnIconOper@CWinFormUnit@@IAEXIJ@Z 10016990 f   krnln_static:Winform.obj
 0001:00015a10       ?SetTrayIcon@CWinFormUnit@@QAEXPAUHICON__@@PAD@Z 10016a10 f   krnln_static:Winform.obj
 0001:00015ae0       ?SetWindowShape@CWinFormUnit@@QAEXXZ 10016ae0 f   krnln_static:Winform.obj
 0001:00015dc0       ?PreCreateWindow@CWinFormUnit@@MAEHAAUtagCREATESTRUCTA@@@Z 10016dc0 f   krnln_static:Winform.obj
 0001:00015dd0       ?PostNcDestroy@CWinFormUnit@@MAEXXZ 10016dd0 f   krnln_static:Winform.obj
 0001:00015ec0       ?OnPaint@CWinFormUnit@@IAEXXZ 10016ec0 f   krnln_static:Winform.obj
 0001:000163b0       ?OnCommand@CWinFormUnit@@MAEHIJ@Z 100173b0 f   krnln_static:Winform.obj
 0001:00016490       ?OnCmdMsg@CWinFormUnit@@MAEHIHPAXPAUAFX_CMDHANDLERINFO@@@Z 10017490 f   krnln_static:Winform.obj
 0001:000164b0       ?OnInitMenuPopup@CWinFormUnit@@IAEXPAVCMenu@@IH@Z 100174b0 f   krnln_static:Winform.obj
 0001:000164c0       ?OnQueryEndSession@CWinFormUnit@@IAEHXZ 100174c0 f   krnln_static:Winform.obj
 0001:00016570       ?ExitDlgMode@CWinFormUnit@@QAEXXZ 10017570 f   krnln_static:Winform.obj
 0001:000165e0       ?OnClose@CWinFormUnit@@IAEXXZ 100175e0 f   krnln_static:Winform.obj
 0001:00016680       ?OnDestroy@CWinFormUnit@@IAEXXZ 10017680 f   krnln_static:Winform.obj
 0001:000167b0       ?AskCurFocusUnitIsNeedThisKey@CWinFormUnit@@IAEHG@Z 100177b0 f   krnln_static:Winform.obj
 0001:00016890       ?GetOCXWndObject@CWinFormUnit@@IAEPAUIUnknown@@PAVCWnd@@@Z 10017890 f   krnln_static:Winform.obj
 0001:00016980       ?AskCurFocusOleControlCharMsg@CWinFormUnit@@IAEHPAUtagMSG@@@Z 10017980 f   krnln_static:Winform.obj
 0001:00016ab0       ?SkipRadio@CWinFormUnit@@IAEHPAUHWND__@@H@Z 10017ab0 f   krnln_static:Winform.obj
 0001:00016b60       ?SkipFocus@CWinFormUnit@@IAEXPAUHWND__@@HH0@Z 10017b60 f   krnln_static:Winform.obj
 0001:00017090       ?OnSetFocus@CWinFormUnit@@IAEXPAVCWnd@@@Z 10018090 f   krnln_static:Winform.obj
 0001:000172b0       ?OnKillFocus@CWinFormUnit@@IAEXPAVCWnd@@@Z 100182b0 f   krnln_static:Winform.obj
 0001:00017300       ?OnActivate@CWinFormUnit@@IAEXIPAVCWnd@@H@Z 10018300 f   krnln_static:Winform.obj
 0001:00017570       ?NotifyDefaultButton@CWinFormUnit@@IAEHPAVCWinForm@@H@Z 10018570 f   krnln_static:Winform.obj
 0001:00017660       ?PreTranslateMessage@CWinFormUnit@@UAEHPAUtagMSG@@@Z 10018660 f   krnln_static:Winform.obj
 0001:00018360       ?OnSetCursor@CWinFormUnit@@IAEHPAVCWnd@@II@Z 10019360 f   krnln_static:Winform.obj
 0001:000183a0       ?SetAllUnitCursor@CWinFormUnit@@IAEHPAUHWND__@@@Z 100193a0 f   krnln_static:Winform.obj
 0001:000184a0       ?OnMove@CWinFormUnit@@IAEXHH@Z 100194a0 f   krnln_static:Winform.obj
 0001:000184f0       ?OnRelayoutBar@CWinFormUnit@@IAEJIJ@Z 100194f0 f   krnln_static:Winform.obj
 0001:00018510       ?RelayoutBarUnit@CWinFormUnit@@QAEXXZ 10019510 f   krnln_static:Winform.obj
 0001:00018760       ?OnSize@CWinFormUnit@@IAEXIHH@Z 10019760 f   krnln_static:Winform.obj
 0001:000187d0       ?IdleProcess@CWinFormUnit@@QAEHH@Z 100197d0 f   krnln_static:Winform.obj
 0001:00018850       ?ShowWindowMax@CWinFormUnit@@QAEXXZ 10019850 f   krnln_static:Winform.obj
 0001:00018900       ?NewCreateSpecMenu@@YAPAUHMENU__@@PAEHKHPAPAUHACCEL__@@H@Z 10019900 f   krnln_static:MENU.OBJ
 0001:00018aa0       ?GetQuickKeyName@@YAPADH@Z 10019aa0 f   krnln_static:MENU.OBJ
 0001:00018ac0       ?InsertMenuA@@YAPAUHMENU__@@PAU1@AAPAEAAHHPAVCMyDWordArray@@H@Z 10019ac0 f   krnln_static:MENU.OBJ
 0001:00018f30       ?DDBToDIB@@YAPAXAAVCBitmap@@KPAVCPalette@@@Z 10019f30 f   krnln_static:Savebmp.obj
 0001:00019170       ?WriteDIB@@YAHAAVCFreqMem@@PAX@Z 1001a170 f   krnln_static:Savebmp.obj
 0001:00019270       ?WriteBitmap@@YAHAAVCBitmap@@AAVCFreqMem@@HH@Z 1001a270 f   krnln_static:Savebmp.obj
 0001:000195d0       ??_GCPalette@@UAEPAXI@Z    1001a5d0 f i krnln_static:Savebmp.obj
 0001:000195d0       ??_ECPalette@@UAEPAXI@Z    1001a5d0 f i krnln_static:Savebmp.obj
 0001:000195f0       ??1CPalette@@UAE@XZ        1001a5f0 f i krnln_static:Savebmp.obj
 0001:00019630       ?GetBitmapData@@YAPAXPAUHBITMAP__@@@Z 1001a630 f   krnln_static:Savebmp.obj
 0001:00019780       ??0CJBPic@@QAE@XZ          1001a780 f   krnln_static:JBPIC.OBJ
 0001:00019820       ?init@CJBPic@@QAEXXZ       1001a820 f   krnln_static:JBPIC.OBJ
 0001:00019840       ?Serialize@CJBPic@@UAEXAAVCArchive@@@Z 1001a840 f   krnln_static:JBPIC.OBJ
 0001:00019c20       ?Create@CJBPic@@QAEHHUtagSIZE@@PAKHPAUtagRECT@@@Z 1001ac20 f   krnln_static:JBPIC.OBJ
 0001:0001a2c0       ?GetColor@CJBPic@@IAEXHHPAE00@Z 1001b2c0 f   krnln_static:JBPIC.OBJ
 0001:0001a440       ?CreateBitmap@CJBPic@@QAEPAUHBITMAP__@@PAVCDC@@@Z 1001b440 f   krnln_static:JBPIC.OBJ
 0001:0001a4d0       ?draw@CJBPic@@QAEHPAVCDC@@HHK@Z 1001b4d0 f   krnln_static:JBPIC.OBJ
 0001:0001a610       ?FillRect@CJBPic@@QAEHPAVCDC@@PBVCRect@@1HPAKHK@Z 1001b610 f   krnln_static:JBPIC.OBJ
 0001:0001a840       ?DrawRect@CJBPic@@QAEHPAVCDC@@PBVCRect@@H1ABUtagSIZE@@PAKHHK@Z 1001b840 f   krnln_static:JBPIC.OBJ
 0001:0001add0       ?Read@CStream@@UAEHPAEH@Z  1001bdd0 f   krnln_static:Pic.obj
 0001:0001ae70       ?BGRFromRGB@@YAHPAEII@Z    1001be70 f   krnln_static:Pic.obj
 0001:0001aec0       ?VertFlipBuf@@YAHPAEII@Z   1001bec0 f   krnln_static:Pic.obj
 0001:0001afd0       ?MakeDwordAlignedBuf@@YAPAEPAEIIPAI@Z 1001bfd0 f   krnln_static:Pic.obj
 0001:0001b070       _LoadPicFile@4             1001c070 f   krnln_static:Pic.obj
 0001:0001b110       _LoadPicData@8             1001c110 f   krnln_static:Pic.obj
 0001:0001b1e0       _BeginDrawPic@12           1001c1e0 f   krnln_static:Pic.obj
 0001:0001b440       _DrawPic@24                1001c440 f   krnln_static:Pic.obj
 0001:0001b7a0       _EndDrawPic@4              1001c7a0 f   krnln_static:Pic.obj
 0001:0001b7d0       _Draw@24                   1001c7d0 f   krnln_static:Pic.obj
 0001:0001b840       _GetHBitmap@8              1001c840 f   krnln_static:Pic.obj
 0001:0001ba10       _LoadJPGFile@4             1001ca10 f   krnln_static:Pic.obj
 0001:0001ba70       ?AllocMem@@YAPAEH@Z        1001ca70 f   krnln_static:Pic.obj
 0001:0001ba80       _LoadJPG@4                 1001ca80 f   krnln_static:Pic.obj
 0001:0001bb70       ??_ECStream@@UAEPAXI@Z     1001cb70 f i krnln_static:Pic.obj
 0001:0001bb70       ??_GCStream@@UAEPAXI@Z     1001cb70 f i krnln_static:Pic.obj
 0001:0001bb90       ??1CStream@@UAE@XZ         1001cb90 f i krnln_static:Pic.obj
 0001:0001bba0       ?Read@CBaseStream@@UAEHPAEH@Z 1001cba0 f i krnln_static:Pic.obj
 0001:0001bbb0       ??_ECBaseStream@@UAEPAXI@Z 1001cbb0 f i krnln_static:Pic.obj
 0001:0001bbb0       ??_GCBaseStream@@UAEPAXI@Z 1001cbb0 f i krnln_static:Pic.obj
 0001:0001bbd0       _LoadBMPFile@4             1001cbd0 f   krnln_static:Pic.obj
 0001:0001bc30       _LoadPcxFile@4             1001cc30 f   krnln_static:Pic.obj
 0001:0001bc90       _LoadBMP@4                 1001cc90 f   krnln_static:Pic.obj
 0001:0001bd60       _GetPicFileType@4          1001cd60 f   krnln_static:Pic.obj
 0001:0001bdc0       _GetPicDataType@8          1001cdc0 f   krnln_static:Pic.obj
 0001:0001beb0       _GetPicType@4              1001ceb0 f   krnln_static:Pic.obj
 0001:0001bf70       _LoadIcoFile@8             1001cf70 f   krnln_static:Pic.obj
 0001:0001bfd0       _LoadIco@8                 1001cfd0 f   krnln_static:Pic.obj
 0001:0001c230       _LoadGifFile@4             1001d230 f   krnln_static:Pic.obj
 0001:0001c290       _LoadGif@4                 1001d290 f   krnln_static:Pic.obj
 0001:0001c430       _GetFileFilterStr@0        1001d430 f   krnln_static:Pic.obj
 0001:0001c440       ?GetMessageMap@CPicWnd@@MBEPBUAFX_MSGMAP@@XZ 1001d440 f   krnln_static:Pic.obj
 0001:0001c450       ?OnPaint@CPicWnd@@IAEXXZ   1001d450 f   krnln_static:Pic.obj
 0001:0001c6b0       ?PostNcDestroy@CPicWnd@@MAEXXZ 1001d6b0 f   krnln_static:Pic.obj
 0001:0001c6e0       ?AutoSizeWnd@CPicWnd@@MAEXXZ 1001d6e0 f   krnln_static:Pic.obj
 0001:0001c7a0       ?Empty@CPicWnd@@QAEXXZ     1001d7a0 f   krnln_static:Pic.obj
 0001:0001c800       ?EmptyData@CPicWnd@@QAEXXZ 1001d800 f   krnln_static:Pic.obj
 0001:0001c820       ?PutData@CPicWnd@@QAEHPAEH@Z 1001d820 f   krnln_static:Pic.obj
 0001:0001ca00       _LoadPcx@4                 1001da00 f   krnln_static:Pic.obj
 0001:0001cad0       ?LoadPcxData@@YAPAUPIC_INFO@@PAEH@Z 1001dad0 f   krnln_static:Pic.obj
 0001:0001cdb0       ?LoadBWPcx@@YAPAUPIC_INFO@@PAEH@Z 1001ddb0 f   krnln_static:Pic.obj
 0001:0001cf60       ?CreateCursorFromData@@YAPAUHICON__@@PAEK@Z 1001df60 f   krnln_static:Pic.obj
 0001:0001d060       ??0CMIDI@@QAE@XZ           1001e060 f   krnln_static:MIDI.OBJ
 0001:0001d100       ??_ECMIDI@@UAEPAXI@Z       1001e100 f i krnln_static:MIDI.OBJ
 0001:0001d100       ??_GCMIDI@@UAEPAXI@Z       1001e100 f i krnln_static:MIDI.OBJ
 0001:0001d120       ??1CMIDI@@UAE@XZ           1001e120 f   krnln_static:MIDI.OBJ
 0001:0001d1f0       ?Empty@CMIDI@@QAEXXZ       1001e1f0 f   krnln_static:MIDI.OBJ
 0001:0001d220       ?init@CMIDI@@IAEXXZ        1001e220 f   krnln_static:MIDI.OBJ
 0001:0001d340       ?IsMIDIData@CMIDI@@SAHPAEK@Z 1001e340 f   krnln_static:MIDI.OBJ
 0001:0001d360       ?Create@CMIDI@@QAEHPAXKPAVCWnd@@@Z 1001e360 f   krnln_static:MIDI.OBJ
 0001:0001d620       ?Play@CMIDI@@QAEHH@Z       1001e620 f   krnln_static:MIDI.OBJ
 0001:0001d690       ?Stop@CMIDI@@QAEHH@Z       1001e690 f   krnln_static:MIDI.OBJ
 0001:0001d7a0       ?Continue@CMIDI@@QAEHXZ    1001e7a0 f   krnln_static:MIDI.OBJ
 0001:0001d7e0       ?Rewind@CMIDI@@QAEHXZ      1001e7e0 f   krnln_static:MIDI.OBJ
 0001:0001d860       ?ConvertToBuffer@CMIDI@@IAEHKPAUCONVERTINFO@@@Z 1001e860 f   krnln_static:MIDI.OBJ
 0001:0001daa0       ?GetTrackEvent@CMIDI@@IAEHPAUTRACK@@PAUTEMPEVENT@@@Z 1001eaa0 f   krnln_static:MIDI.OBJ
 0001:0001dd50       ?GetTrackVDWord@CMIDI@@IAEHPAUTRACK@@PAK@Z 1001ed50 f   krnln_static:MIDI.OBJ
 0001:0001dda0       ?AddEventToStreamBuffer@CMIDI@@IAEHPAUTEMPEVENT@@PAUCONVERTINFO@@@Z 1001eda0 f   krnln_static:MIDI.OBJ
 0001:0001dff0       ?StreamBufferSetup@CMIDI@@IAEHXZ 1001eff0 f   krnln_static:MIDI.OBJ
 0001:0001e2e0       ?FreeBuffers@CMIDI@@IAEXXZ 1001f2e0 f   krnln_static:MIDI.OBJ
 0001:0001e360       ?MidiError@CMIDI@@MAEXI@Z  1001f360 f   krnln_static:MIDI.OBJ
 0001:0001e370       ?OnMidiOutDone@CMIDI@@MAEXAAUmidihdr_tag@@@Z 1001f370 f   krnln_static:MIDI.OBJ
 0001:0001e530       ?OnMidiOutPositionCB@CMIDI@@MAEXAAUmidihdr_tag@@AAUmidievent_tag@@@Z 1001f530 f   krnln_static:MIDI.OBJ
 0001:0001e600       ?OnMidiOutClose@CMIDI@@MAEXXZ 1001f600 f   krnln_static:MIDI.OBJ
 0001:0001e620       ?MidiProc@CMIDI@@CGXPAUHMIDIOUT__@@IKKK@Z 1001f620 f   krnln_static:MIDI.OBJ
 0001:0001e690       ??1?$vector@PAXV?$allocator@PAX@std@@@std@@QAE@XZ 1001f690 f i krnln_static:MIDI.OBJ
 0001:0001e690       ??1?$vector@UCONVERTINFO@@V?$allocator@UCONVERTINFO@@@std@@@std@@QAE@XZ 1001f690 f i krnln_static:MIDI.OBJ
 0001:0001e690       ??1?$vector@UTRACK@@V?$allocator@UTRACK@@@std@@@std@@QAE@XZ 1001f690 f i krnln_static:MIDI.OBJ
 0001:0001e690       ??1?$vector@KV?$allocator@K@std@@@std@@QAE@XZ 1001f690 f i krnln_static:MIDI.OBJ
 0001:0001e6c0       ?size@?$vector@UTRACK@@V?$allocator@UTRACK@@@std@@@std@@QBEIXZ 1001f6c0 f i krnln_static:MIDI.OBJ
 0001:0001e6f0       ?insert@?$vector@UTRACK@@V?$allocator@UTRACK@@@std@@@std@@QAEXPAUTRACK@@IABU3@@Z 1001f6f0 f i krnln_static:MIDI.OBJ
 0001:0001e9f0       ?erase@?$vector@UTRACK@@V?$allocator@UTRACK@@@std@@@std@@QAEPAUTRACK@@PAU3@0@Z 1001f9f0 f i krnln_static:MIDI.OBJ
 0001:0001ea30       ?insert@?$vector@PAXV?$allocator@PAX@std@@@std@@QAEXPAPAXIABQAX@Z 1001fa30 f i krnln_static:MIDI.OBJ
 0001:0001ea30       ?insert@?$vector@KV?$allocator@K@std@@@std@@QAEXPAKIABK@Z 1001fa30 f i krnln_static:MIDI.OBJ
 0001:0001ec40       ?size@?$vector@UCONVERTINFO@@V?$allocator@UCONVERTINFO@@@std@@@std@@QBEIXZ 1001fc40 f i krnln_static:MIDI.OBJ
 0001:0001ec70       ?insert@?$vector@UCONVERTINFO@@V?$allocator@UCONVERTINFO@@@std@@@std@@QAEXPAUCONVERTINFO@@IABU3@@Z 1001fc70 f i krnln_static:MIDI.OBJ
 0001:0001ef80       ?erase@?$vector@UCONVERTINFO@@V?$allocator@UCONVERTINFO@@@std@@@std@@QAEPAUCONVERTINFO@@PAU3@0@Z 1001ff80 f i krnln_static:MIDI.OBJ
 0001:0001efc0       ?_Destroy@?$vector@UCONVERTINFO@@V?$allocator@UCONVERTINFO@@@std@@@std@@IAEXPAUCONVERTINFO@@0@Z 1001ffc0 f i krnln_static:MIDI.OBJ
 0001:0001efc0       ?_Destroy@?$vector@PAUGWAVE@@V?$allocator@PAUGWAVE@@@std@@@std@@IAEXPAPAUGWAVE@@0@Z 1001ffc0 f i krnln_static:MIDI.OBJ
 0001:0001efc0       ?_Destroy@?$vector@UTRACK@@V?$allocator@UTRACK@@@std@@@std@@IAEXPAUTRACK@@0@Z 1001ffc0 f i krnln_static:MIDI.OBJ
 0001:0001efd0       ?copy@std@@YAPAUTRACK@@PAU2@00@Z 1001ffd0 f i krnln_static:MIDI.OBJ
 0001:0001f010       ?copy@std@@YAPAUCONVERTINFO@@PAU2@00@Z 10020010 f i krnln_static:MIDI.OBJ
 0001:0001f050       ?SetDllFuncs@CDllFunc@@QAEXP6AHXZP6AP6GHXZPBD@ZP6AXXZ@Z 10020050 f   krnln_static:DllFunc.obj
 0001:0001f0a0       ?GetProc@CDllFunc@@QAEP6GHXZPAD@Z 100200a0 f   krnln_static:DllFunc.obj
 0001:0001f0e0       ?MCloseSocket@CBaseSockWnd@@IAEXI@Z 100200e0 f   krnln_static:sockwnd.obj
 0001:0001f100       ?OnDataIncoming@CUDPSockWnd@@IAEJIJ@Z 10020100 f   krnln_static:sockwnd.obj
 0001:0001f1e0       ?OnDataIncoming@CClientSockWnd@@IAEJIJ@Z 100201e0 f   krnln_static:sockwnd.obj
 0001:0001f320       ?OnAccept@CServerSockWnd@@IAEJIJ@Z 10020320 f   krnln_static:sockwnd.obj
 0001:0001f440       ?OnDataIncoming@CServerSockWnd@@IAEJIJ@Z 10020440 f   krnln_static:sockwnd.obj
 0001:0001f620       ??0CPing@@QAE@XZ           10020620 f   krnln_static:sockwnd.obj
 0001:0001f640       ??_GCPing@@UAEPAXI@Z       10020640 f i krnln_static:sockwnd.obj
 0001:0001f640       ??_ECPing@@UAEPAXI@Z       10020640 f i krnln_static:sockwnd.obj
 0001:0001f660       ??1CPing@@UAE@XZ           10020660 f   krnln_static:sockwnd.obj
 0001:0001f690       ?ClearEventBuf@CSerial@@IAEXXZ 10020690 f   krnln_static:Serial.obj
 0001:0001f6c0       ?OnHasEvent@CSerial@@IAEJIJ@Z 100206c0 f   krnln_static:Serial.obj
 0001:0001f900       ?AddProcessor@CMDataSource@@QAEXPAVCProcessor@@@Z 10020900 f   krnln_static:MDataSrc.obj
 0001:0001fa50       ?RemoveProcessor@CMDataSource@@QAEXPAVCProcessor@@@Z 10020a50 f   krnln_static:MDataSrc.obj
 0001:0001fa90       ?FindProcessor@CMDataSource@@QAEHPAVCProcessor@@@Z 10020a90 f   krnln_static:MDataSrc.obj
 0001:0001fac0       ?SetProvider@CMDataSource@@QAEXPAVCProvider@@@Z 10020ac0 f   krnln_static:MDataSrc.obj
 0001:0001faf0       ?CheckRowIndex@CMDataSource@@IAEHH@Z 10020af0 f   krnln_static:MDataSrc.obj
 0001:0001fb20       ?CheckColIndex@CMDataSource@@IAEHH@Z 10020b20 f   krnln_static:MDataSrc.obj
 0001:0001fb50       ?CheckRowColIndex@CMDataSource@@IAEHHH@Z 10020b50 f   krnln_static:MDataSrc.obj
 0001:0001fb80       ?CheckRow@CMDataSource@@IAEHHPAH@Z 10020b80 f   krnln_static:MDataSrc.obj
 0001:0001fbd0       ?CheckCol@CMDataSource@@IAEHHPAH@Z 10020bd0 f   krnln_static:MDataSrc.obj
 0001:0001fc20       ?CheckRowCol@CMDataSource@@IAEHHPAHH0@Z 10020c20 f   krnln_static:MDataSrc.obj
 0001:0001fc60       ?SaveChange@CMDataSource@@QAEXXZ 10020c60 f   krnln_static:MDataSrc.obj
 0001:0001fc90       ?GetRowCount@CMDataSource@@QAEHXZ 10020c90 f   krnln_static:MDataSrc.obj
 0001:0001fca0       ?GetRowHeight@CMDataSource@@QAEHH@Z 10020ca0 f   krnln_static:MDataSrc.obj
 0001:0001fcd0       ?GetColCount@CMDataSource@@QAEHXZ 10020cd0 f   krnln_static:MDataSrc.obj
 0001:0001fce0       ?GetColWidth@CMDataSource@@QAEHH@Z 10020ce0 f   krnln_static:MDataSrc.obj
 0001:0001fd10       ?GetColName@CMDataSource@@QAEXHAAVCString@@@Z 10020d10 f   krnln_static:MDataSrc.obj
 0001:0001fd50       ?GetFixedRowCount@CMDataSource@@QAEHXZ 10020d50 f   krnln_static:MDataSrc.obj
 0001:0001fd60       ?GetFixedColCount@CMDataSource@@QAEHXZ 10020d60 f   krnln_static:MDataSrc.obj
 0001:0001fd70       ?GetCell@CMDataSource@@QAEHPAVCELL@@HHH@Z 10020d70 f   krnln_static:MDataSrc.obj
 0001:0001fdb0       ?GetState@CMDataSource@@QAEKHH@Z 10020db0 f   krnln_static:MDataSrc.obj
 0001:0001fe50       ?GetShowText@CMDataSource@@QAEXHHAAVCString@@@Z 10020e50 f   krnln_static:MDataSrc.obj
 0001:0001fee0       ?GetText@CMDataSource@@QAEXHHAAVCString@@@Z 10020ee0 f   krnln_static:MDataSrc.obj
 0001:0001ff70       ?GetBackground@CELL@@QAEKXZ 10020f70 f   krnln_static:MDataSrc.obj
 0001:0001ff70       ?GetCaretRowIndex@CMDataSource@@QAEHXZ 10020f70 f   krnln_static:MDataSrc.obj
 0001:0001ff80       ?IsReadOnly@CMDataSource@@QAEHXZ 10020f80 f   krnln_static:MDataSrc.obj
 0001:0001ff90       ?GetProvider@CMDataSource@@QAEPAVCProvider@@XZ 10020f90 f   krnln_static:MDataSrc.obj
 0001:0001ffa0       ?SetRowHeight@CMDataSource@@QAEXHHH@Z 10020fa0 f   krnln_static:MDataSrc.obj
 0001:0001fff0       ?SetColWidth@CMDataSource@@QAEXHHH@Z 10020ff0 f   krnln_static:MDataSrc.obj
 0001:00020040       ?NotifyCellModified@CMDataSource@@IAEXHHHH@Z 10021040 f   krnln_static:MDataSrc.obj
 0001:00020080       ?SetText@CMDataSource@@QAEHHHPAD@Z 10021080 f   krnln_static:MDataSrc.obj
 0001:000200d0       ?GetCellsData@CMDataSource@@QAEHAAVCFreqMem@@HHHH@Z 100210d0 f   krnln_static:MDataSrc.obj
 0001:000201b0       ?SetCellsData@CMDataSource@@QAEHPAEHHHHPAH11H@Z 100211b0 f   krnln_static:MDataSrc.obj
 0001:00020270       ?LoadCellsData@CMDataSource@@QAEHPAVCFile@@HHHPAH11H@Z 10021270 f   krnln_static:MDataSrc.obj
 0001:00020460       ?SaveCellsData@CMDataSource@@QAEHPAVCFile@@HHHH@Z 10021460 f   krnln_static:MDataSrc.obj
 0001:00020570       ?GetIndependRect@CMDataSource@@QAEXAAVCRect@@@Z 10021570 f   krnln_static:MDataSrc.obj
 0001:00020620       ?SetupPrinterInfo@CMDataSource@@QAEHXZ 10021620 f   krnln_static:MDataSrc.obj
 0001:00020b10       ??1CPrinterSetup@@UAE@XZ   10021b10 f i krnln_static:MDataSrc.obj
 0001:00020ce0       ?GetPrintInfo@CMDataSource@@QAEPBVCMPrintInfo@@XZ 10021ce0 f   krnln_static:MDataSrc.obj
 0001:00020cf0       ?CreatePrinterDC@CMDataSource@@QAEPAUHDC__@@XZ 10021cf0 f   krnln_static:MDataSrc.obj
 0001:000210f0       ?CalcutePrePage@CMDataSource@@QAEXHHPBVCMPrintInfo@@AAV?$CMArray@UPAGE_PRINT_INFO@@@@@Z 100220f0 f   krnln_static:MDataSrc.obj
 0001:00021510       ?FindColIndex@CMDataSource@@QAEHPAD@Z 10022510 f   krnln_static:MDataSrc.obj
 0001:00021620       ?SetSize@?$CMArray@UPAGE_PRINT_INFO@@@@QAEXHH@Z 10022620 f i krnln_static:MDataSrc.obj
 0001:00021710       ?StrToBOOL@CProvider@@SAHPAD@Z 10022710 f   krnln_static:Provider.obj
 0001:00021750       ??0CMPrintInfo@@QAE@XZ     10022750 f   krnln_static:Provider.obj
 0001:000217c0       ??1CMPrintInfo@@QAE@XZ     100227c0 f   krnln_static:Provider.obj
 0001:00021820       ?init@CMPrintInfo@@QAEXXZ  10022820 f   krnln_static:Provider.obj
 0001:000218a0       ?GetPrintScale@CMPrintInfo@@QAEHXZ 100228a0 f   krnln_static:Provider.obj
 0001:000218e0       ?CopyFrom@CMPrintInfo@@QAEXPBV1@@Z 100228e0 f   krnln_static:Provider.obj
 0001:000219a0       ??5CArchive@@QAEAAV0@AAG@Z 100229a0 f i krnln_static:Provider.obj
 0001:000219e0       ??0CELL@@QAE@XZ            100229e0 f   krnln_static:Provider.obj
 0001:00021a10       ??1CELL@@QAE@XZ            10022a10 f   krnln_static:Provider.obj
 0001:00021a20       ?FreeData@CELL@@AAEXXZ     10022a20 f   krnln_static:Provider.obj
 0001:00021a90       ?GetType@CELL@@QAEHXZ      10022a90 f   krnln_static:Provider.obj
 0001:00021ac0       ?GetState@CELL@@QAEKXZ     10022ac0 f   krnln_static:Provider.obj
 0001:00021ad0       ?GetFaceName@CELL@@QAEXAAVCString@@@Z 10022ad0 f   krnln_static:Provider.obj
 0001:00021b00       ?GetFontSize@CELL@@QAEHXZ  10022b00 f   krnln_static:Provider.obj
 0001:00021b10       ?GetExtra@CELL@@QAEHXZ     10022b10 f   krnln_static:Provider.obj
 0001:00021b20       ?GetPicInf@CELL@@QAEPAUPIC_INFO@@XZ 10022b20 f   krnln_static:Provider.obj
 0001:00021bb0       ?GetShowText@CELL@@QAEXAAVCString@@@Z 10022bb0 f   krnln_static:Provider.obj
 0001:00021c70       ?GetText@CELL@@QAEXAAVCString@@@Z 10022c70 f   krnln_static:Provider.obj
 0001:00021ca0       ?GetData@CELL@@QAEPAEPAH@Z 10022ca0 f   krnln_static:Provider.obj
 0001:00021cd0       ?SetState@CELL@@QAEXK@Z    10022cd0 f   krnln_static:Provider.obj
 0001:00021ce0       ?Serialize@CELL@@QAEXAAVCArchive@@@Z 10022ce0 f   krnln_static:Provider.obj
 0001:00021f50       ?GetState@CProvider@@IAEKHH@Z 10022f50 f   krnln_static:Provider.obj
 0001:00021ff0       ?LoadCellsData@CProvider@@IAEXAAVCArchive@@HHHPAH1H@Z 10022ff0 f   krnln_static:Provider.obj
 0001:000221f0       ?SaveCellsData@CProvider@@IAEXAAVCArchive@@HHHH@Z 100231f0 f   krnln_static:Provider.obj
 0001:00022300       ?MInitSize@CNormalProvider@@QAEHHH@Z 10023300 f   krnln_static:Provider.obj
 0001:00022350       ??0CDCRemember@@QAE@PAVCDC@@@Z 10023350 f   krnln_static:MGrid.obj
 0001:00022370       ??1CDCRemember@@QAE@XZ     10023370 f   krnln_static:MGrid.obj
 0001:00022380       ?GetRowHeight@CMGrid@@IAEHH@Z 10023380 f   krnln_static:MGrid.obj
 0001:00022460       ?GetColWidth@CMGrid@@IAEHH@Z 10023460 f   krnln_static:MGrid.obj
 0001:00022540       ?GetHeaderSize@CMGrid@@IAE?AUtagSIZE@@XZ 10023540 f   krnln_static:MGrid.obj
 0001:00022620       ?AddCX@CMGrid@@IAEHHH@Z    10023620 f   krnln_static:MGrid.obj
 0001:00022750       ?AddCY@CMGrid@@IAEHHH@Z    10023750 f   krnln_static:MGrid.obj
 0001:00022880       ?GetDrawMode@CMGrid@@QAEHXZ 10023880 f   krnln_static:MGrid.obj
 0001:00022890       ?SetDrawMode@CMGrid@@QAEXH@Z 10023890 f   krnln_static:MGrid.obj
 0001:000228a0       ?CloseEdit@CMGrid@@IAEXH@Z 100238a0 f   krnln_static:MGrid.obj
 0001:000228f0       ?GetDataSource@CMGrid@@QAEPAVCMDataSource@@XZ 100238f0 f   krnln_static:MGrid.obj
 0001:00022900       ?SetDataSource@CMGrid@@QAEXPAVCMDataSource@@@Z 10023900 f   krnln_static:MGrid.obj
 0001:00022940       ?CreateHeaderFont@CMGrid@@IAEXAAVCFont@@@Z 10023940 f   krnln_static:MGrid.obj
 0001:000229b0       ?OnMouseWheel@CMGrid@@IAEHIFVCPoint@@@Z 100239b0 f   krnln_static:MGrid.obj
 0001:00022a90       ?IsCaretRowValid@CMGrid@@IAEHH@Z 10023a90 f   krnln_static:MGrid.obj
 0001:00022ad0       ?IsCaretColValid@CMGrid@@IAEHH@Z 10023ad0 f   krnln_static:MGrid.obj
[...]
 0001:00062665       _$E367                     10063665 f   nafxcw:winctrl3.obj
 0001:00062671       _$E366                     10063671 f   nafxcw:winctrl3.obj
 0001:0005aa14       _$E374                     1005ba14 f   nafxcw:wincore.obj
 0001:0005aa19       _$E373                     1005ba19 f   nafxcw:wincore.obj
 0001:0005aa2a       _$E380                     1005ba2a f   nafxcw:wincore.obj
 0001:0005aa34       _$E376                     1005ba34 f   nafxcw:wincore.obj
 0001:0005aa41       _$E379                     1005ba41 f   nafxcw:wincore.obj
 0001:0005aa4d       _$E377                     1005ba4d f   nafxcw:wincore.obj
 0001:0005aa68       _$E385                     1005ba68 f   nafxcw:wincore.obj
 0001:0005aa72       _$E382                     1005ba72 f   nafxcw:wincore.obj
 0001:0005aa7f       _$E384                     1005ba7f f   nafxcw:wincore.obj
 0001:0005aa8b       _$E383                     1005ba8b f   nafxcw:wincore.obj
 0001:0005aaa6       _$E390                     1005baa6 f   nafxcw:wincore.obj
 0001:0005aab0       _$E387                     1005bab0 f   nafxcw:wincore.obj
 0001:0005aabd       _$E389                     1005babd f   nafxcw:wincore.obj
 0001:0005aac9       _$E388                     1005bac9 f   nafxcw:wincore.obj
 0001:0005aae4       _$E395                     1005bae4 f   nafxcw:wincore.obj
 0001:0005aaee       _$E392                     1005baee f   nafxcw:wincore.obj
 0001:0005aafb       _$E394                     1005bafb f   nafxcw:wincore.obj
 0001:0005ab07       _$E393                     1005bb07 f   nafxcw:wincore.obj
 0001:0006259b       _$E403                     1006359b f   nafxcw:wincore.obj
 0001:000625a5       _$E399                     100635a5 f   nafxcw:wincore.obj
 0001:000625b4       _$E402                     100635b4 f   nafxcw:wincore.obj
 0001:000625c0       _$E400                     100635c0 f   nafxcw:wincore.obj
 0001:000622d9       _$E372                     100632d9 f   nafxcw:wingdi.obj
 0001:000622e3       _$E369                     100632e3 f   nafxcw:wingdi.obj
 0001:000622f5       _$E371                     100632f5 f   nafxcw:wingdi.obj
 0001:00062301       _$E370                     10063301 f   nafxcw:wingdi.obj
 0001:00062311       _$E377                     10063311 f   nafxcw:wingdi.obj
 0001:0006231b       _$E374                     1006331b f   nafxcw:wingdi.obj
 0001:0006232d       _$E376                     1006332d f   nafxcw:wingdi.obj
 0001:00062339       _$E375                     10063339 f   nafxcw:wingdi.obj
 0001:00062472       _$E383                     10063472 f   nafxcw:wingdi.obj
 0001:0006247c       _$E379                     1006347c f   nafxcw:wingdi.obj
 0001:0006248b       _$E382                     1006348b f   nafxcw:wingdi.obj
 0001:00062497       _$E380                     10063497 f   nafxcw:wingdi.obj
 0001:000624b2       _$E388                     100634b2 f   nafxcw:wingdi.obj
 0001:000624bc       _$E385                     100634bc f   nafxcw:wingdi.obj
 0001:000624cb       _$E387                     100634cb f   nafxcw:wingdi.obj
 0001:000624d7       _$E386                     100634d7 f   nafxcw:wingdi.obj
 0001:00062229       _$E368                     10063229 f   nafxcw:except.obj
 0001:00062233       _$E365                     10063233 f   nafxcw:except.obj
 0001:00062245       _$E367                     10063245 f   nafxcw:except.obj
 0001:00062251       _$E366                     10063251 f   nafxcw:except.obj
 0001:00062261       _$E373                     10063261 f   nafxcw:except.obj
 0001:0006226b       _$E370                     1006326b f   nafxcw:except.obj
 0001:0006227d       _$E372                     1006327d f   nafxcw:except.obj
 0001:00062289       _$E371                     10063289 f   nafxcw:except.obj
 0001:0005931b       _$E368                     1005a31b f   nafxcw:strcore.obj
 0001:00059325       _$E365                     1005a325 f   nafxcw:strcore.obj
 0001:00059334       _$E367                     1005a334 f   nafxcw:strcore.obj
 0001:00059340       _$E366                     1005a340 f   nafxcw:strcore.obj
 0001:0005934a       _$E373                     1005a34a f   nafxcw:strcore.obj
 0001:00059354       _$E370                     1005a354 f   nafxcw:strcore.obj
 0001:00059366       _$E372                     1005a366 f   nafxcw:strcore.obj
 0001:00059372       _$E371                     1005a372 f   nafxcw:strcore.obj
 0001:0005937c       _$E378                     1005a37c f   nafxcw:strcore.obj
 0001:00059386       _$E375                     1005a386 f   nafxcw:strcore.obj
 0001:00059398       _$E377                     1005a398 f   nafxcw:strcore.obj
 0001:000593a4       _$E376                     1005a3a4 f   nafxcw:strcore.obj
 0001:000593ae       _$E383                     1005a3ae f   nafxcw:strcore.obj
 0001:000593b8       _$E380                     1005a3b8 f   nafxcw:strcore.obj
 0001:000593ca       _$E382                     1005a3ca f   nafxcw:strcore.obj
 0001:000593d6       _$E381                     1005a3d6 f   nafxcw:strcore.obj
 0001:0004861e       _$E366                     1004961e f   nafxcw:dllmodul.obj
 0001:00048623       _$E365                     10049623 f   nafxcw:dllmodul.obj
 0001:000569a1       _siglookup                 100579a1 f   libcmt:winsig.obj
 0001:00051708       _strncnt                   10052708 f   libcmt:a_map.obj
 0001:00055443       __abstract_cw              10056443 f   libcmt:ieee87.obj
 0001:000554d5       __hw_cw                    100564d5 f   libcmt:ieee87.obj
 0001:00054ddb       __tzset_lk                 10055ddb f   libcmt:tzset.obj
 0001:00055083       __isindst_lk               10056083 f   libcmt:tzset.obj
 0001:0005522f       _cvtdate                   1005622f f   libcmt:tzset.obj
 0001:0005429b       __hextodec                 1005529b f   libcmt:input.obj
 0001:000542d2       __inc                      100552d2 f   libcmt:input.obj
 0001:000542ec       __un_inc                   100552ec f   libcmt:input.obj
 0001:00054303       __whiteout                 10055303 f   libcmt:input.obj
 0001:00053582       _flsall                    10054582 f   libcmt:fflush.obj
 0001:000533a5       _write_char                100543a5 f   libcmt:output.obj
 0001:000533da       _write_multi_char          100543da f   libcmt:output.obj
 0001:0005340b       _write_string              1005440b f   libcmt:output.obj
 0001:00053443       _get_int_arg               10054443 f   libcmt:output.obj
 0001:00053450       _get_int64_arg             10054450 f   libcmt:output.obj
 0001:00053460       _get_short_arg             10054460 f   libcmt:output.obj
 0001:00051708       _strncnt                   10052708 f   libcmt:a_map.obj
 0001:00050adb       ?FindHandler@@YAXPAUEHExceptionRecord@@PAUEHRegistrationNode@@PAU_CONTEXT@@PAXPBU_s_FuncInfo@@EH1@Z 10051adb f   libcmt:frame.obj
 0001:00050c8e       ?FindHandlerForForeignException@@YAXPAUEHExceptionRecord@@PAUEHRegistrationNode@@PAU_CONTEXT@@PAXPBU_s_FuncInfo@@HH1@Z 10051c8e f   libcmt:frame.obj
 0001:00050d38       ?TypeMatch@@YAHPBU_s_HandlerType@@PBU_s_CatchableType@@PBU_s_ThrowInfo@@@Z 10051d38 f   libcmt:frame.obj
 0001:00050e33       ?FrameUnwindFilter@@YAHPAU_EXCEPTION_POINTERS@@@Z 10051e33 f   libcmt:frame.obj
 0001:00050e49       ?CatchIt@@YAXPAUEHExceptionRecord@@PAUEHRegistrationNode@@PAU_CONTEXT@@PAXPBU_s_FuncInfo@@PBU_s_HandlerType@@PBU_s_CatchableType@@PBU_s_TryBlockMapEntry@@H1E@Z 10051e49 f   libcmt:frame.obj
 0001:00050ec4       ?CallCatchBlock@@YAPAXPAUEHExceptionRecord@@PAUEHRegistrationNode@@PAU_CONTEXT@@PBU_s_FuncInfo@@PAXHK@Z 10051ec4 f   libcmt:frame.obj
 0001:00050fdf       ?ExFilterRethrow@@YAHPAU_EXCEPTION_POINTERS@@@Z 10051fdf f   libcmt:frame.obj
 0001:00051009       ?BuildCatchObject@@YAXPAUEHExceptionRecord@@PAUEHRegistrationNode@@PBU_s_HandlerType@@PBU_s_CatchableType@@@Z 10052009 f   libcmt:frame.obj
 0001:00051234       ?AdjustPointer@@YAPAXPAXABUPMD@@@Z 10052234 f   libcmt:frame.obj
 0001:0005088a       _findenv                   1005188a f   libcmt:setenv.obj
 0001:000508e2       _copy_environ              100518e2 f   libcmt:setenv.obj
 0001:0004f8e4       label0                     100508e4 f   libcmt:adj_fdiv.obj
 0001:0004f8ea       label1                     100508ea f   libcmt:adj_fdiv.obj
 0001:0004f8ef       label2                     100508ef f   libcmt:adj_fdiv.obj
 0001:0004f8f5       label3                     100508f5 f   libcmt:adj_fdiv.obj
 0001:0004f8fa       label4                     100508fa f   libcmt:adj_fdiv.obj
 0001:0004f900       label5                     10050900 f   libcmt:adj_fdiv.obj
 0001:0004f906       label6                     10050906 f   libcmt:adj_fdiv.obj
 0001:0004f90c       label7                     1005090c f   libcmt:adj_fdiv.obj
 0001:0004f912       label8                     10050912 f   libcmt:adj_fdiv.obj
 0001:0004f92e       label9                     1005092e f   libcmt:adj_fdiv.obj
 0001:0004f933       label10                    10050933 f   libcmt:adj_fdiv.obj
 0001:0004f949       label11                    10050949 f   libcmt:adj_fdiv.obj
 0001:0004f94e       label12                    1005094e f   libcmt:adj_fdiv.obj
 0001:0004f96a       label13                    1005096a f   libcmt:adj_fdiv.obj
 0001:0004f97a       label14                    1005097a f   libcmt:adj_fdiv.obj
 0001:0004f98e       label15                    1005098e f   libcmt:adj_fdiv.obj
 0001:0004f99e       label16                    1005099e f   libcmt:adj_fdiv.obj
 0001:0004f9be       label17                    100509be f   libcmt:adj_fdiv.obj
 0001:0004f9c3       label18                    100509c3 f   libcmt:adj_fdiv.obj
 0001:0004f9dd       label19                    100509dd f   libcmt:adj_fdiv.obj
 0001:0004f9e2       label20                    100509e2 f   libcmt:adj_fdiv.obj
 0001:0004fa02       label21                    10050a02 f   libcmt:adj_fdiv.obj
 0001:0004fa16       label22                    10050a16 f   libcmt:adj_fdiv.obj
 0001:0004fa2e       label23                    10050a2e f   libcmt:adj_fdiv.obj
 0001:0004fa42       label24                    10050a42 f   libcmt:adj_fdiv.obj
 0001:0004fa62       label25                    10050a62 f   libcmt:adj_fdiv.obj
 0001:0004fa67       label26                    10050a67 f   libcmt:adj_fdiv.obj
 0001:0004fa81       label27                    10050a81 f   libcmt:adj_fdiv.obj
 0001:0004fa86       label28                    10050a86 f   libcmt:adj_fdiv.obj
 0001:0004faa6       label29                    10050aa6 f   libcmt:adj_fdiv.obj
 0001:0004faba       label30                    10050aba f   libcmt:adj_fdiv.obj
 0001:0004fad2       label31                    10050ad2 f   libcmt:adj_fdiv.obj
 0001:0004fae6       label32                    10050ae6 f   libcmt:adj_fdiv.obj
 0001:0004fb06       label33                    10050b06 f   libcmt:adj_fdiv.obj
 0001:0004fb0b       label34                    10050b0b f   libcmt:adj_fdiv.obj
 0001:0004fb25       label35                    10050b25 f   libcmt:adj_fdiv.obj
 0001:0004fb2a       label36                    10050b2a f   libcmt:adj_fdiv.obj
 0001:0004fb4a       label37                    10050b4a f   libcmt:adj_fdiv.obj
 0001:0004fb5e       label38                    10050b5e f   libcmt:adj_fdiv.obj
 0001:0004fb76       label39                    10050b76 f   libcmt:adj_fdiv.obj
 0001:0004fb8a       label40                    10050b8a f   libcmt:adj_fdiv.obj
 0001:0004fbaa       label41                    10050baa f   libcmt:adj_fdiv.obj
 0001:0004fbaf       label42                    10050baf f   libcmt:adj_fdiv.obj
 0001:0004fbc9       label43                    10050bc9 f   libcmt:adj_fdiv.obj
 0001:0004fbce       label44                    10050bce f   libcmt:adj_fdiv.obj
 0001:0004fbee       label45                    10050bee f   libcmt:adj_fdiv.obj
 0001:0004fc02       label46                    10050c02 f   libcmt:adj_fdiv.obj
 0001:0004fc1a       label47                    10050c1a f   libcmt:adj_fdiv.obj
 0001:0004fc2e       label48                    10050c2e f   libcmt:adj_fdiv.obj
 0001:0004fc4e       label49                    10050c4e f   libcmt:adj_fdiv.obj
 0001:0004fc53       label50                    10050c53 f   libcmt:adj_fdiv.obj
 0001:0004fc6d       label51                    10050c6d f   libcmt:adj_fdiv.obj
 0001:0004fc72       label52                    10050c72 f   libcmt:adj_fdiv.obj
 0001:0004fc92       label53                    10050c92 f   libcmt:adj_fdiv.obj
 0001:0004fca6       label54                    10050ca6 f   libcmt:adj_fdiv.obj
 0001:0004fcbe       label55                    10050cbe f   libcmt:adj_fdiv.obj
 0001:0004fcd2       label56                    10050cd2 f   libcmt:adj_fdiv.obj
 0001:0004fcf2       label57                    10050cf2 f   libcmt:adj_fdiv.obj
 0001:0004fcf7       label58                    10050cf7 f   libcmt:adj_fdiv.obj
 0001:0004fd11       label59                    10050d11 f   libcmt:adj_fdiv.obj
 0001:0004fd16       label60                    10050d16 f   libcmt:adj_fdiv.obj
 0001:0004fd36       label61                    10050d36 f   libcmt:adj_fdiv.obj
 0001:0004fd4a       label62                    10050d4a f   libcmt:adj_fdiv.obj
 0001:0004fd62       label63                    10050d62 f   libcmt:adj_fdiv.obj
 0001:0004f319       __get_fname                10050319 f   libcmt:fpexcept.obj
 0001:0004e551       fFEXP                      1004f551 f   libcmt:87tran.obj
 0001:0004e691       _rtforexpinf               1004f691 f   libcmt:87tran.obj
 0001:0004e26f       __cftoe2                   1004f26f f   libcmt:cvt.obj
 0001:0004e386       __cftof2                   1004f386 f   libcmt:cvt.obj
 0001:0004e511       __shift                    1004f511 f   libcmt:cvt.obj
 0001:0004d9ab       _parse_cmdline             1004e9ab f   libcmt:stdargv.obj
 0001:0004d276       _getSystemCP               1004e276 f   libcmt:mbctype.obj
 0001:0004d2c0       _CPtoLCID                  1004e2c0 f   libcmt:mbctype.obj
 0001:0004d2f3       _setSBCS                   1004e2f3 f   libcmt:mbctype.obj
 0001:0004d31c       _setSBUpLow                1004e31c f   libcmt:mbctype.obj
 0001:0004cddb       __make_time_t              1004dddb f   libcmt:mktime.obj
 0001:0004c8f1       _strtoxl                   1004d8f1 f   libcmt:strtol.obj
 0001:0004c809       _doexit                    1004d809 f   libcmt:crt0dat.obj
 0001:0004c8c0       __initterm                 1004d8c0 f   libcmt:crt0dat.obj
 0001:0004bda0       LeadUp1                    1004cda0 f   libcmt:memcpy.obj
 0001:0004bdcc       LeadUp2                    1004cdcc f   libcmt:memcpy.obj
 0001:0004bdf0       LeadUp3                    1004cdf0 f   libcmt:memcpy.obj
 0001:0004be6f       UnwindUp0                  1004ce6f f   libcmt:memcpy.obj
 0001:0004be5c       UnwindUp1                  1004ce5c f   libcmt:memcpy.obj
 0001:0004be54       UnwindUp2                  1004ce54 f   libcmt:memcpy.obj
 0001:0004be4c       UnwindUp3                  1004ce4c f   libcmt:memcpy.obj
 0001:0004be44       UnwindUp4                  1004ce44 f   libcmt:memcpy.obj
 0001:0004be3c       UnwindUp5                  1004ce3c f   libcmt:memcpy.obj
 0001:0004be34       UnwindUp6                  1004ce34 f   libcmt:memcpy.obj
 0001:0004be2c       UnwindUp7                  1004ce2c f   libcmt:memcpy.obj
 0001:0004be88       TrailUp0                   1004ce88 f   libcmt:memcpy.obj
 0001:0004be90       TrailUp1                   1004ce90 f   libcmt:memcpy.obj
 0001:0004be9c       TrailUp2                   1004ce9c f   libcmt:memcpy.obj
 0001:0004beb0       TrailUp3                   1004ceb0 f   libcmt:memcpy.obj
 0001:0004bf28       LeadDown1                  1004cf28 f   libcmt:memcpy.obj
 0001:0004bf48       LeadDown2                  1004cf48 f   libcmt:memcpy.obj
 0001:0004bf70       LeadDown3                  1004cf70 f   libcmt:memcpy.obj
 0001:0004bfc4       UnwindDown7                1004cfc4 f   libcmt:memcpy.obj
 0001:0004bfcc       UnwindDown6                1004cfcc f   libcmt:memcpy.obj
 0001:0004bfd4       UnwindDown5                1004cfd4 f   libcmt:memcpy.obj
 0001:0004bfdc       UnwindDown4                1004cfdc f   libcmt:memcpy.obj
 0001:0004bfe4       UnwindDown3                1004cfe4 f   libcmt:memcpy.obj
 0001:0004bfec       UnwindDown2                1004cfec f   libcmt:memcpy.obj
 0001:0004bff4       UnwindDown1                1004cff4 f   libcmt:memcpy.obj
 0001:0004c007       UnwindDown0                1004d007 f   libcmt:memcpy.obj
 0001:0004c020       TrailDown0                 1004d020 f   libcmt:memcpy.obj
 0001:0004c028       TrailDown1                 1004d028 f   libcmt:memcpy.obj
 0001:0004c038       TrailDown2                 1004d038 f   libcmt:memcpy.obj
 0001:0004c04c       TrailDown3                 1004d04c f   libcmt:memcpy.obj
 0001:0004a8b6       _x64toa@20                 1004b8b6 f   libcmt:xtoa.obj
 0001:0004a5c0       LeadUp1                    1004b5c0 f   libcmt:memmove.obj
 0001:0004a5ec       LeadUp2                    1004b5ec f   libcmt:memmove.obj
 0001:0004a610       LeadUp3                    1004b610 f   libcmt:memmove.obj
 0001:0004a68f       UnwindUp0                  1004b68f f   libcmt:memmove.obj
 0001:0004a67c       UnwindUp1                  1004b67c f   libcmt:memmove.obj
 0001:0004a674       UnwindUp2                  1004b674 f   libcmt:memmove.obj
 0001:0004a66c       UnwindUp3                  1004b66c f   libcmt:memmove.obj
 0001:0004a664       UnwindUp4                  1004b664 f   libcmt:memmove.obj
 0001:0004a65c       UnwindUp5                  1004b65c f   libcmt:memmove.obj
 0001:0004a654       UnwindUp6                  1004b654 f   libcmt:memmove.obj
 0001:0004a64c       UnwindUp7                  1004b64c f   libcmt:memmove.obj
 0001:0004a6a8       TrailUp0                   1004b6a8 f   libcmt:memmove.obj
 0001:0004a6b0       TrailUp1                   1004b6b0 f   libcmt:memmove.obj
 0001:0004a6bc       TrailUp2                   1004b6bc f   libcmt:memmove.obj
 0001:0004a6d0       TrailUp3                   1004b6d0 f   libcmt:memmove.obj
 0001:0004a748       LeadDown1                  1004b748 f   libcmt:memmove.obj
 0001:0004a768       LeadDown2                  1004b768 f   libcmt:memmove.obj
 0001:0004a790       LeadDown3                  1004b790 f   libcmt:memmove.obj
 0001:0004a7e4       UnwindDown7                1004b7e4 f   libcmt:memmove.obj
 0001:0004a7ec       UnwindDown6                1004b7ec f   libcmt:memmove.obj
 0001:0004a7f4       UnwindDown5                1004b7f4 f   libcmt:memmove.obj
 0001:0004a7fc       UnwindDown4                1004b7fc f   libcmt:memmove.obj
 0001:0004a804       UnwindDown3                1004b804 f   libcmt:memmove.obj
 0001:0004a80c       UnwindDown2                1004b80c f   libcmt:memmove.obj
 0001:0004a814       UnwindDown1                1004b814 f   libcmt:memmove.obj
 0001:0004a827       UnwindDown0                1004b827 f   libcmt:memmove.obj
 0001:0004a840       TrailDown0                 1004b840 f   libcmt:memmove.obj
 0001:0004a848       TrailDown1                 1004b848 f   libcmt:memmove.obj
 0001:0004a858       TrailDown2                 1004b858 f   libcmt:memmove.obj
 0001:0004a86c       TrailDown3                 1004b86c f   libcmt:memmove.obj
 0001:00049eb0       _gu_return                 1004aeb0 f   libcmt:exsup.obj
 0001:00049eb8       __unwind_handler           1004aeb8 f   libcmt:exsup.obj
 0001:00049ccb       ?CatchGuardHandler@@YA?AW4_EXCEPTION_DISPOSITION@@PAUEHExceptionRecord@@PAUCatchGuardRN@@PAX2@Z 1004accb f   libcmt:trnsctrl.obj
 0001:00049da6       ?TranslatorGuardHandler@@YA?AW4_EXCEPTION_DISPOSITION@@PAUEHExceptionRecord@@PAUTranslatorGuardRN@@PAX2@Z 1004ada6 f   libcmt:trnsctrl.obj
 0001:00049904       fFMOD                      1004a904 f   libcmt:87fmod.obj

 4872 bytes saved through ICF

